
 num     #instances         #bytes  class name
----------------------------------------------
   1:       1632381      266887344  [C
   2:        466648      193058144  [I
   3:         51907       27703720  [B
   4:        870775       20898600  java.lang.String
   5:         17064        7449056  [Z
   6:         92074        6670864  [Ljava.lang.Object;
   7:         93198        5964672  java.util.regex.Matcher
   8:         67461        5936568  java.lang.reflect.Method
   9:         79802        5745744  java.util.regex.Pattern
  10:         88337        5653568  java.net.URL
  11:         79639        4459784  [Ljava.util.regex.Pattern$GroupHead;
  12:         52004        4156616  [S
  13:         97412        3896480  java.util.LinkedHashMap$Entry
  14:        155100        3259512  [Ljava.lang.Class;
  15:         30550        3203592  [Ljava.util.HashMap$Node;
  16:         99460        2387040  java.lang.StringBuilder
  17:         65364        2091648  java.util.concurrent.locks.AbstractQueuedSynchronizer$Node
  18:         79789        1914936  java.util.regex.Pattern$Slice
  19:         79726        1913424  java.util.regex.Pattern$Start
  20:         79589        1910136  java.util.regex.Pattern$TreeInfo
  21:         79331        1903944  org.springframework.boot.loader.jar.JarURLConnection$JarEntryName
  22:         53136        1700352  java.util.HashMap$Node
  23:         48276        1544832  java.util.concurrent.ConcurrentHashMap$Node
  24:         27063        1299024  java.util.HashMap
  25:         10707        1190320  java.lang.Class
  26:         29611        1184440  java.util.HashMap$KeyIterator
  27:         20206        1131536  java.util.LinkedHashMap
  28:         23672         985032  [Ljava.lang.String;
  29:         27849         891168  java.lang.ref.WeakReference
  30:         24225         846184  [Ljava.lang.reflect.Method;
  31:         11738         845136  java.lang.reflect.Field
  32:         17011         816528  org.springframework.core.ResolvableType
  33:         33306         799344  java.util.ArrayList
  34:           424         703200  [Ljava.util.concurrent.ConcurrentHashMap$Node;
  35:           435         591600  [Lsun.security.ssl.CipherSuite;
  36:          6936         554880  org.springframework.boot.loader.jar.JarURLConnection
  37:         32187         514992  java.lang.Object
  38:         12417         496680  java.lang.ref.SoftReference
  39:         18640         466704  [Ljava.lang.reflect.Type;
  40:         16817         403608  java.lang.Class$MethodArray
  41:         20220         392104  [Ljava.lang.annotation.Annotation;
  42:          6992         391552  java.beans.MethodDescriptor
  43:          9360         374400  org.springframework.util.ConcurrentReferenceHashMap$Segment
  44:         15232         365568  java.beans.MethodRef
  45:         10547         337504  java.util.concurrent.locks.ReentrantLock$NonfairSync
  46:         10115         323680  java.util.LinkedHashMap$LinkedKeyIterator
  47:         10078         322496  java.util.LinkedList
  48:          9898         316736  java.lang.ref.ReferenceQueue
  49:          2821         315952  org.springframework.boot.loader.jar.JarEntry
  50:          7817         312680  org.springframework.boot.loader.data.RandomAccessDataFile
  51:          3235         310560  sun.util.calendar.Gregorian$Date
  52:         19256         308096  java.util.HashSet
  53:          3732         298560  java.lang.reflect.Constructor
  54:          9522         294864  [Lorg.springframework.util.ConcurrentReferenceHashMap$Reference;
  55:          4359         278976  org.springframework.core.MethodParameter
  56:          8654         276928  java.lang.NoSuchMethodException
  57:          7827         250464  sun.security.util.DerInputBuffer
  58:          6218         248720  java.util.TreeMap$Entry
  59:          7370         235840  java.util.ArrayList$Itr
  60:          9360         224640  org.springframework.util.ConcurrentReferenceHashMap$ReferenceManager
  61:          4546         218208  org.springframework.util.ConcurrentReferenceHashMap$SoftEntryReference
  62:          4520         216960  java.util.zip.Inflater
  63:          5335         213400  java.io.FileDescriptor
  64:          8825         211800  org.springframework.core.annotation.AnnotatedElementUtils$MergedAnnotationAttributesProcessor
  65:          8739         209736  java.util.LinkedList$Node
  66:          8709         209016  sun.security.util.DerInputStream
  67:          6447         206304  sun.security.util.DerValue
  68:          4776         191040  java.lang.ref.Finalizer
  69:          7571         181704  org.springframework.boot.loader.data.RandomAccessDataFile$DataInputStream
  70:          1891         181536  org.springframework.beans.GenericTypeAwarePropertyDescriptor
  71:          5623         179936  java.util.LinkedHashMap$LinkedValueIterator
  72:          1521         170352  java.util.GregorianCalendar
  73:          5312         169984  java.io.RandomAccessFile
  74:          5099         163168  java.util.AbstractList$Itr
  75:          3340         160320  [Lorg.springframework.boot.bind.RelaxedNames$Manipulation;
  76:          3975         159000  java.util.ArrayList$SubList
  77:          3975         159000  java.util.ArrayList$SubList$1
  78:          9900         158400  java.lang.ref.ReferenceQueue$Lock
  79:          4901         156832  java.util.Hashtable$Entry
  80:          9397         150352  org.springframework.core.ResolvableType$DefaultVariableResolver
  81:          9356         149696  java.lang.Integer
  82:          2072         149184  org.springframework.core.annotation.AnnotationAttributes
  83:          2055         147960  java.beans.PropertyDescriptor
  84:          9180         146880  java.util.LinkedHashSet
  85:          4390         140480  org.springframework.core.SerializableTypeWrapper$MethodParameterTypeProvider
  86:          2912         139776  freemarker.core.Token
  87:          8542         136672  java.util.Collections$UnmodifiableSet
  88:          2301         128856  java.lang.Class$ReflectionData
  89:          3938         126440  [[Ljava.lang.annotation.Annotation;
  90:          3801         121632  org.springframework.boot.loader.jar.AsciiBytes
  91:          5009         120216  sun.reflect.generics.tree.SimpleClassTypeSignature
  92:          2774         110960  java.lang.ClassNotFoundException
  93:          2268         108864  org.springframework.boot.loader.jar.ZipInflaterInputStream
  94:          4520         108480  java.util.zip.ZStreamRef
  95:          6766         108256  java.util.HashMap$KeySet
  96:          4129          99096  com.sun.jersey.core.reflection.ReflectionHelper$9
  97:          5391          98216  [Lsun.reflect.generics.tree.TypeArgument;
  98:          4009          96216  java.util.Arrays$ArrayList
  99:           583          94376  [Ljava.util.Hashtable$Entry;
 100:          3826          91824  org.springframework.core.convert.converter.GenericConverter$ConvertiblePair
 101:          4956          88704  [Ljava.lang.reflect.TypeVariable;
 102:          3695          88680  java.util.Collections$UnmodifiableCollection$1
 103:          3665          87960  java.util.Collections$1
 104:          2744          87808  java.util.Collections$UnmodifiableMap
 105:          1816          87168  java.util.StringTokenizer
 106:           515          86520  org.springframework.context.annotation.ConfigurationClassBeanDefinitionReader$ConfigurationClassBeanDefinition
 107:          3579          85896  java.net.URLClassLoader$1
 108:          3496          83904  java.util.jar.Attributes$Name
 109:          4983          79728  java.util.LinkedHashMap$LinkedKeySet
 110:          4780          76480  org.springframework.core.convert.support.GenericConversionService$ConvertersForPair
 111:          3131          75144  org.springframework.util.ConcurrentReferenceHashMap$Entry
 112:          1685          74248  [Ljava.lang.reflect.Field;
 113:          4622          73952  sun.reflect.generics.tree.ClassTypeSignature
 114:          2914          71120  [Lorg.springframework.core.ResolvableType;
 115:          2190          70080  org.springframework.beans.BeanWrapperImpl$BeanPropertyHandler
 116:            75          67880  [J
 117:          1028          65792  java.util.concurrent.ConcurrentHashMap
 118:          1942          62144  sun.security.util.ObjectIdentifier
 119:          1540          61600  sun.nio.cs.UTF_8$Decoder
 120:          1511          60440  org.springframework.boot.loader.jar.CentralDirectoryFileHeader
 121:           684          60192  java.util.jar.JarEntry
 122:          3737          59792  org.springframework.core.annotation.AnnotationUtils$DefaultValueHolder
 123:          2491          59784  org.springframework.core.SerializableTypeWrapper$2
 124:          2768          59064  [Lsun.reflect.generics.tree.FieldTypeSignature;
 125:          1411          56440  java.util.HashMap$EntryIterator
 126:          3522          56352  java.util.Collections$SingletonSet
 127:          1740          55680  java.util.Vector
 128:          2291          54984  java.util.Collections$UnmodifiableRandomAccessList
 129:           964          53984  sun.nio.cs.UTF_8$Encoder
 130:          1106          53088  org.springframework.beans.PropertyValue
 131:          1242          49680  java.math.BigInteger
 132:          1204          49656  [Ljava.beans.PropertyDescriptor;
 133:          2065          49560  sun.reflect.annotation.AnnotationInvocationHandler
 134:          1532          49024  com.sun.jersey.core.reflection.AnnotatedMethod
 135:          2965          47440  java.util.LinkedHashMap$LinkedEntrySet
 136:           585          46800  [Lorg.springframework.util.ConcurrentReferenceHashMap$Segment;
 137:           729          46656  org.hibernate.validator.internal.metadata.raw.ConstrainedExecutable
 138:           288          46080  org.springframework.beans.factory.support.RootBeanDefinition
 139:           942          45216  java.util.TreeMap
 140:           925          44400  org.apache.tomcat.util.modeler.AttributeInfo
 141:          1104          44160  org.springframework.core.convert.Property
 142:           683          43712  sun.nio.fs.WindowsFileAttributes
 143:           678          43392  org.hibernate.validator.internal.metadata.aggregated.ExecutableMetaData
 144:          1778          42672  sun.security.util.DerOutputStream
 145:           755          42280  java.lang.Package
 146:          1754          42096  sun.reflect.generics.visitor.Reifier
 147:          1731          41544  java.lang.StringBuffer
 148:          1705          40920  sun.reflect.generics.reflectiveObjects.ParameterizedTypeImpl
 149:          1497          39960  [Lsun.security.util.DerValue;
 150:          1241          39712  java.io.FileNotFoundException
 151:           705          39480  sun.nio.cs.ISO_8859_1$Encoder
 152:           409          39032  [Ljava.beans.MethodDescriptor;
 153:          1622          38928  org.springframework.core.annotation.AnnotationUtils$AnnotationCacheKey
 154:          1614          38736  java.io.ByteArrayOutputStream
 155:          1657          38640  [Ljava.lang.reflect.Constructor;
 156:          1195          38240  java.security.CodeSource
 157:          1189          38048  java.util.LinkedHashMap$LinkedEntryIterator
 158:           944          37760  java.util.WeakHashMap$Entry
 159:          1540          36960  sun.reflect.generics.factory.CoreReflectionFactory
 160:          1114          35648  [Lorg.springframework.boot.bind.RelaxedNames$Variation;
 161:            77          35488  [Ljava.net.URL;
 162:           628          35168  java.util.concurrent.ConcurrentHashMap$KeyIterator
 163:          2181          34896  java.util.HashMap$EntrySet
 164:           871          34840  sun.reflect.generics.repository.MethodRepository
 165:          2125          34000  java.util.jar.Attributes
 166:           683          32784  sun.nio.fs.WindowsPath$WindowsPathWithAttributes
 167:          1360          32632  [Ljava.security.cert.Certificate;
 168:           678          32544  org.hibernate.validator.internal.metadata.aggregated.ReturnValueMetaData
 169:           397          31760  org.springframework.beans.BeanWrapperImpl
 170:            30          31200  [[C
 171:          1291          30984  org.springframework.beans.MutablePropertyValues
 172:           955          30560  sun.misc.URLClassPath$Loader$1
 173:          1273          30552  java.util.concurrent.ConcurrentLinkedQueue$Node
 174:           619          29712  java.nio.HeapByteBuffer
 175:          1856          29696  org.springframework.core.SerializableTypeWrapper$1
 176:           922          29504  java.util.LinkedList$ListItr
 177:           920          29440  sun.reflect.generics.tree.MethodTypeSignature
 178:          1828          29248  sun.reflect.ConstantPool
 179:          1214          29136  com.sun.activation.registries.MimeTypeEntry
 180:          1790          28640  java.util.LinkedHashMap$LinkedValues
 181:           894          28608  sun.security.util.ManifestDigester$Section
 182:          1166          27984  org.springframework.beans.BeanMetadataAttribute
 183:           874          27968  java.util.TreeMap$EntryIterator
 184:          1151          27624  org.springframework.core.convert.TypeDescriptor
 185:          1151          27624  org.springframework.core.convert.TypeDescriptor$AnnotatedElementAdapter
 186:           570          27360  ch.qos.logback.classic.Logger
 187:          1124          26976  org.springframework.beans.AbstractNestablePropertyAccessor$PropertyTokenHolder
 188:          1113          26712  org.springframework.boot.bind.RelaxedNames
 189:           825          26400  java.io.ByteArrayInputStream
 190:           879          25912  [Lcom.sun.jersey.core.reflection.AnnotatedMethod;
 191:           402          25728  org.springframework.asm.Label
 192:          1056          25344  org.hibernate.validator.internal.metadata.location.ConstraintLocation
 193:          1053          25272  java.lang.Class$AnnotationData
 194:           521          25008  java.util.concurrent.locks.ReentrantReadWriteLock$NonfairSync
 195:          1030          24720  sun.reflect.NativeConstructorAccessorImpl
 196:           920          24584  [Lsun.reflect.generics.tree.TypeSignature;
 197:           993          23832  java.util.Collections$SynchronizedSet
 198:           588          23520  sun.nio.fs.WindowsPath
 199:           488          23424  java.util.Hashtable$Enumerator
 200:           585          23400  org.springframework.util.ConcurrentReferenceHashMap
 201:           962          23088  sun.misc.ProxyGenerator$ConstantPool$IndirectEntry
 202:           952          22848  org.springframework.beans.factory.support.MethodOverrides
 203:           950          22800  org.springframework.beans.factory.config.ConstructorArgumentValues
 204:           203          22640  [Ljava.util.WeakHashMap$Entry;
 205:           898          21552  java.security.Provider$ServiceKey
 206:           894          21456  sun.security.util.ManifestDigester$Entry
 207:           880          21120  [Lsun.security.x509.AVA;
 208:           880          21120  sun.security.x509.AVA
 209:           880          21120  sun.security.x509.RDN
 210:          1216          20912  [Lsun.reflect.generics.tree.FormalTypeParameter;
 211:           871          20904  sun.reflect.generics.scope.MethodScope
 212:           285          20520  org.springframework.core.type.classreading.AnnotationMetadataReadingVisitor
 213:           636          20352  java.util.RegularEnumSet
 214:          1042          20000  [Ljava.lang.reflect.Parameter;
 215:           409          19632  java.beans.BeanDescriptor
 216:           406          19488  java.util.Hashtable
 217:           346          19376  org.springframework.core.type.classreading.MethodMetadataReadingVisitor
 218:          1201          19216  org.hibernate.validator.internal.metadata.aggregated.GroupConversionHelper
 219:           400          19200  org.apache.tomcat.util.modeler.OperationInfo
 220:           596          19072  org.springframework.asm.Type
 221:           384          19064  [Ljava.security.ProtectionDomain;
 222:           335          18760  sun.security.ssl.CipherSuite
 223:          1166          18656  java.util.Collections$UnmodifiableMap$UnmodifiableEntrySet
 224:           759          18216  sun.reflect.generics.scope.ClassScope
 225:           557          17824  javax.management.MBeanAttributeInfo
 226:           739          17736  org.hibernate.validator.internal.metadata.raw.ExecutableElement$MethodElement
 227:           732          17568  sun.security.x509.X509AttributeName
 228:           731          17544  org.springframework.core.MethodIntrospector$1
 229:           730          17520  org.springframework.cglib.core.Signature
 230:          1074          17184  sun.reflect.DelegatingConstructorAccessorImpl
 231:           705          16920  sun.nio.cs.Surrogate$Parser
 232:           702          16768  [Ljava.security.CodeSigner;
 233:            44          16544  java.lang.Thread
 234:           686          16464  sun.nio.fs.WindowsPathParser$Result
 235:           409          16360  java.beans.GenericBeanInfo
 236:           407          16280  java.lang.reflect.Parameter
 237:           288          16128  org.hibernate.validator.internal.util.ConcurrentReferenceHashMap$Segment
 238:           402          16080  java.util.HashMap$ValueIterator
 239:             1          16016  [Lorg.springframework.boot.actuate.audit.AuditEvent;
 240:           330          15840  java.nio.HeapCharBuffer
 241:           660          15840  org.springframework.beans.factory.annotation.InjectionMetadata
 242:           174          15312  org.springframework.beans.ExtendedBeanInfo$SimplePropertyDescriptor
 243:           266          14896  org.hibernate.validator.internal.metadata.raw.ConstrainedParameter
 244:           616          14784  org.springframework.http.MediaType
 245:           457          14624  sun.security.x509.AlgorithmId
 246:           578          14616  [Lorg.springframework.asm.Type;
 247:           260          14560  freemarker.core.TextBlock
 248:           603          14472  java.util.concurrent.CopyOnWriteArrayList
 249:           601          14424  sun.security.util.BitArray
 250:           442          14144  sun.reflect.generics.reflectiveObjects.WildcardTypeImpl
 251:           883          14128  java.util.concurrent.locks.ReentrantLock
 252:           294          14112  org.hibernate.validator.internal.metadata.aggregated.ParameterMetaData
 253:           579          13896  java.util.concurrent.CopyOnWriteArrayList$COWIterator
 254:           212          13568  org.springframework.util.LinkedCaseInsensitiveMap$1
 255:           278          13344  java.util.logging.LogManager$LoggerWeakRef
 256:           230          12880  java.security.Provider$Service
 257:           322          12880  org.springframework.beans.factory.annotation.InitDestroyAnnotationBeanPostProcessor$LifecycleMetadata
 258:           402          12864  org.springframework.core.convert.support.GenericConversionService$ConverterAdapter
 259:           229          12824  org.hibernate.validator.internal.metadata.aggregated.PropertyMetaData
 260:           534          12816  sun.reflect.generics.parser.SignatureParser
 261:           228          12768  java.lang.invoke.MemberName
 262:           227          12712  java.util.ResourceBundle$CacheKey
 263:           525          12600  com.fasterxml.classmate.members.RawMethod
 264:           522          12528  java.util.concurrent.locks.ReentrantReadWriteLock
 265:           520          12480  org.springframework.beans.TypeConverterDelegate
 266:           130          12480  org.springframework.boot.loader.jar.JarFile
 267:           111          12432  org.springframework.beans.factory.annotation.AnnotatedGenericBeanDefinition
 268:           515          12360  org.springframework.util.MimeType
 269:           772          12352  org.springframework.util.LinkedMultiValueMap
 270:           513          12312  java.util.concurrent.atomic.AtomicLong
 271:           211          12216  [Lfreemarker.core.TemplateElement;
 272:           508          12192  java.util.Date
 273:           507          12168  sun.reflect.NativeMethodAccessorImpl
 274:           303          12120  org.springframework.util.ConcurrentReferenceHashMap$Segment$1
 275:           299          11856  [Lorg.hibernate.validator.internal.util.ConcurrentReferenceHashMap$HashEntry;
 276:           360          11520  org.springframework.util.ConcurrentReferenceHashMap$1
 277:           471          11304  java.net.URLClassLoader$2
 278:           280          11200  javax.management.MBeanOperationInfo
 279:           460          11040  org.springframework.boot.autoconfigure.condition.ConditionEvaluationReport$ConditionAndOutcome
 280:           460          11040  org.springframework.boot.autoconfigure.condition.ConditionOutcome
 281:           341          10912  sun.misc.FDBigInteger
 282:           227          10896  org.apache.tomcat.util.buf.ByteChunk
 283:           227          10896  sun.security.x509.X500Name
 284:           334          10688  com.netflix.servo.monitor.MonitorConfig
 285:           445          10680  sun.reflect.generics.tree.Wildcard
 286:           666          10656  java.lang.Short
 287:           147          10584  sun.reflect.DelegatingClassLoader
 288:           329          10528  org.springframework.cglib.proxy.MethodProxy
 289:           262          10480  freemarker.core.Identifier
 290:           654          10464  com.sun.jersey.core.reflection.MethodList
 291:           326          10432  java.lang.reflect.Proxy$Key1
 292:           216          10368  org.apache.tomcat.util.buf.CharChunk
 293:           212          10176  org.apache.tomcat.util.buf.MessageBytes
 294:           136           9792  java.util.logging.Logger
 295:           403           9672  com.netflix.servo.tag.BasicTag
 296:           297           9504  org.springframework.cglib.proxy.MethodProxy$CreateInfo
 297:           237           9480  java.io.BufferedInputStream
 298:           296           9472  sun.reflect.generics.repository.ClassRepository
 299:           197           9456  java.util.WeakHashMap
 300:           194           9312  org.hibernate.validator.internal.metadata.raw.ConstrainedField
 301:           290           9280  org.apache.tomcat.util.modeler.ParameterInfo
 302:           231           9240  java.security.ProtectionDomain
 303:           115           9200  org.springframework.boot.bind.RelaxedDataBinder
 304:           115           9200  org.springframework.boot.bind.RelaxedDataBinder$RelaxedBeanWrapper
 305:           317           9000  [Lcom.netflix.servo.tag.Tag;
 306:           139           8896  sun.security.provider.SHA2$SHA256
 307:           553           8848  sun.reflect.DelegatingMethodAccessorImpl
 308:           274           8768  sun.misc.FloatingDecimal$ASCIIToBinaryBuffer
 309:           363           8712  org.springframework.context.event.GenericApplicationListenerAdapter
 310:           362           8704  [Lorg.springframework.util.ConcurrentReferenceHashMap$TaskOption;
 311:           271           8672  java.util.Collections$SynchronizedMap
 312:           542           8672  java.util.TreeMap$EntrySet
 313:            84           8632  [Lorg.springframework.asm.Label;
 314:           179           8592  java.util.ResourceBundle$BundleReference
 315:           415           8584  [Lorg.apache.tomcat.util.modeler.ParameterInfo;
 316:           536           8576  javax.management.modelmbean.DescriptorSupport
 317:           268           8576  org.apache.tomcat.util.http.ValuesEnumerator
 318:           262           8384  java.lang.ThreadLocal$ThreadLocalMap$Entry
 319:           522           8352  java.util.concurrent.locks.ReentrantReadWriteLock$ReadLock
 320:           522           8352  java.util.concurrent.locks.ReentrantReadWriteLock$Sync$ThreadLocalHoldCounter
 321:           522           8352  java.util.concurrent.locks.ReentrantReadWriteLock$WriteLock
 322:           130           8320  org.springframework.boot.loader.jar.JarFileEntries$1
 323:           104           8320  sun.security.x509.X509CertImpl
 324:           341           8184  sun.security.x509.Extension
 325:           253           8096  java.util.logging.LogManager$LogNode
 326:           202           8080  org.springframework.core.SerializableTypeWrapper$MethodInvokeTypeProvider
 327:           332           7968  com.netflix.servo.tag.SmallTagMap$Builder
 328:           248           7936  javax.management.MBeanParameterInfo
 329:           330           7920  org.springframework.core.io.ClassPathResource
 330:           328           7872  freemarker.ext.beans.ClassIntrospector$MethodSignature
 331:           328           7872  org.springframework.beans.CachedIntrospectionResults
 332:           327           7848  com.netflix.servo.monitor.MonitorConfig$Builder
 333:           325           7800  sun.security.util.Cache$EqualByteArray
 334:           227           7776  [Lsun.security.x509.RDN;
 335:           241           7712  java.lang.invoke.LambdaForm$Name
 336:            95           7600  org.hibernate.validator.internal.metadata.aggregated.ExecutableMetaData$Builder
 337:           473           7568  org.springframework.boot.autoconfigure.condition.ConditionMessage
 338:           472           7552  org.springframework.core.convert.support.CollectionToArrayConverter
 339:           472           7552  org.springframework.core.convert.support.CollectionToStringConverter
 340:           314           7536  java.util.Collections$SingletonList
 341:           313           7512  com.netflix.servo.tag.BasicTagList
 342:           313           7512  com.netflix.servo.tag.SmallTagMap
 343:           115           7360  org.springframework.boot.bind.RelaxedDataBinder$RelaxedBeanPropertyBindingResult
 344:           227           7264  java.util.ResourceBundle$LoaderReference
 345:           296           7104  sun.reflect.generics.tree.ClassSignature
 346:           295           7080  java.util.regex.Pattern$GroupHead
 347:           295           7080  java.util.regex.Pattern$GroupTail
 348:           328           7064  [Ljavax.management.MBeanParameterInfo;
 349:            65           7056  [Ljava.lang.ThreadLocal$ThreadLocalMap$Entry;
 350:           219           7008  sun.reflect.UnsafeStaticObjectFieldAccessorImpl
 351:           285           6840  org.springframework.core.type.classreading.SimpleMetadataReader
 352:           212           6784  java.lang.invoke.MethodType$ConcurrentWeakInternSet$WeakEntry
 353:           212           6784  java.util.regex.Pattern$Curly
 354:           211           6752  java.io.File
 355:           281           6744  java.lang.Long
 356:           418           6688  java.util.concurrent.atomic.AtomicInteger
 357:           119           6664  org.springframework.core.env.PropertySourcesPropertyResolver
 358:           275           6600  java.util.Collections$UnmodifiableMap$UnmodifiableEntrySet$1
 359:           206           6592  org.springframework.jmx.export.metadata.ManagedAttribute
 360:           136           6528  sun.security.jca.ProviderList$ServiceList
 361:           161           6440  java.lang.invoke.MethodType
 362:           160           6400  java.security.AccessControlContext
 363:            88           6336  freemarker.core.DollarVariable
 364:           296           6328  [Lsun.reflect.generics.tree.ClassTypeSignature;
 365:            98           6272  java.beans.Introspector
 366:           130           6240  org.springframework.boot.loader.jar.JarFileEntries
 367:           260           6240  org.springframework.core.convert.support.GenericConversionService$ConverterFactoryAdapter
 368:           194           6208  sun.reflect.generics.reflectiveObjects.TypeVariableImpl
 369:           250           6000  sun.security.util.DisabledAlgorithmConstraints$DisabledConstraint
 370:           199           5992  [Ljavax.management.ObjectName$Property;
 371:           372           5952  org.springframework.boot.autoconfigure.condition.ConditionEvaluationReport$ConditionAndOutcomes
 372:           247           5936  [Ljava.security.cert.X509Certificate;
 373:           184           5888  org.springframework.core.annotation.AnnotationUtils$AnnotationCollector
 374:           368           5888  sun.reflect.generics.tree.TypeVariableSignature
 375:            98           5880  [Ljava.lang.ref.SoftReference;
 376:           182           5824  java.lang.reflect.WeakCache$CacheKey
 377:           182           5824  org.springframework.web.servlet.mvc.condition.ProducesRequestCondition$ProduceMediaTypeExpression
 378:           104           5824  sun.security.util.MemoryCache$SoftCacheEntry
 379:           104           5824  sun.security.x509.X509CertInfo
 380:           351           5808  [Lorg.springframework.beans.PropertyValue;
 381:            40           5760  sun.reflect.MethodAccessorGenerator
 382:           236           5664  org.springframework.core.convert.support.ArrayToArrayConverter
 383:           236           5664  org.springframework.core.convert.support.GenericConversionService$Converters
 384:           233           5592  org.apache.commons.logging.impl.SLF4JLocationAwareLog
 385:           174           5568  org.springframework.cglib.proxy.MethodProxy$FastClassInfo
 386:           115           5520  org.springframework.boot.bind.PropertiesConfigurationFactory
 387:           230           5520  org.springframework.boot.bind.RelaxedConversionService
 388:           230           5520  org.springframework.core.convert.support.GenericConversionService
 389:           342           5472  java.util.HashMap$Values
 390:            76           5472  javax.management.modelmbean.ModelMBeanInfoSupport
 391:           134           5360  org.springframework.web.context.request.ServletWebRequest
 392:           163           5216  sun.reflect.UnsafeObjectFieldAccessorImpl
 393:           325           5200  org.springframework.context.event.EventListenerMethodProcessor$1
 394:           214           5136  sun.security.jca.GetInstance$Instance
 395:           212           5088  java.lang.Double
 396:           318           5088  org.springframework.core.SerializableTypeWrapper$TypeProxyInvocationHandler
 397:           212           5088  org.springframework.util.LinkedCaseInsensitiveMap
 398:            76           5032  [Ljavax.management.MBeanAttributeInfo;
 399:           157           5024  sun.reflect.ClassFileAssembler
 400:           125           5000  java.util.IdentityHashMap
 401:           311           4976  org.springframework.util.AntPathMatcher$AntPatternComparator
 402:           206           4944  java.security.Provider$UString
 403:           154           4928  java.lang.reflect.WeakCache$CacheValue
 404:           306           4896  com.netflix.servo.tag.SmallTagMap$Builder$1
 405:           152           4864  java.security.MessageDigest$Delegate
 406:           202           4848  javax.management.ObjectName$Property
 407:           121           4840  com.google.common.collect.MapMakerInternalMap$WeakEntry
 408:           151           4832  java.util.zip.ZipCoder
 409:           301           4816  org.springframework.core.$Proxy0
 410:            75           4800  java.text.DateFormatSymbols
 411:           199           4776  sun.reflect.generics.tree.FormalTypeParameter
 412:           151           4720  [Ljava.util.regex.Pattern$Node;
 413:           196           4704  sun.reflect.annotation.AnnotationParser$1
 414:           194           4656  com.netflix.servo.tag.SmallTagMap$SmallTagIterator
 415:           194           4656  sun.security.provider.JavaKeyStore$TrustedCertEntry
 416:           115           4600  org.springframework.boot.bind.PropertySourcesPropertyValues
 417:           189           4536  javax.management.ImmutableDescriptor
 418:            47           4512  java.util.jar.JarFile$JarFileEntry
 419:            70           4480  java.text.DecimalFormatSymbols
 420:            62           4464  ch.qos.logback.classic.spi.LoggingEvent
 421:           273           4368  java.lang.Byte
 422:            91           4368  org.springframework.core.LocalVariableTableParameterNameDiscoverer$LocalVariableTableVisitor
 423:           109           4360  org.springframework.cglib.proxy.Enhancer$EnhancerKey$$KeyFactoryByCGLIB$$4ce19e8f
 424:           178           4272  java.io.ExpiringCache$Entry
 425:           178           4272  java.util.Collections$3
 426:            76           4256  java.nio.StringCharBuffer
 427:           176           4224  org.springframework.boot.context.embedded.MimeMappings$Mapping
 428:           176           4224  org.springframework.boot.context.properties.ConfigurationBeanFactoryMetaData$MetaData
 429:           174           4176  java.util.regex.Pattern$Single
 430:            87           4176  sun.security.rsa.RSAPublicKeyImpl
 431:           128           4096  com.sun.jmx.mbeanserver.ConvertingMethod
 432:           256           4096  java.lang.Boolean
 433:           127           4064  com.sun.org.apache.xerces.internal.xni.QName
 434:            28           4032  java.text.DecimalFormat
 435:           126           4032  java.util.TreeMap$ValueIterator
 436:           125           4000  java.util.AbstractList$ListItr
 437:           124           3968  java.util.Stack
 438:           124           3968  java.util.regex.Pattern$Branch
 439:            88           3952  [Ljava.lang.invoke.LambdaForm$Name;
 440:           241           3936  [Ljava.security.Principal;
 441:            82           3936  java.lang.invoke.LambdaForm
 442:           123           3936  sun.reflect.annotation.AnnotationType
 443:           144           3840  [Ljava.util.concurrent.atomic.AtomicLong;
 444:            10           3840  org.apache.tomcat.util.threads.TaskThread
 445:           119           3808  freemarker.core.FMParser$JJCalls
 446:            95           3800  org.hibernate.validator.internal.metadata.aggregated.BeanMetaDataImpl$BuilderDelegate
 447:           118           3776  java.util.ArrayList$ListItr
 448:           236           3776  org.springframework.core.convert.support.ArrayToCollectionConverter
 449:           236           3776  org.springframework.core.convert.support.ArrayToObjectConverter
 450:           236           3776  org.springframework.core.convert.support.ArrayToStringConverter
 451:           236           3776  org.springframework.core.convert.support.CollectionToCollectionConverter
 452:           236           3776  org.springframework.core.convert.support.CollectionToObjectConverter
 453:           236           3776  org.springframework.core.convert.support.MapToMapConverter
 454:           236           3776  org.springframework.core.convert.support.ObjectToArrayConverter
 455:           236           3776  org.springframework.core.convert.support.ObjectToCollectionConverter
 456:           236           3776  org.springframework.core.convert.support.StreamConverter
 457:           236           3776  org.springframework.core.convert.support.StringToArrayConverter
 458:           236           3776  org.springframework.core.convert.support.StringToCollectionConverter
 459:           157           3768  javax.xml.namespace.QName
 460:           157           3768  sun.reflect.ByteVectorImpl
 461:           117           3744  java.lang.StackTraceElement
 462:           141           3704  [Ljava.lang.annotation.ElementType;
 463:           231           3696  java.security.ProtectionDomain$Key
 464:            92           3680  java.io.ObjectStreamField
 465:           230           3680  org.springframework.boot.bind.RelaxedConversionService$StringToEnumIgnoringCaseConverterFactory
 466:           230           3680  org.springframework.boot.bind.StringToCharArrayConverter
 467:            65           3640  org.apache.tomcat.util.modeler.ManagedBean
 468:            75           3600  javax.management.MBeanInfo
 469:            90           3600  javax.management.ObjectName
 470:            74           3552  freemarker.core.Dot
 471:            44           3520  java.util.zip.ZipEntry
 472:            40           3520  org.apache.catalina.webresources.CachedResource
 473:           145           3480  java.util.ArrayDeque
 474:           216           3456  com.sun.proxy.$Proxy16
 475:           144           3456  javax.ws.rs.core.MediaType
 476:           108           3456  org.springframework.cglib.core.WeakCacheKey
 477:           108           3456  org.springframework.cglib.proxy.Enhancer$EnhancerFactoryData
 478:           144           3456  org.springframework.web.servlet.mvc.condition.ProducesRequestCondition
 479:           141           3424  [Lorg.springframework.web.bind.annotation.RequestMethod;
 480:            61           3416  jdk.internal.org.objectweb.asm.Item
 481:           105           3360  java.security.KeyFactory
 482:            32           3328  org.springframework.beans.factory.support.GenericBeanDefinition
 483:            40           3264  [Lcom.sun.xml.internal.bind.v2.util.QNameMap$Entry;
 484:            68           3264  java.util.WeakHashMap$KeyIterator
 485:           136           3264  sun.security.jca.ProviderList$ServiceList$1
 486:           134           3216  com.thoughtworks.xstream.core.util.PrioritizedList$PrioritizedItem
 487:           200           3200  sun.security.x509.CertificateVersion
 488:           133           3192  org.apache.tomcat.util.http.parser.Cookie$ByteBuffer
 489:           199           3184  sun.reflect.generics.tree.ArrayTypeSignature
 490:             6           3168  [Ljava.util.TimerTask;
 491:           198           3168  sun.misc.ProxyGenerator$ConstantPool$ValueEntry
 492:           131           3144  com.sun.beans.WildcardTypeImpl
 493:           130           3120  com.sun.jersey.core.reflection.MethodList$2
 494:           130           3120  com.sun.jersey.core.reflection.MethodList$3
 495:            97           3104  com.sun.xml.internal.bind.v2.util.QNameMap$Entry
 496:            97           3104  sun.security.x509.KeyUsageExtension
 497:           129           3096  org.springframework.core.env.MutablePropertySources
 498:           100           3088  [Ljavax.management.modelmbean.ModelMBeanOperationInfo;
 499:            77           3080  com.sun.jersey.core.header.reader.HttpHeaderReaderImpl
 500:            95           3040  sun.security.x509.BasicConstraintsExtension
 501:            63           3024  java.net.NetworkInterface
 502:           126           3024  org.springframework.boot.autoconfigure.condition.OnClassCondition
 503:            93           2976  sun.security.x509.SubjectKeyIdentifierExtension
 504:            37           2960  java.net.URI
 505:            61           2928  freemarker.core.StringLiteral
 506:            51           2912  [D
 507:            28           2912  [Ljava.lang.invoke.MethodHandle;
 508:            90           2880  java.util.Collections$UnmodifiableSortedMap
 509:            45           2880  javax.management.openmbean.OpenMBeanAttributeInfoSupport
 510:            90           2880  sun.security.jca.ProviderConfig
 511:            95           2864  [Ljavax.management.modelmbean.ModelMBeanAttributeInfo;
 512:            51           2856  java.lang.invoke.MethodTypeForm
 513:           118           2832  org.springframework.util.comparator.InvertibleComparator
 514:           117           2808  org.springframework.validation.DefaultMessageCodesResolver
 515:           115           2760  org.springframework.boot.bind.DefaultPropertyNamePatternsMatcher
 516:           115           2760  org.springframework.boot.bind.InetAddressEditor
 517:            86           2752  com.sun.xml.internal.bind.v2.runtime.Name
 518:           114           2736  org.springframework.boot.loader.jar.Handler
 519:           113           2712  sun.misc.URLClassPath$Loader
 520:           112           2688  java.util.regex.Pattern$BitClass
 521:           167           2672  com.sun.proxy.$Proxy20
 522:           111           2664  sun.reflect.Label$PatchInfo
 523:            83           2656  java.lang.invoke.DirectMethodHandle
 524:            55           2640  javax.management.modelmbean.ModelMBeanOperationInfo
 525:           108           2592  com.sun.jersey.core.reflection.ReflectionHelper$3
 526:           108           2592  java.lang.invoke.LambdaForm$NamedFunction
 527:           108           2592  java.util.regex.Pattern$SliceI
 528:            81           2592  sun.reflect.annotation.AnnotatedTypeFactory$AnnotatedTypeBaseImpl
 529:           135           2536  [Lcom.sun.jmx.mbeanserver.MXBeanMapping;
 530:            79           2528  java.security.Permissions
 531:             3           2520  [[Ljava.lang.String;
 532:            66           2512  [Ljavax.management.MBeanOperationInfo;
 533:            78           2496  org.springframework.core.annotation.DefaultAnnotationAttributeExtractor
 534:           104           2496  sun.security.x509.CertificateValidity
 535:           155           2480  org.springframework.beans.factory.support.ConstructorResolver$AutowiredArgumentMarker
 536:            77           2464  java.io.FilePermission
 537:           154           2464  org.springframework.web.servlet.mvc.condition.RequestMethodsRequestCondition
 538:            18           2432  [Lcom.fasterxml.classmate.members.RawMethod;
 539:            50           2400  org.hibernate.validator.internal.util.ConcurrentReferenceHashMap$SoftKeyReference
 540:            50           2400  org.hibernate.validator.internal.util.ConcurrentReferenceHashMap$SoftValueReference
 541:            99           2376  com.sun.jersey.core.spi.component.AnnotatedContext
 542:            99           2376  java.util.jar.Manifest
 543:             6           2304  java.util.TimerThread
 544:            48           2304  org.springframework.jmx.export.metadata.ManagedResource
 545:            96           2304  sun.security.x509.CertificateExtensions
 546:           140           2240  org.springframework.boot.autoconfigure.condition.OnBeanCondition
 547:            31           2232  com.sun.xml.internal.bind.v2.model.impl.RuntimeElementPropertyInfoImpl
 548:            93           2232  sun.misc.ProxyGenerator$ExceptionTableEntry
 549:            39           2184  com.fasterxml.classmate.types.ResolvedObjectType
 550:            39           2184  freemarker.core.ConditionalBlock
 551:            91           2184  sun.reflect.generics.repository.FieldRepository
 552:           136           2176  java.lang.ThreadLocal
 553:             3           2160  [Ljdk.internal.org.objectweb.asm.Item;
 554:            90           2160  com.netflix.servo.tag.SortedTagList
 555:            67           2144  org.springframework.http.HttpStatus
 556:            89           2136  com.sun.xml.internal.bind.v2.model.impl.FieldPropertySeed
 557:            89           2136  com.sun.xml.internal.bind.v2.model.impl.RuntimeClassInfoImpl$RuntimePropertySeed
 558:            89           2136  com.sun.xml.internal.bind.v2.runtime.reflect.Accessor$FieldReflection
 559:            53           2120  sun.security.util.NamedCurve
 560:            33           2112  com.sun.xml.internal.bind.v2.model.impl.RuntimeAttributePropertyInfoImpl
 561:            44           2112  sun.util.locale.LocaleObjectCache$CacheEntry
 562:            37           2072  sun.util.calendar.ZoneInfo
 563:            43           2064  org.springframework.core.ResolvableType$1
 564:           129           2064  org.springframework.expression.common.LiteralExpression
 565:            64           2048  com.thoughtworks.xstream.mapper.AnnotationMapper$1
 566:           128           2048  java.lang.Character
 567:            84           2016  freemarker.core.TemplateElements
 568:            84           2016  java.util.regex.Pattern$1
 569:            83           1992  com.sun.jersey.core.spi.component.ComponentInjector
 570:           124           1984  java.util.regex.Pattern$BranchConn
 571:           124           1984  sun.security.x509.KeyIdentifier
 572:            82           1968  java.util.regex.Pattern$Dollar
 573:            49           1960  org.springframework.beans.factory.annotation.AutowiredAnnotationBeanPostProcessor$AutowiredFieldElement
 574:            80           1920  com.netflix.servo.monitor.AnnotatedNumberMonitor
 575:            48           1920  com.netflix.servo.monitor.StepLong
 576:            80           1920  com.sun.jersey.core.spi.component.ProviderServices$ProviderClass
 577:           120           1920  java.util.Collections$UnmodifiableMap$UnmodifiableEntrySet$UnmodifiableEntry
 578:           120           1920  java.util.concurrent.atomic.AtomicReference
 579:            34           1904  org.hibernate.validator.internal.metadata.aggregated.ParameterMetaData$Builder
 580:            79           1896  com.sun.jersey.core.spi.component.ProviderFactory$SingletonComponentProvider
 581:            79           1896  com.sun.jmx.mbeanserver.NamedObject
 582:            79           1896  java.math.MutableBigInteger
 583:            79           1896  org.springframework.core.annotation.SynthesizedAnnotationInvocationHandler
 584:            13           1872  [Lcom.fasterxml.jackson.core.sym.CharsToNameCanonicalizer$Bucket;
 585:            12           1872  [Ljava.lang.StackTraceElement;
 586:            26           1872  org.springframework.beans.factory.annotation.AutowiredAnnotationBeanPostProcessor$ShortcutDependencyDescriptor
 587:           117           1872  org.springframework.validation.DefaultBindingErrorProcessor
 588:           116           1856  com.sun.proxy.$Proxy1
 589:           116           1856  com.sun.proxy.$Proxy17
 590:            29           1856  org.springframework.beans.factory.config.DependencyDescriptor
 591:            77           1848  com.sun.jersey.core.header.reader.HttpHeaderListAdapter
 592:            77           1848  java.io.FilePermissionCollection
 593:           113           1808  java.util.TreeMap$Values
 594:           113           1808  sun.security.x509.SerialNumber
 595:            75           1800  com.fasterxml.classmate.util.ResolvedTypeCache$Key
 596:            25           1800  freemarker.core.Macro
 597:            75           1800  org.apache.catalina.LifecycleEvent
 598:            32           1792  java.util.zip.ZipFile$ZipFileInputStream
 599:            56           1792  org.apache.tomcat.util.net.NioBlockingSelector$BlockPoller$3
 600:           111           1776  com.sun.proxy.$Proxy8
 601:           110           1760  com.sun.proxy.$Proxy3
 602:            73           1752  org.springframework.boot.context.properties.ConfigurationBeanFactoryMetaData$1
 603:            73           1752  org.springframework.boot.loader.LaunchedURLClassLoader$1
 604:            53           1696  java.security.spec.EllipticCurve
 605:           106           1696  org.springframework.context.annotation.ConfigurationClassEnhancer$BeanFactoryAwareGeneratorStrategy
 606:            35           1680  java.util.Properties
 607:            30           1680  org.springframework.web.method.HandlerMethod
 608:            35           1680  sun.misc.ProxyGenerator$MethodInfo
 609:            79           1672  [Lorg.apache.catalina.Container;
 610:            52           1664  java.net.InetAddress$InetAddressHolder
 611:           104           1664  java.security.spec.X509EncodedKeySpec
 612:           104           1664  sun.security.x509.CertificateAlgorithmId
 613:           104           1664  sun.security.x509.CertificateSerialNumber
 614:           104           1664  sun.security.x509.CertificateX509Key
 615:            69           1656  org.apache.catalina.webresources.EmptyResource
 616:             2           1648  [[B
 617:           103           1648  com.google.common.collect.MapMakerInternalMap$StrongValueReference
 618:           103           1648  java.util.regex.Pattern$Dot
 619:            41           1640  javax.management.modelmbean.ModelMBeanAttributeInfo
 620:            34           1632  com.sun.jersey.api.model.Parameter
 621:            34           1632  freemarker.core.MethodCall
 622:            68           1632  java.security.spec.ECPoint
 623:            29           1624  java.util.zip.ZipFile$ZipFileInflaterInputStream
 624:            29           1624  org.apache.tomcat.util.res.StringManager$1
 625:            50           1600  java.util.concurrent.ConcurrentHashMap$ForwardingNode
 626:            50           1600  org.hibernate.validator.internal.util.ConcurrentReferenceHashMap$HashEntry
 627:            40           1600  org.springframework.util.AntPathMatcher
 628:            40           1600  sun.management.DiagnosticCommandArgumentInfo
 629:            66           1584  com.sun.jersey.core.reflection.MethodList$4
 630:            66           1584  com.sun.jersey.core.reflection.MethodList$7
 631:            66           1584  com.sun.jersey.core.reflection.MethodList$8
 632:            66           1584  com.sun.jersey.core.reflection.ReflectionHelper$2
 633:            99           1584  freemarker.template.SimpleScalar
 634:            98           1568  [Ljava.beans.BeanInfo;
 635:            28           1568  com.sun.xml.internal.bind.v2.runtime.property.ArrayElementNodeProperty
 636:            49           1568  sun.reflect.generics.repository.ConstructorRepository
 637:            64           1536  com.sun.jersey.core.reflection.MethodList$5
 638:            48           1536  org.springframework.expression.spel.standard.TokenKind
 639:            19           1520  com.fasterxml.jackson.databind.DeserializationConfig
 640:            19           1520  com.fasterxml.jackson.databind.SerializationConfig
 641:            38           1520  java.lang.reflect.Proxy$Key2
 642:            95           1520  org.hibernate.validator.internal.metadata.aggregated.rule.OverridingMethodMustNotAlterParameterConstraints
 643:            95           1520  org.hibernate.validator.internal.metadata.aggregated.rule.ParallelMethodsMustNotDefineGroupConversionForCascadedReturnValue
 644:            95           1520  org.hibernate.validator.internal.metadata.aggregated.rule.ParallelMethodsMustNotDefineParameterConstraints
 645:            95           1520  org.hibernate.validator.internal.metadata.aggregated.rule.ReturnValueMayOnlyBeMarkedOnceAsCascadedPerHierarchyLine
 646:            95           1520  org.hibernate.validator.internal.metadata.aggregated.rule.VoidMethodsMustNotBeReturnValueConstrained
 647:            95           1520  org.springframework.core.env.AbstractPropertyResolver$1
 648:            27           1512  freemarker.core.Comment
 649:            62           1488  java.lang.ThreadLocal$ThreadLocalMap
 650:            62           1488  org.springframework.web.util.UrlPathHelper
 651:             3           1480  [Ljava.lang.Integer;
 652:            61           1464  java.util.regex.Pattern$CharProperty$1
 653:            61           1440  [Lcom.fasterxml.jackson.databind.JavaType;
 654:            18           1440  [Lorg.hibernate.validator.internal.util.ConcurrentReferenceHashMap$Segment;
 655:            90           1440  com.netflix.servo.tag.SortedTagList$Builder
 656:            36           1440  com.sun.xml.internal.bind.v2.model.impl.RuntimeTypeRefImpl
 657:            36           1440  freemarker.core.ListLiteral
 658:            18           1440  freemarker.core.UnifiedCall
 659:            30           1440  java.time.temporal.ValueRange
 660:            45           1440  java.util.regex.Pattern$BnM
 661:            30           1440  org.springframework.boot.bind.OriginCapablePropertyValue
 662:            60           1432  [Lcom.fasterxml.classmate.ResolvedType;
 663:            89           1424  com.sun.proxy.$Proxy9
 664:            59           1416  [Ljava.util.Comparator;
 665:            59           1416  java.util.AbstractMap$SimpleImmutableEntry
 666:            22           1408  org.springframework.web.method.HandlerMethod$HandlerMethodParameter
 667:            25           1400  javax.management.MBeanServerNotification
 668:            35           1400  sun.misc.URLClassPath$1
 669:            35           1400  sun.util.locale.BaseLocale$Key
 670:            58           1392  com.sun.jersey.core.impl.provider.entity.Inflector$Replacer
 671:            29           1392  org.springframework.web.servlet.mvc.method.RequestMappingInfo
 672:            87           1392  sun.security.rsa.RSAKeyFactory$Legacy
 673:            15           1376  [Ljava.lang.Byte;
 674:             1           1376  [Lsun.misc.FDBigInteger;
 675:            85           1360  [Lsun.reflect.annotation.TypeAnnotation;
 676:            85           1360  com.sun.proxy.$Proxy94
 677:            34           1360  org.springframework.beans.factory.support.DisposableBeanAdapter
 678:            56           1344  com.sun.jersey.core.spi.factory.InjectableProviderFactory$MetaInjectableProvider
 679:            28           1344  com.sun.xml.internal.bind.v2.runtime.LeafBeanInfoImpl
 680:            21           1344  java.text.SimpleDateFormat
 681:            21           1344  org.hibernate.validator.internal.metadata.aggregated.PropertyMetaData$Builder
 682:            33           1320  com.sun.xml.internal.bind.v2.runtime.property.AttributeProperty
 683:            33           1320  java.math.BigDecimal
 684:            41           1312  java.io.DataOutputStream
 685:            82           1312  sun.reflect.Label
 686:            27           1296  freemarker.core.IfBlock
 687:            54           1296  java.util.concurrent.locks.AbstractQueuedSynchronizer$ConditionObject
 688:            70           1288  [Ljava.net.InetAddress;
 689:            39           1280  [Ljava.math.BigInteger;
 690:            64           1280  [Ljava.net.NetworkInterface;
 691:            40           1280  com.sun.xml.internal.bind.v2.util.QNameMap
 692:            32           1280  java.util.PropertyResourceBundle
 693:            40           1280  sun.reflect.MethodAccessorGenerator$1
 694:            32           1280  sun.reflect.UnsafeQualifiedStaticObjectFieldAccessorImpl
 695:            79           1264  com.sun.jersey.core.spi.component.ComponentDestructor
 696:            31           1240  sun.security.x509.AuthorityKeyIdentifierExtension
 697:            22           1232  com.fasterxml.jackson.databind.cfg.BaseSettings
 698:            14           1232  com.sun.xml.internal.bind.v2.runtime.ClassBeanInfoImpl
 699:            51           1224  freemarker.ext.beans.ReflectionCallableMemberDescriptor
 700:            38           1216  java.util.ResourceBundle$Control$1
 701:            38           1216  javax.crypto.Cipher$Transform
 702:            19           1216  org.hibernate.validator.internal.metadata.aggregated.BeanMetaDataImpl
 703:            50           1200  com.sun.xml.internal.bind.v2.runtime.unmarshaller.ChildLoader
 704:            30           1200  java.time.temporal.ChronoField
 705:            30           1200  org.apache.tomcat.util.modeler.BaseModelMBean
 706:            37           1184  com.sun.jersey.core.util.KeyComparatorHashMap$Entry
 707:            49           1176  java.util.regex.Pattern$7
 708:            49           1176  java.util.regex.Pattern$Ques
 709:            49           1176  sun.reflect.generics.scope.ConstructorScope
 710:            29           1160  sun.misc.ProxyGenerator$ProxyMethod
 711:            36           1152  com.fasterxml.classmate.types.ResolvedInterfaceType
 712:            36           1152  com.netflix.servo.monitor.BasicTimer$FactorMonitor
 713:            36           1152  java.net.URI$Parser
 714:            36           1152  java.security.AlgorithmParameters
 715:            12           1152  org.springframework.asm.Context
 716:            71           1136  org.springframework.scheduling.annotation.ScheduledAnnotationBeanPostProcessor$1
 717:            47           1128  com.sun.jersey.core.reflection.ReflectionHelper$DeclaringClassInterfacePair
 718:            47           1128  java.lang.Class$1
 719:            35           1120  com.sun.jersey.core.spi.component.ComponentConstructor
 720:            14           1120  com.sun.xml.internal.bind.v2.model.impl.RuntimeClassInfoImpl
 721:            28           1120  java.text.DigitList
 722:            46           1104  com.sun.jersey.core.reflection.ReflectionHelper$ClassTypePair
 723:            23           1104  sun.management.DiagnosticCommandInfo
 724:            23           1104  sun.security.util.ManifestEntryVerifier
 725:            63           1088  [Ljava.net.InterfaceAddress;
 726:            45           1080  [Ljavax.validation.metadata.MethodType;
 727:            45           1080  com.sun.istack.internal.FinalArrayList
 728:            45           1080  com.sun.jersey.core.spi.factory.MessageBodyFactory$MessageBodyWriterPair
 729:            45           1080  com.sun.jersey.server.impl.uri.rules.PatternRulePair
 730:            15           1080  freemarker.core.Assignment
 731:            67           1072  java.util.Collections$UnmodifiableCollection
 732:            67           1072  org.apache.juli.logging.DirectJDKLog
 733:            67           1072  sun.reflect.BootstrapConstructorAccessorImpl
 734:            19           1064  sun.misc.URLClassPath$JarLoader
 735:            33           1056  com.fasterxml.classmate.TypeBindings
 736:            66           1056  com.sun.jersey.core.reflection.ReflectionHelper$4
 737:            66           1056  java.util.TreeSet
 738:            33           1056  org.springframework.beans.factory.annotation.InitDestroyAnnotationBeanPostProcessor$1
 739:             1           1040  [Ljava.lang.Long;
 740:             1           1040  [Ljava.lang.Short;
 741:            65           1040  [Lorg.apache.tomcat.util.modeler.NotificationInfo;
 742:            65           1040  [Lorg.springframework.jmx.export.metadata.ManagedOperationParameter;
 743:            13           1040  com.sun.xml.internal.bind.v2.model.impl.RuntimeReferencePropertyInfoImpl
 744:            43           1032  com.fasterxml.classmate.util.ClassKey
 745:            43           1032  sun.security.jca.ServiceId
 746:            16           1024  freemarker.core.IteratorBlock
 747:             7           1008  [Ljava.util.concurrent.locks.ReentrantLock;
 748:            63           1008  com.sun.proxy.$Proxy5
 749:            18           1008  java.util.concurrent.ConcurrentHashMap$ValueIterator
 750:            42           1008  org.apache.coyote.ActionCode
 751:            42           1008  org.apache.tomcat.util.http.MimeHeaderField
 752:            14           1008  sun.security.ssl.SSLCipher
 753:            25           1000  java.util.Formatter$FormatSpecifier
 754:            31            992  com.fasterxml.jackson.databind.type.TypeBindings
 755:            41            984  [Ljavax.management.Descriptor;
 756:            41            984  [Lorg.springframework.validation.Validator;
 757:            41            984  com.fasterxml.jackson.databind.util.LRUMap
 758:            41            984  com.sun.xml.internal.bind.v2.runtime.property.ArrayERProperty$ReceiverImpl
 759:            41            984  java.util.regex.Pattern$SingleI
 760:            41            984  org.hibernate.validator.internal.metadata.raw.ExecutableElement$ConstructorElement
 761:            41            984  org.springframework.jmx.export.metadata.ManagedOperation
 762:            40            960  freemarker.ext.beans.FastPropertyDescriptor
 763:            30            960  java.security.Provider$EngineDescription
 764:            60            960  java.util.concurrent.atomic.AtomicBoolean
 765:            24            960  org.apache.tomcat.util.collections.ManagedConcurrentWeakHashMap$Key
 766:            30            960  org.hibernate.validator.internal.metadata.raw.BeanConfiguration
 767:            40            960  org.springframework.util.AntPathMatcher$PathSeparatorPatternCache
 768:            20            960  sun.security.util.ConstraintsParameters
 769:            32            952  [Ljava.io.ObjectStreamField;
 770:            17            952  freemarker.core.BuiltInsForDates$iso_utc_or_local_BI
 771:             7            952  freemarker.core.FMParser
 772:            29            944  [Ljava.lang.ref.WeakReference;
 773:             5            944  [Lorg.apache.tomcat.util.modeler.AttributeInfo;
 774:            59            944  org.springframework.util.comparator.CompoundComparator
 775:            13            936  com.fasterxml.jackson.databind.deser.DefaultDeserializationContext$Impl
 776:            39            936  org.springframework.context.event.AbstractApplicationEventMulticaster$ListenerCacheKey
 777:            30            928  [Ljava.time.format.DateTimeFormatterBuilder$DateTimePrinterParser;
 778:            29            928  org.springframework.context.event.AbstractApplicationEventMulticaster$ListenerRetriever
 779:            29            928  org.springframework.web.servlet.mvc.condition.PatternsRequestCondition
 780:            29            928  sun.misc.ProxyGenerator$FieldInfo
 781:            23            920  com.netflix.eureka.util.EurekaMonitors
 782:            38            912  java.util.regex.Pattern$Ctype
 783:            19            912  org.springframework.jmx.export.SpringModelMBean
 784:            19            912  sun.nio.cs.StreamDecoder
 785:            56            896  com.thoughtworks.xstream.converters.SingleValueConverterWrapper
 786:            14            896  java.nio.DirectByteBuffer
 787:             4            896  jdk.internal.org.objectweb.asm.MethodWriter
 788:            28            896  org.springframework.web.servlet.handler.AbstractHandlerMethodMapping$MappingRegistration
 789:             8            896  sun.nio.ch.SocketChannelImpl
 790:            37            888  com.sun.jersey.server.impl.uri.rules.HttpMethodRule$ResourceMethodListPair
 791:            55            880  com.sun.proxy.$Proxy18
 792:            55            880  com.sun.proxy.$Proxy21
 793:            22            880  com.thoughtworks.xstream.core.util.Pool
 794:            10            880  java.util.jar.JarVerifier
 795:            22            880  org.springframework.beans.factory.NoSuchBeanDefinitionException
 796:            22            880  org.springframework.core.annotation.AnnotationUtils$AliasDescriptor
 797:            36            864  [Ljava.util.Enumeration;
 798:            27            864  com.fasterxml.jackson.databind.DeserializationFeature
 799:            18            864  com.fasterxml.jackson.databind.type.SimpleType
 800:            36            864  com.sun.org.apache.xerces.internal.util.XMLStringBuffer
 801:            36            864  com.sun.xml.internal.bind.v2.runtime.property.TagAndType
 802:             4            864  freemarker.template.Template
 803:            18            864  java.io.BufferedReader
 804:            18            864  java.security.Signature$Delegate
 805:            18            864  java.util.concurrent.ConcurrentHashMap$TreeNode
 806:            18            864  org.hibernate.validator.internal.util.ConcurrentReferenceHashMap
 807:            36            864  sun.misc.CompoundEnumeration
 808:             7            840  freemarker.core.FMParserTokenManager
 809:            35            840  java.net.URLClassLoader$3
 810:            35            840  java.util.Locale$LocaleKey
 811:            15            840  javax.management.openmbean.ArrayType
 812:            35            840  org.springframework.aop.framework.AdvisedSupport$MethodCacheKey
 813:            13            832  com.fasterxml.jackson.core.sym.ByteQuadsCanonicalizer
 814:            13            832  com.fasterxml.jackson.core.sym.CharsToNameCanonicalizer
 815:            26            832  org.springframework.beans.factory.support.AbstractBeanFactory$2
 816:            26            832  org.springframework.cloud.context.scope.GenericScope$BeanLifecycleWrapper
 817:            31            816  [Ljavax.xml.namespace.QName;
 818:            17            816  com.sun.jersey.server.impl.wadl.WadlMethodFactory$WadlOptionsMethod
 819:            44            800  [Ljavax.management.MBeanNotificationInfo;
 820:            26            800  [[Ljava.lang.Class;
 821:            10            800  com.fasterxml.jackson.databind.introspect.AnnotatedClass
 822:            20            800  com.sun.jmx.mbeanserver.MXBeanSupport
 823:            25            800  java.util.jar.Manifest$FastInputStream
 824:            25            800  java.util.logging.LogManager$LoggerContext$1
 825:            50            800  org.hibernate.validator.internal.metadata.provider.AnnotationMetaDataProvider$1
 826:            20            800  org.springframework.beans.NotReadablePropertyException
 827:            50            800  org.springframework.util.ReflectionUtils$1
 828:            33            792  com.sun.jersey.core.spi.component.ComponentConstructor$ConstructorInjectablePair
 829:            33            792  org.jboss.logging.Slf4jLocationAwareLogger
 830:            33            792  org.springframework.util.AntPathMatcher$AntPathStringMatcher
 831:             8            768  [Lcom.sun.org.apache.xerces.internal.xni.QName;
 832:             8            768  com.netflix.servo.stats.StatsBuffer
 833:            32            768  com.sun.jmx.mbeanserver.DefaultMXBeanMappingFactory$IdentityMapping
 834:            16            768  com.sun.org.apache.xerces.internal.util.XMLAttributesImpl$Attribute
 835:            32            768  java.util.concurrent.ConcurrentHashMap$KeySetView
 836:            16            768  java.util.concurrent.ThreadPoolExecutor$Worker
 837:            12            768  java.util.jar.JarFile
 838:            24            768  sun.security.x509.OIDMap$OIDInfo
 839:            19            760  org.hibernate.validator.internal.metadata.descriptor.BeanDescriptorImpl
 840:            19            760  org.springframework.beans.factory.config.ConstructorArgumentValues$ValueHolder
 841:            31            744  [Lorg.apache.catalina.WebResource;
 842:            31            744  com.netflix.servo.monitor.BasicCompositeMonitor
 843:            31            744  com.sun.org.apache.xerces.internal.xni.XMLString
 844:            31            744  com.sun.xml.internal.bind.v2.model.impl.ElementPropertyInfoImpl$1
 845:            31            744  java.net.Inet4Address
 846:            12            736  [Ljava.lang.Thread;
 847:            23            736  com.fasterxml.jackson.databind.SerializationFeature
 848:            23            736  com.netflix.servo.monitor.Datapoint
 849:            46            736  com.sun.proxy.$Proxy22
 850:            23            736  sun.management.DiagnosticCommandImpl$Wrapper
 851:            13            728  com.sun.xml.internal.bind.v2.runtime.property.ArrayReferenceNodeProperty
 852:             7            728  sun.net.www.protocol.file.FileURLConnection
 853:            30            720  com.fasterxml.jackson.databind.type.TypeBindings$AsKey
 854:            18            720  com.sun.jersey.server.impl.uri.PathTemplate
 855:            30            720  com.sun.xml.internal.bind.v2.runtime.SchemaTypeTransducer
 856:            15            720  freemarker.core.BuiltInsForStringsRegexp$replace_reBI
 857:            15            720  java.lang.management.PlatformComponent
 858:            18            720  java.time.format.DateTimeFormatter
 859:            30            720  java.time.format.DateTimeFormatterBuilder$CompositePrinterParser
 860:            18            720  org.apache.tomcat.util.http.ServerCookie
 861:            30            720  org.springframework.core.convert.support.GenericConversionService$ConverterCacheKey
 862:            22            712  [Lsun.security.jca.ProviderConfig;
 863:            22            704  com.sun.jersey.core.header.QualitySourceMediaType
 864:            44            704  com.sun.xml.internal.bind.v2.runtime.reflect.Lister$CollectionLister
 865:            22            704  java.util.Formatter
 866:            11            704  javax.crypto.Cipher
 867:            29            696  com.sun.xml.internal.bind.v2.runtime.unmarshaller.XsiTypeLoader
 868:            29            696  java.lang.reflect.Proxy$KeyX
 869:            29            696  org.apache.tomcat.util.res.StringManager
 870:             9            672  [Lcom.sun.jersey.core.util.KeyComparatorHashMap$Entry;
 871:            28            672  [Ljava.util.Map$Entry;
 872:            21            672  com.fasterxml.jackson.databind.MapperFeature
 873:            28            672  com.sun.jersey.api.uri.UriPattern
 874:            21            672  com.sun.jmx.mbeanserver.WeakIdentityHashMap$IdentityWeakReference
 875:            28            672  com.sun.xml.internal.bind.v2.runtime.reflect.TransducedAccessor$CompositeTransducedAccessorImpl
 876:            14            672  com.sun.xml.internal.bind.v2.runtime.unmarshaller.StructureLoader
 877:            28            672  com.sun.xml.internal.bind.v2.runtime.unmarshaller.TextLoader
 878:            21            672  java.net.Inet6Address
 879:            21            672  java.net.Inet6Address$Inet6AddressHolder
 880:            28            672  java.util.Formatter$FixedString
 881:            21            672  java.util.Locale
 882:            21            672  java.util.PropertyPermission
 883:            14            672  java.util.concurrent.LinkedBlockingQueue
 884:            42            672  org.springframework.core.convert.support.ObjectToStringConverter
 885:            21            672  org.springframework.format.support.FormattingConversionService$AnnotationParserConverter
 886:            21            672  org.springframework.format.support.FormattingConversionService$AnnotationPrinterConverter
 887:            12            672  sun.nio.cs.ext.DoubleByte$Decoder
 888:            21            672  sun.util.locale.BaseLocale
 889:            14            672  sun.util.locale.provider.LocaleResources$ResourceReference
 890:            22            656  [Lsun.security.ssl.ProtocolVersion;
 891:            41            656  com.sun.proxy.$Proxy91
 892:            40            648  [Ljavax.management.MBeanConstructorInfo;
 893:            27            648  com.fasterxml.jackson.databind.type.ClassKey
 894:             8            640  [Ljava.nio.ByteBuffer;
 895:             8            640  com.google.common.cache.LocalCache$Segment
 896:            20            640  com.netflix.eureka.util.batcher.TaskExecutors$BatchWorkerRunnable
 897:            16            640  java.io.StringReader
 898:            40            640  java.net.URLClassLoader$3$1
 899:            16            640  org.springframework.core.io.ResourceEditor
 900:            16            640  org.springframework.core.io.support.ResourceArrayPropertyEditor
 901:            10            640  sun.nio.cs.ext.DoubleByte$Encoder
 902:             3            624  [Ljava.lang.invoke.LambdaForm;
 903:            26            624  com.sun.jersey.server.impl.model.parameter.multivalued.StringExtractor
 904:            26            624  com.thoughtworks.xstream.core.util.FastField
 905:            26            624  java.security.spec.ECFieldF2m
 906:            39            624  java.util.regex.Pattern$CharPropertyNames$1
 907:            39            624  sun.reflect.ClassDefiner$1
 908:            11            616  freemarker.template.Version
 909:            11            616  org.springframework.aop.framework.CglibAopProxy$CglibMethodInvocation
 910:            11            616  sun.security.provider.SHA
 911:            16            608  [Lcom.sun.xml.internal.bind.v2.runtime.property.Property;
 912:            19            608  com.sun.jersey.server.impl.uri.PathPattern
 913:            19            608  java.time.format.DateTimeFormatterBuilder$NumberPrinterParser
 914:            38            608  java.util.concurrent.atomic.AtomicReferenceArray
 915:            19            608  org.springframework.format.support.FormattingConversionService$PrinterConverter
 916:            19            608  sun.security.ssl.CipherSuite$KeyExchange
 917:             5            600  com.ctc.wstx.api.ReaderConfig
 918:            25            600  java.util.regex.Pattern$5
 919:            25            600  javax.management.ObjectInstance
 920:            25            600  sun.nio.cs.CharsetMapping$Entry
 921:            37            592  com.sun.jersey.core.impl.provider.xml.ThreadLocalSingletonContextProvider$2
 922:            37            592  org.springframework.boot.autoconfigure.condition.OnPropertyCondition
 923:            29            584  [Lorg.springframework.core.MethodParameter;
 924:             8            576  com.fasterxml.jackson.databind.ser.DefaultSerializerProvider$Impl
 925:            24            576  com.google.common.util.concurrent.AtomicDouble
 926:            12            576  com.netflix.servo.monitor.BasicTimer
 927:            24            576  com.netflix.servo.monitor.DoubleGauge
 928:            24            576  com.netflix.servo.monitor.StepCounter
 929:            36            576  com.sun.proxy.$Proxy6
 930:            24            576  com.sun.xml.internal.bind.v2.runtime.unmarshaller.XsiNilLoader$Array
 931:            18            576  com.thoughtworks.xstream.core.util.CompositeClassLoader$1
 932:            24            576  java.net.InetSocketAddress$InetSocketAddressHolder
 933:            24            576  java.util.concurrent.ConcurrentHashMap$MapEntry
 934:            24            576  java.util.concurrent.LinkedBlockingQueue$Node
 935:             6            576  java.util.jar.JarInputStream
 936:            36            576  org.apache.tomcat.util.modeler.ManagedBean$1
 937:             7            560  [Lfreemarker.core.FMParser$JJCalls;
 938:            21            560  [Ljava.util.Formatter$FormatString;
 939:            30            560  [Lorg.hibernate.validator.internal.util.classhierarchy.Filter;
 940:            35            560  java.util.Formatter$Flags
 941:            10            560  java.util.concurrent.ConcurrentHashMap$EntryIterator
 942:             7            560  java.util.concurrent.ThreadPoolExecutor
 943:            14            560  javax.management.openmbean.SimpleType
 944:            14            560  org.springframework.web.context.request.ServletRequestAttributes
 945:            10            560  sun.invoke.util.Wrapper
 946:            14            560  sun.security.ec.ECPublicKeyImpl
 947:            10            560  sun.security.pkcs.SignerInfo
 948:            10            560  sun.security.util.SignatureFileVerifier
 949:            14            560  sun.util.locale.InternalLocaleBuilder
 950:            14            560  sun.util.locale.LanguageTag
 951:            14            560  sun.util.locale.StringTokenIterator
 952:            23            552  [Lsun.management.DiagnosticCommandArgumentInfo;
 953:            23            552  com.sun.jmx.mbeanserver.PerInterface$MethodAndSig
 954:            23            552  java.security.cert.CertificateFactory
 955:            23            552  java.util.logging.LogManager$5
 956:            23            552  org.yaml.snakeyaml.tokens.Token$ID
 957:            23            552  sun.nio.ch.SocketOptionRegistry$RegistryKey
 958:            17            544  com.sun.jersey.server.impl.uri.rules.HttpMethodRule
 959:            17            544  com.sun.jersey.server.impl.wadl.WadlMethodFactory$WadlOptionsMethodDispatcher
 960:            17            544  com.sun.org.apache.xerces.internal.util.AugmentationsImpl$SmallContainer
 961:            17            544  freemarker.ext.beans.OverloadedFixArgsMethods
 962:            17            544  java.lang.StringCoding$StringEncoder
 963:             1            536  org.springframework.boot.context.embedded.tomcat.TomcatEmbeddedContext
 964:             1            528  [Ljava.lang.Character;
 965:            33            528  com.sun.jersey.core.spi.component.ComponentConstructor$ConstructorComparator
 966:            11            528  com.sun.jersey.server.impl.model.method.ResourceHttpMethod
 967:            33            528  com.sun.proxy.$Proxy120
 968:            33            528  com.sun.proxy.$Proxy151
 969:            22            528  com.thoughtworks.xstream.core.util.ThreadSafeSimpleDateFormat
 970:            22            528  com.thoughtworks.xstream.core.util.ThreadSafeSimpleDateFormat$1
 971:            22            528  com.thoughtworks.xstream.io.xml.XmlFriendlyNameCoder$IntPair
 972:            11            528  freemarker.core.BuiltInsForStringsEncoding$htmlBI$BIBeforeICI2d3d20
 973:            22            528  sun.security.jca.ProviderList
 974:            22            528  sun.security.jca.ProviderList$3
 975:            13            520  com.fasterxml.jackson.core.sym.ByteQuadsCanonicalizer$TableInfo
 976:            13            520  java.lang.invoke.MethodHandleImpl$IntrinsicMethodHandle
 977:            20            512  [Lorg.apache.coyote.http11.InputFilter;
 978:            20            512  [Lorg.apache.coyote.http11.OutputFilter;
 979:             8            512  com.fasterxml.jackson.databind.ObjectMapper
 980:             8            512  com.google.common.collect.MapMakerInternalMap$Segment
 981:            16            512  com.netflix.servo.monitor.StatsMonitor$PercentileGaugeWrapper
 982:            32            512  com.sun.proxy.$Proxy4
 983:            32            512  com.sun.proxy.$Proxy49
 984:            16            512  freemarker.core.FMParser$ParserIteratorBlockContext
 985:            16            512  java.time.temporal.ChronoUnit
 986:            32            512  java.util.regex.Pattern$Begin
 987:            16            512  org.apache.commons.configuration.event.ConfigurationEvent
 988:            32            512  org.hibernate.validator.internal.util.logging.Log_$logger
 989:            16            512  org.springframework.beans.propertyeditors.ClassArrayEditor
 990:            16            512  org.springframework.beans.propertyeditors.ClassEditor
 991:            16            512  org.springframework.beans.propertyeditors.FileEditor
 992:            16            512  org.springframework.beans.propertyeditors.InputSourceEditor
 993:            16            512  org.springframework.beans.propertyeditors.InputStreamEditor
 994:            16            512  org.springframework.beans.propertyeditors.PathEditor
 995:            16            512  org.springframework.beans.propertyeditors.ReaderEditor
 996:            16            512  org.springframework.beans.propertyeditors.URIEditor
 997:            16            512  org.springframework.beans.propertyeditors.URLEditor
 998:             9            504  com.sun.jersey.api.model.AbstractResource
 999:             9            504  freemarker.core.ComparisonExpression
1000:             7            504  freemarker.core.SimpleCharStream
1001:             9            504  java.lang.invoke.LambdaFormEditor$Transform
1002:             9            504  javax.management.openmbean.CompositeType
1003:            21            504  sun.security.x509.AVAKeyword
1004:            21            496  [Ljava.lang.reflect.AnnotatedType;
1005:            20            480  [Lsun.security.pkcs.SignerInfo;
1006:            12            480  com.sun.jmx.mbeanserver.PerInterface
1007:            30            480  com.sun.proxy.$Proxy11
1008:             4            480  java.net.SocksSocketImpl
1009:            20            480  java.util.Collections$SetFromMap
1010:            10            480  java.util.Properties$LineReader
1011:            15            480  java.util.concurrent.ConcurrentLinkedQueue$Itr
1012:             2            480  org.apache.catalina.core.StandardWrapper
1013:            20            480  org.springframework.beans.factory.annotation.AutowiredAnnotationBeanPostProcessor$2
1014:            20            480  org.springframework.beans.factory.annotation.AutowiredAnnotationBeanPostProcessor$3
1015:            20            480  org.springframework.context.annotation.CommonAnnotationBeanPostProcessor$1
1016:            20            480  org.springframework.context.annotation.CommonAnnotationBeanPostProcessor$2
1017:            12            480  org.springframework.util.AntPathMatcher$AntPatternComparator$PatternInfo
1018:            12            480  sun.misc.URLClassPath$2
1019:            20            480  sun.security.pkcs.ContentInfo
1020:            10            480  sun.security.pkcs.PKCS7
1021:            12            480  sun.security.rsa.RSAPadding
1022:            10            480  sun.security.rsa.RSASignature$SHA256withRSA
1023:            12            480  sun.security.util.DisabledAlgorithmConstraints$KeySizeConstraint
1024:            30            480  sun.security.util.ECParameters
1025:            16            464  [[I
1026:            29            464  org.springframework.web.servlet.mvc.condition.ConsumesRequestCondition
1027:            29            464  org.springframework.web.servlet.mvc.condition.HeadersRequestCondition
1028:            29            464  org.springframework.web.servlet.mvc.condition.RequestConditionHolder
1029:            19            456  [Ljava.util.ArrayList;
1030:             6            456  [Lsun.invoke.util.Wrapper;
1031:            19            456  com.fasterxml.classmate.util.ClassStack
1032:            19            456  java.time.Duration
1033:            19            456  org.hibernate.validator.internal.metadata.core.AnnotationProcessingOptionsImpl$ExecutableParameterKey
1034:            19            456  org.springframework.format.support.FormattingConversionService$ParserConverter
1035:             7            448  com.fasterxml.classmate.util.ResolvedTypeCache$CacheMap
1036:             8            448  com.fasterxml.jackson.databind.MappingJsonFactory
1037:            14            448  com.netflix.servo.monitor.TimedStopwatch
1038:             8            448  com.sun.jersey.api.model.AbstractSubResourceMethod
1039:            14            448  com.sun.xml.internal.bind.v2.runtime.LifecycleMethods
1040:             8            448  freemarker.core.BuiltInsForDates$iso_BI
1041:            28            448  java.util.Hashtable$EntrySet
1042:            14            448  java.util.TreeMap$KeyIterator
1043:             8            448  javax.management.openmbean.OpenMBeanParameterInfoSupport
1044:             8            448  org.springframework.util.StopWatch
1045:             7            448  org.springframework.web.context.support.ServletRequestHandledEvent
1046:             7            448  org.springframework.web.servlet.FlashMap
1047:            28            448  org.springframework.web.servlet.mvc.condition.ParamsRequestCondition
1048:            14            448  sun.misc.URLClassPath$JarLoader$2
1049:            14            448  sun.reflect.UnsafeQualifiedObjectFieldAccessorImpl
1050:            11            440  ch.qos.logback.core.status.InfoStatus
1051:            11            440  sun.reflect.UnsafeQualifiedStaticIntegerFieldAccessorImpl
1052:             6            432  com.fasterxml.jackson.databind.introspect.POJOPropertiesCollector
1053:            18            432  com.google.gson.internal.bind.TypeAdapters$32
1054:            18            432  com.sun.jersey.api.client.Client$4$1
1055:             9            432  com.sun.jersey.core.util.KeyComparatorHashMap
1056:             9            432  com.sun.jersey.server.impl.model.method.ResourceHeadWrapperMethod
1057:            18            432  com.sun.jersey.server.impl.uri.rules.RightHandPathRule
1058:            27            432  com.sun.proxy.$Proxy92
1059:            18            432  java.io.InputStreamReader
1060:            27            432  java.security.spec.ECFieldFp
1061:            18            432  java.text.DateFormat$Field
1062:             6            432  java.util.concurrent.ScheduledThreadPoolExecutor$ScheduledFutureTask
1063:             9            432  org.apache.tomcat.util.descriptor.web.FilterDef
1064:            18            432  org.springframework.context.support.MessageSourceAccessor
1065:            18            432  sun.misc.MetaIndex
1066:             1            424  [Lcom.sun.org.apache.xerces.internal.util.SymbolTable$Entry;
1067:            13            416  com.fasterxml.jackson.core.sym.CharsToNameCanonicalizer$TableInfo
1068:            26            416  com.sun.proxy.$Proxy30
1069:            26            416  com.sun.proxy.$Proxy93
1070:            13            416  java.lang.invoke.SimpleMethodHandle
1071:            13            416  java.util.jar.JarVerifier$VerifierStream
1072:            13            416  org.apache.catalina.util.ManifestResource
1073:             2            416  org.springframework.beans.factory.support.DefaultListableBeanFactory
1074:            26            416  org.springframework.boot.bind.RelaxedDataBinder$BeanPath$PropertyNode
1075:            17            408  com.sun.org.apache.xerces.internal.util.SymbolTable$Entry
1076:            17            408  freemarker.ext.beans.OverloadedMethods
1077:            17            408  java.lang.management.ManagementPermission
1078:            17            408  org.springframework.boot.ansi.AnsiColor
1079:            17            408  org.springframework.boot.autoconfigure.web.WebMvcAutoConfiguration$EnableWebMvcConfiguration$$EnhancerBySpringCGLIB$$9a4896e1$$FastClassBySpringCGLIB$$db8758aa
1080:            10            400  com.fasterxml.jackson.databind.introspect.BasicBeanDescription
1081:             5            400  com.fasterxml.jackson.dataformat.xml.XmlFactory
1082:             5            400  com.fasterxml.jackson.dataformat.xml.ser.XmlSerializerProvider
1083:            10            400  java.lang.invoke.DirectMethodHandle$Accessor
1084:            10            400  sun.nio.cs.ISO_8859_1$Decoder
1085:             7            392  java.util.Calendar$Builder
1086:             1            392  org.apache.tomcat.util.net.NioBlockingSelector$BlockPoller
1087:             7            392  org.springframework.http.CacheControl
1088:            12            384  [Lcom.netflix.servo.monitor.Monitor;
1089:            12            384  com.fasterxml.jackson.core.JsonParser$Feature
1090:             6            384  com.fasterxml.jackson.databind.ObjectReader
1091:            12            384  com.fasterxml.jackson.databind.util.TypeKey
1092:            16            384  com.netflix.servo.monitor.BasicCounter
1093:             8            384  com.sun.jersey.server.spi.component.ResourceComponentInjector
1094:            24            384  com.sun.proxy.$Proxy19
1095:             8            384  freemarker.core.BuiltInsForHashes$keysBI
1096:             8            384  freemarker.core.DefaultToExpression
1097:            24            384  java.lang.Float
1098:             1            384  java.lang.ref.Finalizer$FinalizerThread
1099:             4            384  java.net.DualStackPlainSocketImpl
1100:            24            384  java.net.InetSocketAddress
1101:             1            384  java.util.logging.LogManager$Cleaner
1102:            12            384  javax.crypto.BadPaddingException
1103:            12            384  org.apache.catalina.LifecycleState
1104:            16            384  org.slf4j.helpers.FormattingTuple
1105:            12            384  org.springframework.asm.ClassReader
1106:            16            384  org.springframework.beans.factory.config.BeanExpressionContext
1107:            16            384  org.springframework.boot.actuate.trace.TraceProperties$Include
1108:             1            384  org.springframework.boot.context.embedded.tomcat.TomcatEmbeddedServletContainer$1
1109:             8            384  org.springframework.cglib.reflect.FastClass$Generator
1110:             1            384  org.springframework.context.support.AbstractApplicationContext$2
1111:            12            384  org.springframework.core.LocalVariableTableParameterNameDiscoverer$ParameterNameDiscoveringVisitor
1112:             8            384  org.springframework.core.task.SimpleAsyncTaskExecutor
1113:            16            384  sun.misc.FormattedFloatingDecimal
1114:            16            384  sun.nio.ch.OptionKey
1115:             4            384  sun.nio.ch.ServerSocketChannelImpl
1116:             3            384  sun.nio.ch.WindowsSelectorImpl
1117:            12            384  sun.security.x509.URIName
1118:             1            376  java.lang.ref.Reference$ReferenceHandler
1119:             2            368  [Lorg.apache.coyote.ActionCode;
1120:            23            368  java.awt.font.TextAttribute
1121:            23            368  java.lang.reflect.Proxy$1
1122:            23            368  sun.security.provider.X509Factory
1123:            23            368  sun.security.x509.GeneralName
1124:            15            360  com.fasterxml.jackson.databind.PropertyName
1125:             9            360  com.sun.org.apache.xalan.internal.utils.XMLSecurityManager$Limit
1126:             9            360  com.sun.org.apache.xerces.internal.utils.XMLSecurityManager$Limit
1127:            15            360  java.util.concurrent.ConcurrentLinkedQueue
1128:            15            360  javax.management.StandardMBean
1129:            15            360  javax.websocket.CloseReason$CloseCodes
1130:             9            360  org.apache.tomcat.util.descriptor.web.FilterMap
1131:            15            360  org.springframework.boot.logging.logback.LevelRemappingAppender$RemappedLoggingEvent
1132:             9            360  sun.misc.Cleaner
1133:            12            352  [Lcom.sun.xml.internal.bind.v2.runtime.property.AttributeProperty;
1134:             6            352  [Lorg.apache.tomcat.util.http.MimeHeaderField;
1135:             1            352  com.sun.org.apache.xerces.internal.impl.XMLNSDocumentScannerImpl
1136:            11            352  freemarker.template.SimpleHash
1137:            11            352  java.io.IOException
1138:            11            352  java.lang.invoke.BoundMethodHandle$Species_L
1139:            11            352  java.security.cert.PolicyQualifierInfo
1140:            11            352  jdk.internal.org.objectweb.asm.Type
1141:             2            352  org.apache.coyote.Request
1142:            11            352  sun.security.x509.DistributionPoint
1143:            22            352  sun.security.x509.GeneralNames
1144:             9            344  [Ljava.util.Formatter$Flags;
1145:             1            344  com.sun.org.apache.xerces.internal.impl.XMLDocumentScannerImpl
1146:            14            336  ch.qos.logback.core.spi.ContextAwareBase
1147:            14            336  com.netflix.servo.monitor.CompositeMonitorWrapper
1148:             7            336  com.sun.jmx.mbeanserver.DefaultMXBeanMappingFactory$CompositeMapping
1149:            21            336  com.sun.proxy.$Proxy74
1150:            14            336  com.sun.xml.internal.bind.v2.runtime.unmarshaller.DomLoader
1151:             7            336  freemarker.core.AndExpression
1152:             7            336  freemarker.core.DynamicKeyName
1153:            14            336  java.lang.invoke.LambdaFormEditor$Transform$Kind
1154:            14            336  java.net.InterfaceAddress
1155:             6            336  java.nio.DirectLongBufferU
1156:            21            336  java.util.TreeMap$KeySet
1157:             2            336  jdk.internal.org.objectweb.asm.ClassWriter
1158:             2            336  org.apache.catalina.connector.Request
1159:            14            336  org.apache.tomcat.util.http.parser.AcceptLanguage
1160:            14            336  org.springframework.boot.actuate.endpoint.jmx.DataConverter
1161:             6            336  org.springframework.context.event.ApplicationListenerMethodAdapter
1162:            14            336  org.yaml.snakeyaml.nodes.Tag
1163:             6            336  sun.management.MemoryPoolImpl
1164:            14            336  sun.util.locale.ParseStatus
1165:            16            328  [Ljava.lang.management.PlatformComponent;
1166:             4            320  [Ljava.util.concurrent.RunnableScheduledFuture;
1167:            20            320  [Ljavax.management.modelmbean.ModelMBeanConstructorInfo;
1168:            20            320  [Ljavax.management.modelmbean.ModelMBeanNotificationInfo;
1169:             6            320  [Lorg.apache.tomcat.util.http.ServerCookie;
1170:            10            320  com.fasterxml.jackson.core.JsonGenerator$Feature
1171:            10            320  com.sun.jersey.server.impl.model.method.dispatch.AbstractResourceMethodDispatchProvider$ResponseOutInvoker
1172:             8            320  com.sun.jersey.server.spi.component.ResourceComponentConstructor
1173:            10            320  com.sun.org.apache.xerces.internal.impl.XMLEntityManager$EncodingInfo
1174:            10            320  java.lang.OutOfMemoryError
1175:             4            320  java.util.concurrent.ScheduledThreadPoolExecutor
1176:            20            320  javax.ws.rs.core.MediaType$1
1177:             5            320  jdk.internal.org.objectweb.asm.Label
1178:            20            320  org.springframework.boot.bind.RelaxedDataBinder$BeanPath
1179:             1            320  org.springframework.cloud.netflix.eureka.server.EurekaServerConfigBean
1180:            10            320  org.springframework.util.PropertyPlaceholderHelper
1181:            20            320  sun.reflect.generics.reflectiveObjects.GenericArrayTypeImpl
1182:            13            312  com.fasterxml.jackson.databind.deser.DeserializerCache
1183:            13            312  com.fasterxml.jackson.databind.introspect.SimpleMixInResolver
1184:            13            312  com.fasterxml.jackson.databind.ser.SerializerCache
1185:            13            312  com.sun.xml.internal.bind.v2.runtime.unmarshaller.WildcardLoader
1186:            13            312  java.lang.RuntimePermission
1187:            13            312  org.apache.coyote.AsyncStateMachine$AsyncState
1188:            13            312  org.springframework.boot.autoconfigure.condition.ConditionMessage$Builder
1189:            13            312  org.springframework.web.servlet.config.annotation.WebMvcConfigurationSupport$$FastClassBySpringCGLIB$$69f69f7c
1190:             3            312  org.springframework.web.servlet.resource.ResourceHttpRequestHandler
1191:            19            304  [Lorg.springframework.jmx.export.metadata.ManagedNotification;
1192:            19            304  com.sun.proxy.$Proxy2
1193:             1            288  [Lorg.springframework.http.HttpStatus;
1194:            12            288  ch.qos.logback.core.pattern.LiteralConverter
1195:             9            288  com.fasterxml.classmate.types.ResolvedPrimitiveType
1196:             9            288  com.fasterxml.jackson.core.util.DefaultPrettyPrinter
1197:             4            288  com.fasterxml.jackson.dataformat.xml.XmlMapper
1198:            12            288  com.netflix.servo.monitor.MaxGauge
1199:            12            288  com.netflix.servo.monitor.MinGauge
1200:            12            288  com.sun.jersey.api.uri.UriComponent$Type
1201:            12            288  com.sun.jersey.server.impl.application.WebApplicationImpl$ContextInjectableProvider
1202:            12            288  com.sun.jersey.server.impl.model.parameter.PathParamInjectableProvider$PathParamInjectable
1203:            18            288  com.sun.jersey.server.impl.uri.rules.TerminatingRule
1204:            18            288  com.sun.proxy.$Proxy102
1205:             9            288  com.sun.xml.internal.bind.v2.runtime.reflect.AdaptedAccessor
1206:            12            288  java.beans.PropertyChangeSupport
1207:             9            288  java.io.FileInputStream
1208:             6            288  java.lang.ThreadGroup
1209:            12            288  java.lang.invoke.Invokers
1210:             9            288  java.util.logging.Level
1211:            18            288  java.util.regex.Pattern$CharPropertyNames$4
1212:            12            288  jdk.internal.org.objectweb.asm.ByteVector
1213:             9            288  org.apache.catalina.core.ApplicationFilterConfig
1214:             9            288  org.apache.tomcat.util.http.NamesEnumerator
1215:             9            288  org.springframework.beans.factory.support.AbstractAutowireCapableBeanFactory$2
1216:             9            288  org.springframework.beans.factory.support.AbstractBeanFactory$1
1217:            12            288  org.springframework.boot.actuate.endpoint.jmx.DataEndpointMBean
1218:             9            288  sun.security.x509.CertificatePoliciesExtension
1219:             9            280  [Ljava.lang.invoke.LambdaForm$BasicType;
1220:             7            280  freemarker.core.Environment$Namespace
1221:             7            280  java.util.Collections$SingletonMap
1222:             5            280  org.hibernate.validator.internal.metadata.aggregated.BeanMetaDataImpl$BeanMetaDataBuilder
1223:             7            280  org.springframework.boot.logging.logback.ColorConverter
1224:             7            280  org.springframework.web.context.request.async.WebAsyncManager
1225:             1            272  [Lcom.ctc.wstx.util.SymbolTable$Bucket;
1226:            17            272  com.sun.jersey.api.model.PathValue
1227:            17            272  com.sun.org.apache.xerces.internal.util.AugmentationsImpl
1228:            17            272  com.sun.proxy.$Proxy12
1229:            17            272  com.sun.proxy.$Proxy135
1230:            17            272  com.sun.proxy.$Proxy144
1231:             1            272  freemarker.core.Environment
1232:            17            272  java.time.format.DateTimeFormatterBuilder$CharLiteralPrinterParser
1233:             2            272  org.apache.coyote.http11.Http11Processor
1234:             2            272  org.apache.tomcat.util.net.NioEndpoint$NioSocketWrapper
1235:            11            264  java.net.StandardSocketOptions$StdSocketOption
1236:            11            264  org.springframework.boot.actuate.autoconfigure.EndpointAutoConfiguration$$EnhancerBySpringCGLIB$$51242f04$$FastClassBySpringCGLIB$$662b8688
1237:            11            264  org.springframework.boot.actuate.autoconfigure.EndpointAutoConfiguration$$FastClassBySpringCGLIB$$193af8e7
1238:            11            264  org.springframework.boot.autoconfigure.cache.CacheType
1239:            11            264  sun.reflect.annotation.TypeAnnotation$TypeAnnotationTarget
1240:             2            256  [Lcom.fasterxml.jackson.databind.DeserializationFeature;
1241:            16            256  [Lcom.sun.jersey.server.impl.inject.AbstractHttpContextInjectable;
1242:             5            256  [Lorg.apache.tomcat.util.modeler.OperationInfo;
1243:             8            256  com.fasterxml.jackson.databind.cfg.DeserializerFactoryConfig
1244:             2            256  com.google.common.cache.LocalCache
1245:             8            256  com.sun.jersey.server.impl.resource.PerRequestFactory$PerRequest
1246:            16            256  com.sun.proxy.$Proxy148
1247:             8            256  java.nio.DirectByteBuffer$Deallocator
1248:             4            256  java.security.SecureRandom
1249:             8            256  java.util.concurrent.Semaphore$NonfairSync
1250:             8            256  javax.management.MBeanNotificationInfo
1251:             4            256  org.springframework.aop.framework.ProxyFactory
1252:             8            256  org.springframework.core.task.SimpleAsyncTaskExecutor$ConcurrencyThrottleAdapter
1253:             8            256  sun.misc.ProxyGenerator$PrimitiveTypeInfo
1254:             8            256  sun.security.x509.CRLDistributionPointsExtension
1255:             6            240  [Ljava.lang.invoke.BoundMethodHandle$SpeciesData;
1256:             2            240  [Lsun.nio.cs.CharsetMapping$Entry;
1257:            10            240  [Lsun.security.x509.AlgorithmId;
1258:            10            240  com.fasterxml.jackson.annotation.JsonFormat$Shape
1259:             6            240  com.fasterxml.jackson.databind.ObjectWriter
1260:            10            240  com.fasterxml.jackson.databind.cfg.SerializerFactoryConfig
1261:             2            240  com.netflix.eureka.util.batcher.AcceptorExecutor
1262:             5            240  com.sun.jersey.spi.service.ServiceFinder$LazyClassIterator
1263:             3            240  com.sun.org.apache.xalan.internal.xsltc.trax.TransformerFactoryImpl
1264:            10            240  com.sun.org.apache.xerces.internal.impl.XMLScanner$NameType
1265:            15            240  com.sun.proxy.$Proxy110
1266:            15            240  com.sun.proxy.$Proxy122
1267:            10            240  com.thoughtworks.xstream.core.util.SerializationMembers
1268:             5            240  freemarker.core.BuiltInsForExistenceHandling$defaultBI
1269:             5            240  freemarker.core.BuiltInsForExistenceHandling$existsBI
1270:            10            240  java.lang.annotation.ElementType
1271:            10            240  java.security.CodeSigner
1272:            10            240  java.security.CryptoPrimitive
1273:             6            240  org.apache.tomcat.util.http.parser.MediaType
1274:             6            240  org.apache.tomcat.util.log.UserDataHelper
1275:             6            240  org.hibernate.validator.internal.metadata.core.AnnotationProcessingOptionsImpl
1276:            10            240  org.hibernate.validator.resourceloading.PlatformResourceBundleLocator
1277:             6            240  org.springframework.beans.factory.annotation.AutowiredAnnotationBeanPostProcessor$AutowiredMethodElement
1278:            15            240  org.springframework.boot.autoconfigure.condition.OnWebApplicationCondition
1279:            10            240  org.springframework.boot.bind.PropertyOrigin
1280:            15            240  org.springframework.boot.logging.logback.LevelRemappingAppender$AppendableLogger
1281:            10            240  org.springframework.cloud.netflix.eureka.server.EurekaServerAutoConfiguration$$EnhancerBySpringCGLIB$$f8adfbb6$$FastClassBySpringCGLIB$$822ab185
1282:            10            240  org.springframework.cloud.netflix.eureka.server.EurekaServerAutoConfiguration$$FastClassBySpringCGLIB$$175b2159
1283:            10            240  org.springframework.core.SerializableTypeWrapper$FieldTypeProvider
1284:            10            240  org.yaml.snakeyaml.events.Event$ID
1285:             6            240  sun.management.MemoryPoolImpl$CollectionSensor
1286:             6            240  sun.management.MemoryPoolImpl$PoolSensor
1287:             5            240  sun.misc.URLClassPath
1288:             3            240  sun.net.www.protocol.jar.URLJarFile
1289:            15            240  sun.security.ec.ECKeyFactory
1290:            10            240  sun.security.provider.certpath.X509CertPath
1291:            10            240  sun.security.util.ManifestDigester
1292:            10            240  sun.security.util.ManifestDigester$Position
1293:             2            224  [Lcom.fasterxml.jackson.databind.SerializationFeature;
1294:             2            224  [Lcom.netflix.eureka.util.EurekaMonitors;
1295:            14            224  com.fasterxml.jackson.databind.introspect.BasicClassIntrospector
1296:             4            224  com.netflix.config.ConcurrentMapConfiguration
1297:             4            224  com.netflix.servo.monitor.StatsTimer
1298:            14            224  com.sun.proxy.$Proxy109
1299:            14            224  com.sun.proxy.$Proxy111
1300:            14            224  com.sun.proxy.$Proxy58
1301:             7            224  freemarker.core.FMParser$LookaheadSuccess
1302:             4            224  freemarker.core.IteratorBlock$IterationContext
1303:             7            224  java.awt.datatransfer.DataFlavor
1304:             7            224  java.lang.StringCoding$StringDecoder
1305:             7            224  java.security.SignatureException
1306:            14            224  javax.xml.bind.annotation.W3CDomHandler
1307:             4            224  jdk.internal.org.objectweb.asm.AnnotationWriter
1308:            14            224  org.apache.catalina.webresources.Cache$EvictionOrder
1309:             7            224  org.apache.tomcat.util.digester.ObjectCreateRule
1310:             7            224  org.apache.tomcat.util.digester.SetNextRule
1311:            14            224  org.springframework.core.$Proxy28
1312:             7            224  org.springframework.web.servlet.HandlerExecutionChain
1313:            14            224  sun.net.www.ParseUtil
1314:             7            224  sun.security.ssl.ProtocolVersion
1315:             9            216  [Lcom.sun.jersey.spi.uri.rules.UriRules;
1316:             7            216  [Ljava.lang.Boolean;
1317:             9            216  com.fasterxml.jackson.core.util.DefaultIndenter
1318:             9            216  com.sun.jersey.api.model.AbstractResourceConstructor
1319:             9            216  com.sun.jersey.api.model.Parameter$Source
1320:             9            216  com.sun.jersey.server.impl.uri.rules.ResourceClassRule
1321:             9            216  com.sun.xml.internal.bind.v2.model.core.Adapter
1322:             1            216  freemarker.template.Configuration
1323:             9            216  java.util.BitSet
1324:             9            216  java.util.logging.Level$KnownLevel
1325:             3            216  org.hibernate.validator.internal.engine.ValidatorFactoryImpl
1326:             9            216  org.springframework.beans.factory.annotation.InitDestroyAnnotationBeanPostProcessor$LifecycleElement
1327:             9            216  org.springframework.boot.actuate.endpoint.mvc.EndpointMvcAdapter
1328:             9            216  org.springframework.boot.bind.RelaxedPropertyResolver
1329:             9            216  sun.security.x509.PolicyInformation
1330:             9            216  sun.util.logging.PlatformLogger$Level
1331:             2            208  [Lcom.fasterxml.jackson.databind.MapperFeature;
1332:             4            208  [Lcom.sun.org.apache.xalan.internal.utils.XMLSecurityManager$State;
1333:             7            208  [Ljava.lang.invoke.LambdaForm$NamedFunction;
1334:             1            208  [Lorg.springframework.expression.spel.standard.TokenKind;
1335:            13            208  com.fasterxml.jackson.databind.cfg.ConfigOverrides
1336:            13            208  com.fasterxml.jackson.databind.jsontype.impl.StdSubtypeResolver
1337:            13            208  com.fasterxml.jackson.databind.util.RootNameLookup
1338:             2            208  com.google.common.collect.MapMakerInternalMap
1339:            13            208  com.sun.proxy.$Proxy114
1340:            13            208  com.sun.xml.internal.bind.v2.util.QNameMap$EntrySet
1341:             2            208  org.apache.coyote.Response
1342:            13            208  org.springframework.boot.actuate.condition.OnEnabledEndpointCondition
1343:            13            208  org.springframework.core.annotation.AnnotatedElementUtils$1
1344:             2            208  sun.util.calendar.ImmutableGregorianDate
1345:             2            200  [Ljava.text.DateFormat$Field;
1346:             1            200  com.sun.org.apache.xerces.internal.impl.XMLDTDScannerImpl
1347:             5            200  java.lang.ClassLoader$NativeLibrary
1348:             5            200  java.lang.invoke.BoundMethodHandle$SpeciesData
1349:             5            200  sun.nio.ch.SocketAdaptor
1350:             5            200  sun.security.ssl.CipherSuite$MacAlg
1351:             8            192  [Lcom.fasterxml.jackson.databind.ser.BeanSerializerModifier;
1352:             8            192  [Lorg.aopalliance.intercept.MethodInterceptor;
1353:            12            192  [Lorg.springframework.asm.Attribute;
1354:             7            192  [Lorg.springframework.web.servlet.HandlerInterceptor;
1355:             2            192  [Lsun.security.ssl.CipherSuite$KeyExchange;
1356:             8            192  com.fasterxml.jackson.databind.deser.BeanDeserializerFactory
1357:             8            192  com.fasterxml.jackson.databind.introspect.AnnotationIntrospectorPair
1358:             2            192  com.google.common.cache.CacheBuilder
1359:             8            192  com.google.gson.internal.bind.TypeAdapters$33
1360:             8            192  com.sun.jersey.core.impl.provider.xml.ThreadLocalSingletonContextProvider$1
1361:             1            192  com.sun.org.apache.xerces.internal.parsers.XIncludeAwareParserConfiguration
1362:            12            192  com.sun.proxy.$Proxy101
1363:            12            192  com.sun.proxy.$Proxy116
1364:            12            192  com.sun.proxy.$Proxy152
1365:            12            192  com.sun.proxy.$Proxy24
1366:            12            192  com.sun.proxy.$Proxy57
1367:            12            192  com.sun.proxy.$Proxy95
1368:             8            192  com.sun.xml.internal.bind.v2.model.annotation.MethodLocatable
1369:             6            192  com.sun.xml.internal.bind.v2.model.impl.ClassInfoImpl$SecondaryAnnotation
1370:             4            192  freemarker.cache.SoftCacheStorage$SoftValueReference
1371:             6            192  freemarker.cache.TemplateCache$MaybeMissingTemplate
1372:             6            192  freemarker.cache.TemplateCache$TemplateKey
1373:             4            192  freemarker.core.BuiltInsForMultipleTypes$is_dateOfTypeBI
1374:             4            192  freemarker.core.BuiltInsForMultipleTypes$stringBI
1375:             4            192  freemarker.core.MixedContent
1376:             6            192  freemarker.ext.beans.BooleanModel
1377:             3            192  freemarker.ext.beans.ClassIntrospector
1378:             8            192  freemarker.template.SimpleSequence
1379:             4            192  freemarker.template.Template$LineTableBuilder
1380:            12            192  java.beans.PropertyChangeSupport$PropertyChangeListenerMap
1381:            12            192  java.lang.ClassLoader$2
1382:             6            192  java.lang.invoke.LambdaForm$BasicType
1383:             8            192  java.lang.invoke.MethodHandleImpl$Intrinsic
1384:             8            192  java.math.RoundingMode
1385:             8            192  java.net.NetPermission
1386:            12            192  java.nio.channels.spi.AbstractInterruptibleChannel$1
1387:             6            192  java.time.format.TextStyle
1388:             8            192  java.util.Vector$1
1389:             4            192  org.apache.catalina.util.Extension
1390:             8            192  org.apache.tomcat.util.net.AbstractEndpoint$Handler$SocketState
1391:             3            192  org.hibernate.validator.internal.engine.ValidatorImpl
1392:             8            192  org.hibernate.validator.internal.util.privilegedactions.LoadClass
1393:             8            192  org.springframework.beans.factory.config.BeanDefinitionHolder
1394:             8            192  org.springframework.boot.actuate.autoconfigure.EndpointWebMvcManagementContextConfiguration$$EnhancerBySpringCGLIB$$20ef06cd$$FastClassBySpringCGLIB$$ee15fe6f
1395:             8            192  org.springframework.boot.actuate.autoconfigure.EndpointWebMvcManagementContextConfiguration$$FastClassBySpringCGLIB$$b5ca4090
1396:             1            192  org.springframework.cloud.netflix.eureka.CloudEurekaClient
1397:             8            192  org.springframework.cloud.netflix.eureka.EurekaClientAutoConfiguration$$EnhancerBySpringCGLIB$$f51040a7$$FastClassBySpringCGLIB$$aa9debaf
1398:             8            192  org.springframework.cloud.netflix.eureka.EurekaClientAutoConfiguration$$FastClassBySpringCGLIB$$af4a592a
1399:             8            192  org.springframework.core.type.StandardAnnotationMetadata
1400:             3            192  org.springframework.core.type.classreading.CachingMetadataReaderFactory$1
1401:             6            192  org.springframework.core.type.filter.AnnotationTypeFilter
1402:             8            192  org.springframework.http.HttpMethod
1403:             8            192  org.springframework.http.server.ServletServerHttpResponse
1404:             8            192  org.springframework.http.server.ServletServerHttpResponse$ServletResponseHttpHeaders
1405:             8            192  org.springframework.util.StopWatch$TaskInfo
1406:             6            192  org.springframework.web.accept.PathExtensionContentNegotiationStrategy
1407:             8            192  org.springframework.web.bind.annotation.RequestMethod
1408:             8            192  org.springframework.web.context.support.ServletContextResource
1409:             8            192  org.springframework.web.cors.UrlBasedCorsConfigurationSource
1410:             4            192  org.springframework.web.util.HierarchicalUriComponents
1411:             4            192  org.springframework.web.util.UriComponentsBuilder
1412:             8            192  org.yaml.snakeyaml.scanner.Constant
1413:             2            192  sun.net.www.protocol.jar.URLJarFile$URLJarFileEntry
1414:             8            192  sun.nio.ch.Util$BufferCache
1415:            12            192  sun.reflect.annotation.AnnotationInvocationHandler$1
1416:             4            192  sun.security.provider.DSA$SHA1withDSA
1417:             2            192  sun.security.provider.Sun
1418:             6            192  sun.security.util.MemoryCache
1419:            12            192  sun.security.x509.DNSName
1420:             1            184  org.apache.tomcat.util.net.NioEndpoint
1421:            11            176  com.sun.jersey.server.impl.inject.InjectableValuesProvider
1422:            11            176  com.sun.jersey.server.impl.model.parameter.HeaderParamInjectableProvider$HeaderParamInjectable
1423:             1            176  com.sun.org.apache.xerces.internal.impl.dtd.XMLDTDValidator
1424:             1            176  com.sun.org.apache.xerces.internal.impl.dtd.XMLNSDTDValidator
1425:            11            176  com.sun.proxy.$Proxy103
1426:            11            176  com.sun.proxy.$Proxy69
1427:            11            176  java.text.NumberFormat$Field
1428:             2            176  org.apache.catalina.deploy.NamingResourcesImpl
1429:             2            176  org.apache.coyote.RequestInfo
1430:             2            176  org.apache.coyote.http11.Http11InputBuffer
1431:            11            176  org.springframework.core.DefaultParameterNameDiscoverer
1432:            11            176  org.springframework.core.LocalVariableTableParameterNameDiscoverer
1433:            11            176  org.springframework.core.StandardReflectionParameterNameDiscoverer
1434:            11            176  org.springframework.web.servlet.mvc.method.RequestMappingInfoHandlerMapping$PartialMatchHelper
1435:             2            176  sun.net.www.protocol.jar.JarURLConnection
1436:            11            176  sun.security.x509.CertificatePolicyId
1437:             1            168  [[Ljava.math.BigInteger;
1438:             7            168  ch.qos.logback.classic.Level
1439:             7            168  com.fasterxml.jackson.databind.ObjectWriter$Prefetch
1440:             7            168  com.netflix.config.DeploymentContext$ContextKey
1441:             3            168  com.sun.jersey.api.model.AbstractResourceMethod
1442:             7            168  com.sun.management.VMOption$Origin
1443:             7            168  com.sun.org.apache.xerces.internal.util.FeatureState
1444:             7            168  com.sun.xml.internal.bind.v2.model.impl.ClassInfoImpl$PropertyGroup
1445:             7            168  java.awt.datatransfer.MimeType
1446:             3            168  javax.management.openmbean.OpenMBeanOperationInfoSupport
1447:             7            168  javax.validation.ElementKind
1448:             1            168  org.apache.catalina.core.StandardHost
1449:             7            168  org.apache.tomcat.util.digester.SetPropertiesRule
1450:             3            168  org.codehaus.jettison.mapped.MappedNamespaceConvention
1451:             7            168  org.springframework.beans.factory.annotation.AutowiredAnnotationBeanPostProcessor$1
1452:             7            168  org.springframework.boot.actuate.autoconfigure.MetricsFilter$PatternReplacer
1453:             7            168  org.springframework.boot.actuate.trace.Trace
1454:             7            168  org.springframework.boot.loader.jar.CentralDirectoryEndRecord
1455:             7            168  org.springframework.boot.loader.jar.CentralDirectoryParser
1456:             7            168  org.springframework.boot.logging.LogLevel
1457:             7            168  org.springframework.cglib.proxy.CallbackInfo
1458:             7            168  org.springframework.cloud.netflix.metrics.servo.ServoMetricsAutoConfiguration$$EnhancerBySpringCGLIB$$399c037e$$FastClassBySpringCGLIB$$6f4decb9
1459:             7            168  org.springframework.cloud.netflix.metrics.servo.ServoMetricsAutoConfiguration$$FastClassBySpringCGLIB$$7bcf821
1460:             7            168  org.springframework.core.env.MapPropertySource
1461:             7            168  org.springframework.web.servlet.DispatcherServlet$1
1462:             7            168  org.springframework.web.servlet.mvc.method.annotation.RequestResponseBodyAdviceChain
1463:             7            168  sun.net.www.MessageHeader
1464:             3            168  sun.nio.ch.SinkChannelImpl
1465:             3            168  sun.nio.ch.SourceChannelImpl
1466:             7            168  sun.security.x509.NetscapeCertTypeExtension$MapEntry
1467:             5            160  ch.qos.logback.core.util.COWArrayList
1468:             5            160  com.ctc.wstx.api.WriterConfig
1469:             5            160  com.ctc.wstx.stax.WstxInputFactory
1470:             4            160  com.fasterxml.jackson.core.Base64Variant
1471:             4            160  com.fasterxml.jackson.core.Version
1472:            10            160  com.fasterxml.jackson.databind.introspect.AnnotationMap
1473:            10            160  com.fasterxml.jackson.databind.ser.BeanSerializerFactory
1474:             2            160  com.netflix.config.ConcurrentCompositeConfiguration
1475:             4            160  com.netflix.servo.stats.StatsConfig
1476:             4            160  com.netflix.servo.stats.StatsConfig$Builder
1477:             4            160  com.sun.jersey.core.util.KeyComparatorHashMap$EntryIterator
1478:            10            160  com.sun.jersey.server.impl.uri.rules.AtomicMatchingPatterns
1479:             5            160  com.sun.jersey.spi.service.ServiceFinder
1480:             4            160  com.sun.org.apache.xerces.internal.impl.dtd.XMLSimpleType
1481:            10            160  com.sun.proxy.$Proxy72
1482:            10            160  com.sun.proxy.$Proxy75
1483:             5            160  com.sun.xml.internal.bind.v2.model.core.PropertyKind
1484:             5            160  com.sun.xml.internal.bind.v2.model.impl.RuntimeEnumConstantImpl
1485:            10            160  com.sun.xml.internal.bind.v2.model.impl.RuntimeModelBuilder$IDTransducerImpl
1486:             2            160  com.thoughtworks.xstream.core.util.CompositeClassLoader
1487:            10            160  com.thoughtworks.xstream.mapper.DefaultMapper
1488:             4            160  freemarker.cache.TemplateCache$CachedTemplate
1489:             2            160  freemarker.core.Include
1490:             4            160  freemarker.core.Macro$Context
1491:             5            160  java.util.Random
1492:             4            160  java.util.ServiceLoader$LazyIterator
1493:             4            160  java.util.concurrent.LinkedBlockingDeque
1494:            10            160  java.util.jar.JarVerifier$3
1495:             5            160  java.util.regex.Pattern$3
1496:             5            160  javax.management.MalformedObjectNameException
1497:             5            160  javax.management.StandardEmitterMBean
1498:             5            160  org.apache.catalina.core.StandardPipeline
1499:             2            160  org.apache.catalina.core.StandardWrapperValve
1500:             4            160  org.apache.catalina.mbeans.ContainerMBean
1501:            10            160  org.apache.commons.logging.impl.NoOpLog
1502:             1            160  org.apache.coyote.http11.Http11NioProtocol
1503:            10            160  org.apache.tomcat.util.threads.TaskThread$WrappingRunnable
1504:             2            160  org.hibernate.validator.internal.engine.ConfigurationImpl
1505:             1            160  org.springframework.cloud.netflix.eureka.EurekaClientConfigBean
1506:             2            160  org.springframework.context.support.PropertySourcesPlaceholderConfigurer
1507:             4            160  org.springframework.http.converter.json.MappingJackson2HttpMessageConverter
1508:             4            160  org.springframework.http.converter.xml.MappingJackson2XmlHttpMessageConverter
1509:             4            160  org.springframework.web.accept.ServletPathExtensionContentNegotiationStrategy
1510:             2            160  org.springframework.web.servlet.handler.SimpleUrlHandlerMapping
1511:             2            160  org.springframework.web.servlet.mvc.method.annotation.ExtendedServletRequestDataBinder
1512:             1            160  org.springframework.web.servlet.mvc.method.annotation.RequestMappingHandlerAdapter
1513:             5            160  sun.security.provider.SecureRandom
1514:            10            160  sun.security.util.AbstractAlgorithmConstraints$1
1515:             5            160  sun.util.locale.provider.LocaleProviderAdapter$Type
1516:             1            152  com.netflix.appinfo.InstanceInfo
1517:             1            152  org.apache.catalina.session.StandardManager
1518:             3            144  [F
1519:             2            144  [Ljava.math.BigDecimal;
1520:             6            144  [Ljava.net.InetSocketAddress;
1521:             4            144  [Lorg.apache.catalina.core.ApplicationFilterConfig;
1522:             3            144  [Lsun.nio.ch.SelectionKeyImpl;
1523:             2            144  [Lsun.security.ssl.SSLCipher;
1524:             6            144  com.fasterxml.jackson.annotation.JsonAutoDetect$Visibility
1525:             6            144  com.fasterxml.jackson.annotation.JsonInclude$Include
1526:             6            144  com.fasterxml.jackson.annotation.JsonInclude$Value
1527:             6            144  com.fasterxml.jackson.core.JsonParser$NumberType
1528:             6            144  com.netflix.servo.monitor.NumericMonitorWrapper
1529:             9            144  com.sun.jersey.server.impl.uri.rules.CombiningMatchingPatterns
1530:             9            144  com.sun.jersey.server.impl.uri.rules.SequentialMatchingPatterns
1531:             9            144  com.sun.jersey.server.spi.component.ResourceComponentDestructor
1532:             6            144  com.sun.jersey.spi.container.servlet.WebComponent$ContextInjectableProvider
1533:             6            144  com.sun.org.apache.xerces.internal.util.Status
1534:             9            144  com.sun.proxy.$Proxy121
1535:             9            144  com.sun.proxy.$Proxy127
1536:             9            144  com.sun.proxy.$Proxy96
1537:             3            144  com.sun.xml.internal.bind.v2.runtime.property.SingleElementNodeProperty
1538:             3            144  freemarker.core.BuiltInsForDates$dateType_if_unknownBI
1539:             3            144  freemarker.core.BuiltInsForMultipleTypes$dateBI
1540:             3            144  freemarker.core.BuiltInsForMultipleTypes$is_booleanBI
1541:             3            144  freemarker.core.BuiltInsForMultipleTypes$sizeBI
1542:             3            144  freemarker.core.BuiltInsForNumbers$number_to_dateBI
1543:             3            144  freemarker.core.BuiltInsForStringsBasic$index_ofBI
1544:             9            144  freemarker.template.SimpleNumber
1545:             6            144  java.io.PushbackInputStream
1546:             6            144  java.security.SecurityPermission
1547:             6            144  java.util.TaskQueue
1548:             6            144  java.util.Timer
1549:             6            144  java.util.concurrent.Executors$RunnableAdapter
1550:             6            144  java.util.regex.Pattern$CharPropertyNames$2
1551:             6            144  javax.validation.executable.ExecutableType
1552:             6            144  javax.xml.datatype.DatatypeConstants$Field
1553:             2            144  org.apache.catalina.connector.InputBuffer
1554:             2            144  org.apache.catalina.connector.Response
1555:             6            144  org.apache.catalina.servlet4preview.http.MappingMatch
1556:             6            144  org.apache.coyote.http11.Http11InputBuffer$HeaderParsePosition
1557:             6            144  org.apache.log4j.Logger
1558:             2            144  org.apache.tomcat.util.http.Parameters
1559:             6            144  org.apache.tomcat.util.net.SocketEvent
1560:             6            144  org.hibernate.validator.internal.engine.groups.DefaultValidationOrder
1561:             6            144  org.hibernate.validator.internal.engine.groups.ValidationOrderGenerator
1562:             6            144  org.hibernate.validator.internal.metadata.raw.ConstrainedElement$ConstrainedElementKind
1563:             3            144  org.hibernate.validator.internal.xml.ValidationBootstrapParameters
1564:             3            144  org.hibernate.validator.messageinterpolation.ResourceBundleMessageInterpolator
1565:             6            144  org.jboss.logging.Logger$Level
1566:             3            144  org.joda.time.format.DateTimeFormatter
1567:             6            144  org.springframework.beans.ExtendedBeanInfo
1568:             2            144  org.springframework.boot.SpringApplication
1569:             6            144  org.springframework.boot.actuate.autoconfigure.OnEnabledHealthIndicatorCondition
1570:             1            144  org.springframework.boot.context.embedded.AnnotationConfigEmbeddedWebApplicationContext
1571:             1            144  org.springframework.boot.context.embedded.tomcat.TomcatEmbeddedWebappClassLoader
1572:             2            144  org.springframework.context.annotation.ClassPathBeanDefinitionScanner
1573:             6            144  org.springframework.context.expression.AnnotatedElementKey
1574:             6            144  org.springframework.core.io.DefaultResourceLoader
1575:             6            144  org.springframework.format.datetime.standard.TemporalAccessorParser
1576:             6            144  org.springframework.http.converter.ResourceHttpMessageConverter
1577:             6            144  org.springframework.web.accept.ContentNegotiationManager
1578:             9            144  org.springframework.web.context.request.RequestScope
1579:             6            144  org.springframework.web.servlet.handler.AbstractUrlHandlerMapping$PathExposingHandlerInterceptor
1580:             6            144  org.springframework.web.servlet.resource.DefaultResourceResolverChain
1581:             6            144  sun.misc.PerfCounter
1582:             3            144  sun.misc.ProxyGenerator
1583:             3            144  sun.nio.ch.WindowsSelectorImpl$FdMap
1584:             3            144  sun.nio.cs.StreamEncoder
1585:             6            144  sun.security.action.GetPropertyAction
1586:             6            144  sun.security.provider.DSAParameters
1587:             6            144  sun.security.util.DisabledAlgorithmConstraints$Constraint$Operator
1588:             6            136  [Lcom.fasterxml.jackson.databind.deser.BeanDeserializerModifier;
1589:             1            136  [Ljava.time.temporal.ChronoField;
1590:             1            136  com.netflix.discovery.shared.NamedConnectionPool
1591:             1            136  com.sun.jersey.server.impl.application.WebApplicationImpl
1592:             1            136  org.springframework.boot.context.embedded.tomcat.TomcatEmbeddedServletContainerFactory
1593:             1            136  org.springframework.cloud.netflix.eureka.server.InstanceRegistry
1594:             4            128  [Lcom.google.common.collect.MapMakerInternalMap$EntryFactory;
1595:             8            128  com.google.gson.TypeAdapter$1
1596:             8            128  com.sun.jersey.core.util.KeyComparatorHashMap$EntrySet
1597:             4            128  com.sun.jmx.mbeanserver.DefaultMXBeanMappingFactory$ArrayMapping
1598:             4            128  com.sun.org.apache.xerces.internal.util.XMLResourceIdentifierImpl
1599:             8            128  com.sun.proxy.$Proxy31
1600:             8            128  com.sun.proxy.$Proxy50
1601:             8            128  com.sun.proxy.$Proxy51
1602:             8            128  com.thoughtworks.xstream.converters.reflection.SerializationMethodInvoker
1603:             2            128  com.thoughtworks.xstream.mapper.AnnotationMapper
1604:             4            128  com.thoughtworks.xstream.mapper.ImplicitCollectionMapper$ImplicitCollectionMapperForClass
1605:             4            128  com.thoughtworks.xstream.mapper.ImplicitCollectionMapper$ImplicitCollectionMappingImpl
1606:             4            128  freemarker.cache.TemplateCache$TemplateCacheTemplateLookupContext
1607:             4            128  freemarker.template.SimpleCollection
1608:             2            128  java.io.ExpiringCache$1
1609:             2            128  java.io.StreamTokenizer
1610:             8            128  java.util.Hashtable$KeySet
1611:             4            128  java.util.ServiceLoader
1612:             4            128  java.util.concurrent.ScheduledThreadPoolExecutor$DelayedWorkQueue
1613:             8            128  java.util.concurrent.Semaphore
1614:             8            128  java.util.regex.Pattern$CharPropertyNames$3
1615:             2            128  org.apache.catalina.connector.OutputBuffer
1616:             1            128  org.apache.catalina.core.StandardEngine
1617:             2            128  org.apache.catalina.mapper.MappingData
1618:             4            128  org.apache.coyote.ErrorState
1619:             2            128  org.apache.coyote.http11.filters.ChunkedInputFilter
1620:             4            128  org.apache.tomcat.util.collections.SynchronizedStack
1621:             4            128  org.apache.tomcat.util.modeler.modules.MbeansDescriptorsIntrospectionSource
1622:             4            128  org.springframework.beans.factory.support.ConstructorResolver$ArgumentsHolder
1623:             2            128  org.springframework.beans.factory.support.DefaultListableBeanFactory$NestedDependencyDescriptor
1624:             4            128  org.springframework.boot.autoconfigure.condition.ConditionalOnJava$JavaVersion
1625:             2            128  org.springframework.boot.context.properties.ConfigurationPropertiesBindingPostProcessor
1626:             4            128  org.springframework.boot.loader.data.RandomAccessDataFile$FilePool
1627:             1            128  org.springframework.cloud.netflix.eureka.EurekaInstanceConfigBean
1628:             2            128  org.springframework.context.annotation.CommonAnnotationBeanPostProcessor
1629:             4            128  org.springframework.context.annotation.ConditionEvaluator$ConditionContextImpl
1630:             2            128  org.springframework.context.annotation.ConfigurationClassPostProcessor
1631:             4            128  org.springframework.expression.spel.SpelParserConfiguration
1632:             4            128  org.springframework.http.converter.StringHttpMessageConverter
1633:             8            128  org.springframework.web.cors.DefaultCorsProcessor
1634:             4            128  org.springframework.web.method.annotation.RequestParamMethodArgumentResolver
1635:             2            128  org.springframework.web.servlet.config.annotation.WebMvcConfigurationSupport$EmptyHandlerMapping
1636:             2            128  org.springframework.web.servlet.view.AbstractCachingViewResolver$2
1637:             4            128  sun.nio.ch.ServerSocketAdaptor
1638:             2            128  sun.nio.cs.ext.DoubleByte$Encoder_DBCSONLY
1639:             2            120  [Lcom.thoughtworks.xstream.io.xml.XmlFriendlyNameCoder$IntPair;
1640:             3            120  [Ljavax.servlet.DispatcherType;
1641:             6            120  [Lorg.apache.catalina.Valve;
1642:             6            120  [Lorg.springframework.aop.Advisor;
1643:             5            120  ch.qos.logback.core.pattern.parser.TokenStream$TokenizerState
1644:             5            120  ch.qos.logback.core.subst.Token$Type
1645:             5            120  com.fasterxml.jackson.annotation.JsonTypeInfo$As
1646:             5            120  com.fasterxml.jackson.annotation.JsonTypeInfo$Id
1647:             5            120  com.netflix.appinfo.InstanceInfo$InstanceStatus
1648:             5            120  com.netflix.servo.annotations.DataSourceType
1649:             5            120  com.sun.activation.registries.MimeTypeFile
1650:             5            120  com.sun.jersey.api.client.Client$ContextInjectableProvider
1651:             5            120  com.sun.jersey.core.header.reader.HttpHeaderReader$Event
1652:             5            120  com.sun.org.apache.xalan.internal.utils.FeaturePropertyBase$State
1653:             5            120  com.sun.org.apache.xalan.internal.utils.XMLSecurityManager$State
1654:             1            120  com.sun.org.apache.xerces.internal.impl.XMLEntityManager
1655:             3            120  com.sun.org.apache.xerces.internal.impl.dtd.XMLEntityDecl
1656:             1            120  com.sun.org.apache.xerces.internal.jaxp.SAXParserImpl$JAXPSAXParser
1657:             5            120  com.sun.org.apache.xerces.internal.util.PropertyState
1658:             5            120  com.sun.org.apache.xerces.internal.utils.XMLSecurityManager$State
1659:             5            120  com.sun.org.apache.xerces.internal.utils.XMLSecurityPropertyManager$State
1660:             5            120  com.sun.research.ws.wadl.ParamStyle
1661:             5            120  com.thoughtworks.xstream.converters.basic.BooleanConverter
1662:             3            120  freemarker.core.BooleanLiteral
1663:             3            120  freemarker.core.ExistsExpression
1664:             3            120  freemarker.ext.beans.BeansModelCache
1665:             3            120  java.lang.invoke.BoundMethodHandle$Species_LL
1666:             3            120  java.lang.invoke.MethodHandleImpl$AsVarargsCollector
1667:             5            120  java.lang.invoke.MethodHandles$Lookup
1668:             5            120  java.time.format.SignStyle
1669:             5            120  java.util.concurrent.atomic.AtomicMarkableReference$Pair
1670:             5            120  javax.crypto.CryptoPermissions
1671:             5            120  javax.servlet.DispatcherType
1672:             5            120  jdk.xml.internal.JdkXmlFeatures$State
1673:             1            120  org.apache.catalina.connector.Connector
1674:             5            120  org.apache.catalina.core.ContainerBase$StartStopThreadFactory
1675:             3            120  org.hibernate.validator.internal.metadata.BeanMetaDataManager
1676:             5            120  org.hibernate.validator.internal.metadata.aggregated.BeanMetaDataImpl$DefaultGroupSequenceContext
1677:             5            120  org.hibernate.validator.internal.util.privilegedactions.GetMethod
1678:             5            120  org.springframework.beans.factory.config.EmbeddedValueResolver
1679:             1            120  org.springframework.boot.actuate.endpoint.jmx.EndpointMBeanExporter
1680:             5            120  org.springframework.boot.actuate.health.Status
1681:             5            120  org.springframework.boot.ansi.AnsiStyle
1682:             5            120  org.springframework.boot.context.config.ConfigFileApplicationListener$PropertySourceOrderingPostProcessor
1683:             5            120  org.springframework.cloud.client.actuator.HasFeatures
1684:             5            120  org.springframework.cloud.client.actuator.NamedFeature
1685:             5            120  org.springframework.cloud.netflix.ribbon.RibbonAutoConfiguration$$EnhancerBySpringCGLIB$$406754b2$$FastClassBySpringCGLIB$$267d86b0
1686:             5            120  org.springframework.cloud.netflix.ribbon.RibbonAutoConfiguration$$FastClassBySpringCGLIB$$1a77d6d5
1687:             1            120  org.springframework.context.annotation.AnnotationConfigApplicationContext
1688:             5            120  org.springframework.context.annotation.AnnotationScopeMetadataResolver
1689:             5            120  org.springframework.context.annotation.FilterType
1690:             3            120  org.springframework.context.event.SimpleApplicationEventMulticaster
1691:             5            120  org.springframework.core.NamedThreadLocal
1692:             5            120  org.springframework.core.convert.support.DefaultConversionService
1693:             5            120  org.springframework.core.type.StandardMethodMetadata
1694:             5            120  org.springframework.http.HttpStatus$Series
1695:             3            120  org.springframework.web.servlet.mvc.method.annotation.HttpEntityMethodProcessor
1696:             3            120  org.springframework.web.servlet.mvc.method.annotation.RequestResponseBodyMethodProcessor
1697:             5            120  org.yaml.snakeyaml.DumperOptions$ScalarStyle
1698:             3            120  sun.misc.FloatingDecimal$BinaryToASCIIBuffer
1699:             5            120  sun.misc.FloatingDecimal$PreparedASCIIToBinaryBuffer
1700:             5            120  sun.nio.fs.WindowsPathType
1701:             3            120  sun.security.provider.DSAPublicKeyImpl
1702:             5            120  sun.security.ssl.SupportedGroupsExtension$NamedGroupType
1703:             5            120  sun.security.util.DisabledAlgorithmConstraints
1704:             5            120  sun.util.resources.ParallelListResourceBundle$KeySet
1705:             4            112  [Lcom.sun.jersey.core.spi.component.ComponentScope;
1706:             4            112  [Lcom.sun.org.apache.xalan.internal.utils.FeaturePropertyBase$State;
1707:             3            112  [Lcom.sun.org.apache.xerces.internal.util.XMLAttributesImpl$Attribute;
1708:             2            112  [Ljava.lang.invoke.MethodType;
1709:             2            112  [Ljava.security.CryptoPrimitive;
1710:             4            112  [Ljdk.xml.internal.JdkXmlFeatures$State;
1711:             1            112  [Lorg.yaml.snakeyaml.tokens.Token$ID;
1712:             2            112  [Lsun.util.logging.PlatformLogger$Level;
1713:             7            112  com.fasterxml.classmate.TypeResolver
1714:             7            112  com.fasterxml.classmate.util.ResolvedTypeCache
1715:             2            112  com.fasterxml.jackson.databind.type.CollectionType
1716:             2            112  com.netflix.discovery.shared.Applications
1717:             2            112  com.sun.org.apache.xerces.internal.util.XMLAttributesIteratorImpl
1718:             7            112  com.sun.proxy.$Proxy67
1719:             7            112  com.sun.proxy.$Proxy7
1720:             2            112  freemarker.core.LibraryLoad
1721:             2            112  freemarker.core.ReturnInstruction
1722:             7            112  java.awt.datatransfer.MimeTypeParameterList
1723:             2            112  java.net.SocketPermission
1724:             2            112  org.apache.catalina.connector.CoyoteReader
1725:             1            112  org.apache.catalina.core.StandardServer
1726:             2            112  org.apache.coyote.http11.Http11OutputBuffer
1727:             1            112  org.apache.tomcat.util.digester.Digester
1728:             2            112  org.apache.tomcat.util.scan.StandardJarScanFilter
1729:             7            112  org.springframework.boot.actuate.endpoint.mvc.$Proxy145
1730:             1            112  org.springframework.boot.actuate.endpoint.mvc.EndpointHandlerMapping
1731:             2            112  org.springframework.boot.context.properties.ConfigurationPropertiesBindingPostProcessor$ValidatedLocalValidatorFactoryBean
1732:             7            112  org.springframework.boot.loader.jar.JarFile$1
1733:             2            112  org.springframework.boot.web.servlet.FilterRegistrationBean
1734:             7            112  org.springframework.context.i18n.SimpleLocaleContext
1735:             2            112  org.springframework.expression.spel.support.StandardEvaluationContext
1736:             2            112  org.springframework.validation.BeanPropertyBindingResult
1737:             1            112  org.springframework.web.servlet.DispatcherServlet
1738:             7            112  org.springframework.web.servlet.FrameworkServlet$RequestBindingInterceptor
1739:             2            112  sun.nio.cs.ext.DoubleByte$Decoder_DBCSONLY
1740:             2            112  sun.security.provider.MD5
1741:             3            104  [Lorg.springframework.core.io.Resource;
1742:             1            104  ch.qos.logback.classic.LoggerContext
1743:             1            104  java.lang.invoke.InnerClassLambdaMetafactory
1744:             1            104  org.apache.tomcat.util.net.SocketProperties
1745:             1            104  org.apache.tomcat.websocket.server.WsServerContainer
1746:             1            104  org.springframework.web.servlet.view.InternalResourceViewResolver
1747:             1            104  org.springframework.web.servlet.view.freemarker.FreeMarkerViewResolver
1748:             5             96  [Lch.qos.logback.core.Appender;
1749:             2             96  [Lcom.google.common.cache.LocalCache$EntryFactory;
1750:             2             96  [Lcom.sun.org.apache.xerces.internal.utils.XMLSecurityManager$State;
1751:             2             96  [Lcom.thoughtworks.xstream.core.util.ThreadSafeSimpleDateFormat;
1752:             3             96  [Ljava.text.SimpleDateFormat;
1753:             2             96  [Lorg.springframework.http.HttpMethod;
1754:             1             96  [[J
1755:             4             96  ch.qos.logback.core.pattern.parser.Token
1756:             4             96  ch.qos.logback.core.subst.Token
1757:             4             96  com.fasterxml.classmate.AnnotationInclusion
1758:             4             96  com.fasterxml.jackson.annotation.JsonCreator$Mode
1759:             4             96  com.fasterxml.jackson.annotation.JsonProperty$Access
1760:             4             96  com.fasterxml.jackson.core.JsonFactory$Feature
1761:             4             96  com.fasterxml.jackson.dataformat.xml.JacksonXmlAnnotationIntrospector
1762:             4             96  com.google.common.cache.LocalCache$AccessQueue$1
1763:             4             96  com.google.common.cache.LocalCache$WriteQueue$1
1764:             2             96  com.google.common.collect.Multimaps$CustomListMultimap
1765:             2             96  com.netflix.eureka.util.batcher.TrafficShaper
1766:             4             96  com.netflix.servo.monitor.StatsMonitor$1
1767:             1             96  com.sun.crypto.provider.SunJCE
1768:             2             96  com.sun.jersey.core.spi.factory.MessageBodyFactory
1769:             4             96  com.sun.jersey.core.spi.factory.MessageBodyFactory$DistanceComparator
1770:             3             96  com.sun.jmx.mbeanserver.DefaultMXBeanMappingFactory$EnumMapping
1771:             1             96  com.sun.net.ssl.internal.ssl.Provider
1772:             3             96  com.sun.org.apache.xalan.internal.utils.XMLSecurityManager
1773:             3             96  com.sun.org.apache.xalan.internal.utils.XMLSecurityManager$NameMap
1774:             2             96  com.sun.org.apache.xerces.internal.impl.XMLDocumentFragmentScannerImpl$ElementStack
1775:             1             96  com.sun.org.apache.xerces.internal.impl.dtd.XMLDTDProcessor
1776:             3             96  com.sun.org.apache.xerces.internal.utils.XMLSecurityManager$NameMap
1777:             6             96  com.sun.proxy.$Proxy10
1778:             6             96  com.sun.proxy.$Proxy138
1779:             6             96  com.sun.proxy.$Proxy47
1780:             6             96  com.sun.proxy.$Proxy71
1781:             1             96  com.sun.xml.internal.bind.v2.runtime.JAXBContextImpl
1782:             6             96  com.thoughtworks.xstream.converters.extended.JavaClassConverter
1783:             4             96  com.thoughtworks.xstream.converters.extended.TextAttributeConverter
1784:             4             96  com.thoughtworks.xstream.mapper.ImplicitCollectionMapper$NamedItemType
1785:             4             96  freemarker.cache.MultiTemplateLoader$MultiSource
1786:             4             96  freemarker.cache.TemplateLookupResult$PositiveTemplateLookupResult
1787:             2             96  freemarker.core.BuiltInsForExistenceHandling$has_contentBI
1788:             2             96  freemarker.core.BuiltInsForMultipleTypes$cBI$BIBeforeICE2d3d21
1789:             2             96  freemarker.core.BuiltInsForMultipleTypes$is_hashBI
1790:             2             96  freemarker.core.BuiltInsForMultipleTypes$is_numberBI
1791:             2             96  freemarker.core.BuiltInsForMultipleTypes$is_stringBI
1792:             2             96  freemarker.core.BuiltInsForSequences$seq_index_ofBI
1793:             2             96  freemarker.core.BuiltInsForStringsBasic$padBI
1794:             2             96  freemarker.core.BuiltInsForStringsMisc$numberBI
1795:             4             96  freemarker.ext.beans.ArgumentTypes
1796:             4             96  freemarker.ext.beans.BeansWrapper$MethodAppearanceDecision
1797:             4             96  freemarker.ext.beans.MemberAndArguments
1798:             4             96  freemarker.ext.beans.StringModel
1799:             6             96  freemarker.log._Log4jLoggerFactory$Log4jLogger
1800:             3             96  java.io.FileOutputStream
1801:             3             96  java.lang.NoClassDefFoundError
1802:             3             96  java.lang.reflect.WeakCache$Factory
1803:             4             96  java.math.MathContext
1804:             4             96  java.net.InetAddress$CacheEntry
1805:             4             96  java.security.spec.DSAParameterSpec
1806:             4             96  java.text.Normalizer$Form
1807:             4             96  java.time.format.DateTimeFormatterBuilder$OffsetIdPrinterParser
1808:             4             96  java.time.format.DateTimeFormatterBuilder$SettingsParser
1809:             4             96  java.time.format.FormatStyle
1810:             4             96  java.util.ServiceLoader$1
1811:             6             96  java.util.Timer$1
1812:             6             96  java.util.concurrent.ConcurrentHashMap$EntrySetView
1813:             6             96  java.util.zip.CRC32
1814:             4             96  javax.annotation.meta.When
1815:             4             96  javax.management.NotificationBroadcasterSupport
1816:             2             96  javax.management.openmbean.TabularType
1817:             4             96  javax.xml.bind.annotation.XmlAccessType
1818:             2             96  jdk.internal.org.objectweb.asm.Frame
1819:             4             96  jdk.net.ExtendedSocketOptions$ExtSocketOption
1820:             2             96  org.apache.catalina.connector.CoyoteWriter
1821:             2             96  org.apache.catalina.mbeans.NamingResourcesMBean
1822:             1             96  org.apache.http.impl.client.DefaultHttpClient
1823:             3             96  org.apache.tomcat.util.buf.UDecoder$DecodeException
1824:             3             96  org.apache.tomcat.util.collections.SynchronizedQueue
1825:             4             96  org.apache.tomcat.util.digester.ArrayStack
1826:             4             96  org.apache.tomcat.util.http.MimeHeaders
1827:             4             96  org.apache.tomcat.util.log.UserDataHelper$Config
1828:             4             96  org.apache.tomcat.util.net.AbstractEndpoint$Acceptor$AcceptorState
1829:             2             96  org.apache.tomcat.util.net.NioEndpoint$Poller
1830:             1             96  org.apache.tomcat.util.threads.ThreadPoolExecutor
1831:             3             96  org.hibernate.validator.internal.cfg.context.DefaultConstraintMapping
1832:             4             96  org.hibernate.validator.internal.engine.valuehandling.JavaFXPropertyValueUnwrapper
1833:             4             96  org.hibernate.validator.internal.engine.valuehandling.OptionalValueUnwrapper
1834:             3             96  org.hibernate.validator.internal.metadata.provider.TypeAnnotationAwareMetaDataProvider
1835:             6             96  org.hibernate.validator.internal.util.privilegedactions.GetDeclaredConstructors
1836:             6             96  org.hibernate.validator.internal.util.privilegedactions.GetDeclaredFields
1837:             6             96  org.hibernate.validator.internal.util.privilegedactions.GetDeclaredMethods
1838:             2             96  org.springframework.aop.framework.AdvisedSupport
1839:             6             96  org.springframework.beans.ExtendedBeanInfo$PropertyDescriptorComparator
1840:             2             96  org.springframework.beans.SimpleTypeConverter
1841:             2             96  org.springframework.beans.factory.annotation.AutowiredAnnotationBeanPostProcessor
1842:             4             96  org.springframework.beans.factory.config.RuntimeBeanReference
1843:             3             96  org.springframework.beans.factory.support.BeanDefinitionValueResolver
1844:             6             96  org.springframework.beans.factory.support.ConstructorResolver
1845:             4             96  org.springframework.boot.actuate.autoconfigure.ManagementServerProperties$SessionCreationPolicy
1846:             4             96  org.springframework.boot.autoconfigure.condition.SearchStrategy
1847:             4             96  org.springframework.boot.autoconfigure.jmx.JmxAutoConfiguration$$EnhancerBySpringCGLIB$$c28663f4$$FastClassBySpringCGLIB$$264c443a
1848:             4             96  org.springframework.boot.autoconfigure.jmx.JmxAutoConfiguration$$FastClassBySpringCGLIB$$e2017fd7
1849:             1             96  org.springframework.boot.autoconfigure.web.ServerProperties
1850:             4             96  org.springframework.boot.autoconfigure.web.WebMvcAutoConfiguration$EnableWebMvcConfiguration$$FastClassBySpringCGLIB$$81966224
1851:             4             96  org.springframework.boot.loader.jar.JarFile$2
1852:             4             96  org.springframework.boot.loader.jar.JarFileEntries$EntryIterator
1853:             6             96  org.springframework.context.annotation.AnnotationBeanNameGenerator
1854:             4             96  org.springframework.context.annotation.ScopedProxyMode
1855:             4             96  org.springframework.context.support.ApplicationListenerDetector
1856:             6             96  org.springframework.core.convert.support.ByteBufferConverter
1857:             6             96  org.springframework.core.convert.support.CharacterToNumberFactory
1858:             6             96  org.springframework.core.convert.support.EnumToIntegerConverter
1859:             6             96  org.springframework.core.convert.support.EnumToStringConverter
1860:             6             96  org.springframework.core.convert.support.FallbackObjectToStringConverter
1861:             6             96  org.springframework.core.convert.support.IdToEntityConverter
1862:             6             96  org.springframework.core.convert.support.IntegerToEnumConverterFactory
1863:             6             96  org.springframework.core.convert.support.NumberToCharacterConverter
1864:             6             96  org.springframework.core.convert.support.NumberToNumberConverterFactory
1865:             6             96  org.springframework.core.convert.support.ObjectToObjectConverter
1866:             6             96  org.springframework.core.convert.support.ObjectToOptionalConverter
1867:             6             96  org.springframework.core.convert.support.PropertiesToStringConverter
1868:             6             96  org.springframework.core.convert.support.StringToBooleanConverter
1869:             6             96  org.springframework.core.convert.support.StringToCharacterConverter
1870:             6             96  org.springframework.core.convert.support.StringToCharsetConverter
1871:             6             96  org.springframework.core.convert.support.StringToCurrencyConverter
1872:             6             96  org.springframework.core.convert.support.StringToEnumConverterFactory
1873:             6             96  org.springframework.core.convert.support.StringToLocaleConverter
1874:             6             96  org.springframework.core.convert.support.StringToNumberConverterFactory
1875:             6             96  org.springframework.core.convert.support.StringToPropertiesConverter
1876:             6             96  org.springframework.core.convert.support.StringToTimeZoneConverter
1877:             6             96  org.springframework.core.convert.support.StringToUUIDConverter
1878:             6             96  org.springframework.core.convert.support.ZoneIdToTimeZoneConverter
1879:             6             96  org.springframework.core.convert.support.ZonedDateTimeToCalendarConverter
1880:             4             96  org.springframework.core.env.PropertySource$ComparisonPropertySource
1881:             6             96  org.springframework.format.datetime.standard.TemporalAccessorPrinter
1882:             3             96  org.springframework.http.converter.xml.SourceHttpMessageConverter
1883:             4             96  org.springframework.util.ConcurrentReferenceHashMap$TaskOption
1884:             6             96  org.springframework.web.accept.HeaderContentNegotiationStrategy
1885:             4             96  org.springframework.web.method.annotation.ModelAttributeMethodProcessor
1886:             4             96  org.springframework.web.method.support.HandlerMethodArgumentResolverComposite
1887:             3             96  org.springframework.web.servlet.resource.PathResourceResolver
1888:             4             96  org.yaml.snakeyaml.nodes.NodeId
1889:             2             96  sun.management.GarbageCollectorImpl
1890:             4             96  sun.misc.FormattedFloatingDecimal$Form
1891:             1             96  sun.misc.Launcher$AppClassLoader
1892:             3             96  sun.nio.ch.AllocatedNativeObject
1893:             3             96  sun.nio.ch.PollArrayWrapper
1894:             3             96  sun.nio.ch.WindowsSelectorImpl$SubSelector
1895:             3             96  sun.reflect.UnsafeIntegerFieldAccessorImpl
1896:             1             96  sun.security.ec.SunEC
1897:             1             96  sun.security.jca.ProviderList$1
1898:             2             96  sun.security.rsa.RSASignature$MD5withRSA
1899:             1             96  sun.security.rsa.SunRsaSign
1900:             3             96  sun.security.ssl.CipherSuite$HashAlg
1901:             4             96  sun.security.ssl.CipherType
1902:             3             96  sun.util.locale.provider.LocaleServiceProviderPool
1903:             1             88  [Lorg.springframework.boot.ansi.AnsiColor;
1904:             1             88  [Lsun.security.util.ObjectIdentifier;
1905:             1             88  [[Ljava.lang.Byte;
1906:             1             88  com.netflix.discovery.converters.JsonXStream
1907:             1             88  com.netflix.discovery.converters.XmlXStream
1908:             1             88  org.apache.catalina.authenticator.NonLoginAuthenticator
1909:             1             88  org.springframework.boot.autoconfigure.web.WebMvcAutoConfiguration$EnableWebMvcConfiguration$$EnhancerBySpringCGLIB$$9a4896e1
1910:             1             88  org.springframework.boot.loader.LaunchedURLClassLoader
1911:             1             88  org.springframework.http.converter.json.Jackson2ObjectMapperBuilder
1912:             1             88  org.springframework.jmx.export.annotation.AnnotationMBeanExporter
1913:             1             88  org.springframework.web.servlet.mvc.method.annotation.RequestMappingHandlerMapping
1914:             1             88  sun.misc.Launcher$ExtClassLoader
1915:             1             88  sun.nio.cs.CharsetMapping
1916:             2             80  [Lcom.fasterxml.jackson.annotation.JsonAutoDetect$Visibility;
1917:             2             80  [Lcom.fasterxml.jackson.annotation.JsonTypeInfo$As;
1918:             2             80  [Lcom.fasterxml.jackson.annotation.JsonTypeInfo$Id;
1919:             4             80  [Lcom.fasterxml.jackson.databind.deser.Deserializers;
1920:             2             80  [Lcom.netflix.servo.annotations.DataSourceType;
1921:             2             80  [Lcom.sun.research.ws.wadl.ParamStyle;
1922:             2             80  [Lcom.sun.xml.internal.bind.v2.model.impl.ClassInfoImpl$SecondaryAnnotation;
1923:             1             80  [Ljava.time.temporal.ChronoUnit;
1924:             2             80  [Ljava.util.regex.Pattern;
1925:             2             80  [Ljavax.validation.executable.ExecutableType;
1926:             1             80  [Ljavax.websocket.CloseReason$CloseCodes;
1927:             3             80  [Ljavax.xml.bind.annotation.XmlElement;
1928:             2             80  [Lorg.hibernate.validator.internal.metadata.raw.ConstrainedElement$ConstrainedElementKind;
1929:             1             80  [Lorg.springframework.boot.actuate.trace.TraceProperties$Include;
1930:             2             80  [Lorg.springframework.context.annotation.FilterType;
1931:             2             80  [Lsun.security.util.DisabledAlgorithmConstraints$Constraint$Operator;
1932:             2             80  [[S
1933:             5             80  com.ctc.wstx.stax.WstxOutputFactory
1934:             2             80  com.ctc.wstx.util.SymbolTable
1935:             5             80  com.fasterxml.jackson.dataformat.xml.deser.XmlBeanDeserializerModifier
1936:             5             80  com.fasterxml.jackson.dataformat.xml.ser.XmlBeanSerializerModifier
1937:             5             80  com.fasterxml.jackson.dataformat.xml.util.XmlRootNameLookup
1938:             1             80  com.netflix.discovery.converters.jackson.EurekaXmlJacksonCodec$1
1939:             1             80  com.netflix.discovery.shared.transport.jersey.EurekaJerseyClientImpl$EurekaJerseyClientBuilder
1940:             1             80  com.netflix.eureka.registry.ResponseCacheImpl
1941:             2             80  com.netflix.eureka.util.MeasuredRate
1942:             2             80  com.netflix.eureka.util.MeasuredRate$1
1943:             2             80  com.netflix.eureka.util.batcher.TaskExecutors$TaskExecutorMetrics
1944:             2             80  com.sun.jersey.core.impl.provider.entity.XMLJAXBElementProvider$App
1945:             2             80  com.sun.jersey.core.impl.provider.entity.XMLJAXBElementProvider$General
1946:             2             80  com.sun.jersey.core.impl.provider.entity.XMLJAXBElementProvider$Text
1947:             2             80  com.sun.jersey.core.impl.provider.entity.XMLListElementProvider$App
1948:             2             80  com.sun.jersey.core.impl.provider.entity.XMLListElementProvider$General
1949:             2             80  com.sun.jersey.core.impl.provider.entity.XMLListElementProvider$Text
1950:             2             80  com.sun.jersey.core.impl.provider.entity.XMLRootElementProvider$App
1951:             2             80  com.sun.jersey.core.impl.provider.entity.XMLRootElementProvider$General
1952:             2             80  com.sun.jersey.core.impl.provider.entity.XMLRootElementProvider$Text
1953:             2             80  com.sun.jersey.core.impl.provider.entity.XMLRootObjectProvider$App
1954:             2             80  com.sun.jersey.core.impl.provider.entity.XMLRootObjectProvider$General
1955:             2             80  com.sun.jersey.core.impl.provider.entity.XMLRootObjectProvider$Text
1956:             2             80  com.sun.jmx.mbeanserver.DefaultMXBeanMappingFactory$TabularMapping
1957:             2             80  com.sun.org.apache.xerces.internal.impl.XMLDocumentFragmentScannerImpl$ElementStack2
1958:             2             80  com.sun.org.apache.xerces.internal.impl.dtd.XMLDTDDescription
1959:             2             80  com.sun.org.apache.xerces.internal.impl.validation.ValidationState
1960:             5             80  com.sun.proxy.$Proxy125
1961:             5             80  com.sun.proxy.$Proxy130
1962:             5             80  com.sun.proxy.$Proxy140
1963:             5             80  com.sun.proxy.$Proxy15
1964:             5             80  com.sun.proxy.$Proxy153
1965:             5             80  com.sun.proxy.$Proxy25
1966:             5             80  com.sun.proxy.$Proxy32
1967:             5             80  com.sun.proxy.$Proxy48
1968:             5             80  com.sun.proxy.$Proxy66
1969:             2             80  com.sun.xml.internal.stream.util.BufferAllocator
1970:             2             80  com.thoughtworks.xstream.converters.extended.LookAndFeelConverter
1971:             2             80  com.thoughtworks.xstream.converters.reflection.LambdaConverter
1972:             2             80  com.thoughtworks.xstream.converters.reflection.ReflectionConverter
1973:             2             80  com.thoughtworks.xstream.converters.reflection.SerializableConverter
1974:             2             80  com.thoughtworks.xstream.mapper.AttributeMapper
1975:             2             80  freemarker.core.NotExpression
1976:             2             80  freemarker.core.NumberLiteral
1977:             2             80  java.io.BufferedWriter
1978:             2             80  java.io.ExpiringCache
1979:             5             80  java.io.FilePermission$1
1980:             2             80  java.net.SocketTimeoutException
1981:             2             80  java.security.cert.TrustAnchor
1982:             2             80  java.util.IdentityHashMap$ValueIterator
1983:             2             80  java.util.Locale$Category
1984:             5             80  java.util.concurrent.ConcurrentHashMap$ValuesView
1985:             5             80  java.util.concurrent.atomic.AtomicMarkableReference
1986:             2             80  java.util.regex.Pattern$Loop
1987:             2             80  javax.crypto.CryptoPolicyParser$CryptoPermissionEntry
1988:             5             80  javax.security.auth.x500.X500Principal
1989:             5             80  javax.validation.Validation$GetValidationProviderListAction
1990:             2             80  jdk.xml.internal.JdkXmlFeatures$XmlFeature
1991:             1             80  org.apache.catalina.startup.Tomcat$1
1992:             1             80  org.apache.catalina.webresources.StandardRoot
1993:             2             80  org.apache.coyote.http11.filters.IdentityInputFilter
1994:             2             80  org.apache.tomcat.util.buf.Utf8Decoder
1995:             5             80  org.hibernate.validator.internal.engine.MethodValidationConfiguration
1996:             5             80  org.hibernate.validator.internal.metadata.aggregated.BeanMetaDataImpl$1
1997:             5             80  org.hibernate.validator.internal.util.TypeResolutionHelper
1998:             5             80  org.springframework.boot.autoconfigure.cache.CacheCondition
1999:             1             80  org.springframework.boot.autoconfigure.web.ServerProperties$Tomcat
2000:             2             80  org.springframework.cloud.autoconfigure.ConfigurationPropertiesRebinderAutoConfiguration$$EnhancerBySpringCGLIB$$5f34f7d5
2001:             2             80  org.springframework.cloud.commons.util.InetUtilsProperties
2002:             2             80  org.springframework.cloud.context.properties.ConfigurationPropertiesBeans
2003:             2             80  org.springframework.cloud.context.scope.GenericScope$LockedScopedProxyFactoryBean
2004:             2             80  org.springframework.context.annotation.ConfigurationClassBeanDefinitionReader
2005:             2             80  org.springframework.context.expression.StandardBeanExpressionResolver
2006:             2             80  org.springframework.jndi.support.SimpleJndiBeanFactory
2007:             2             80  org.springframework.web.servlet.handler.AbstractHandlerMethodMapping$MappingRegistry
2008:             1             80  org.springframework.web.servlet.handler.BeanNameUrlHandlerMapping
2009:             1             80  org.springframework.web.servlet.mvc.method.annotation.ExceptionHandlerExceptionResolver
2010:             1             80  org.springframework.web.servlet.view.freemarker.FreeMarkerView
2011:             2             80  sun.management.MemoryManagerImpl
2012:             2             80  sun.nio.ch.SelectionKeyImpl
2013:             2             80  sun.security.provider.JavaKeyStore$DualFormatJKS
2014:             2             80  sun.security.provider.certpath.AlgorithmChecker
2015:             5             80  sun.security.ssl.SSLCipher$T10BlockReadCipherGenerator
2016:             5             80  sun.security.ssl.SSLCipher$T10BlockWriteCipherGenerator
2017:             5             80  sun.security.util.DisabledAlgorithmConstraints$Constraints
2018:             2             80  sun.util.calendar.Era
2019:             1             72  [Ljava.lang.invoke.LambdaFormEditor$Transform$Kind;
2020:             1             72  [Ljavax.management.openmbean.SimpleType;
2021:             1             72  [Lorg.apache.coyote.AsyncStateMachine$AsyncState;
2022:             1             72  ch.qos.logback.classic.PatternLayout
2023:             1             72  ch.qos.logback.core.ConsoleAppender
2024:             3             72  ch.qos.logback.core.pattern.FormatInfo
2025:             3             72  ch.qos.logback.core.spi.FilterReply
2026:             3             72  ch.qos.logback.core.subst.Tokenizer$TokenizerState
2027:             1             72  com.fasterxml.jackson.core.util.InternCache
2028:             3             72  com.fasterxml.jackson.databind.ser.impl.SimpleFilterProvider
2029:             3             72  com.fasterxml.jackson.databind.ser.std.NumberSerializer
2030:             1             72  com.fasterxml.jackson.dataformat.xml.JacksonXmlModule
2031:             3             72  com.netflix.appinfo.DataCenterInfo$Name
2032:             3             72  com.netflix.discovery.converters.jackson.AbstractEurekaJacksonCodec$1
2033:             3             72  com.netflix.eureka.aws.AwsBindingStrategy
2034:             3             72  com.netflix.eventbus.spi.Subscribe$BatchingStrategy
2035:             3             72  com.netflix.servo.annotations.DataSourceLevel
2036:             3             72  com.sun.jersey.core.spi.component.ComponentScope
2037:             3             72  com.sun.jersey.server.impl.model.parameter.QueryParamInjectableProvider$QueryParamInjectable
2038:             3             72  com.sun.org.apache.xalan.internal.utils.XMLSecurityPropertyManager
2039:             3             72  com.sun.xml.internal.bind.v2.model.core.ID
2040:             3             72  com.sun.xml.internal.bind.v2.model.core.WildcardMode
2041:             3             72  com.sun.xml.internal.bind.v2.runtime.reflect.ListTransducedAccessorImpl
2042:             3             72  freemarker.core.CollectionAndSequence
2043:             1             72  freemarker.ext.beans.BeansWrapper
2044:             3             72  freemarker.ext.beans.StaticModels
2045:             3             72  freemarker.ext.beans._EnumModels
2046:             1             72  freemarker.template.DefaultObjectWrapper
2047:             3             72  freemarker.template.SimpleCollection$SimpleTemplateModelIterator
2048:             1             72  freemarker.template.SimpleObjectWrapper
2049:             3             72  java.lang.annotation.RetentionPolicy
2050:             3             72  java.lang.reflect.ReflectPermission
2051:             3             72  java.time.format.DateTimeFormatterBuilder$LocalizedPrinterParser
2052:             3             72  java.time.format.ResolverStyle
2053:             3             72  java.util.Base64$Encoder
2054:             3             72  java.util.Collections$SynchronizedRandomAccessList
2055:             3             72  java.util.Collections$UnmodifiableList
2056:             1             72  java.util.ResourceBundle$RBClassLoader
2057:             3             72  java.util.concurrent.Executors$DelegatedScheduledExecutorService
2058:             1             72  java.util.logging.LogManager$RootLogger
2059:             1             72  java.util.logging.LogRecord
2060:             3             72  java.util.regex.Pattern$Prolog
2061:             3             72  javax.servlet.SessionTrackingMode
2062:             3             72  javax.xml.bind.annotation.XmlNsForm
2063:             3             72  jdk.xml.internal.JdkXmlFeatures
2064:             1             72  org.apache.catalina.core.StandardService
2065:             3             72  org.apache.coyote.http11.Http11InputBuffer$HeaderParseStatus
2066:             3             72  org.apache.http.HttpVersion
2067:             3             72  org.apache.http.conn.util.DomainType
2068:             3             72  org.apache.tomcat.util.http.parser.SkipResult
2069:             3             72  org.apache.tomcat.util.net.AbstractEndpoint$BindState
2070:             3             72  org.apache.tomcat.util.net.SendfileState
2071:             3             72  org.hibernate.validator.internal.engine.constraintvalidation.ConstraintValidatorManager
2072:             3             72  org.hibernate.validator.internal.engine.valuehandling.UnwrapMode
2073:             3             72  org.hibernate.validator.internal.metadata.core.ConstraintHelper
2074:             3             72  org.hibernate.validator.internal.metadata.provider.ProgrammaticMetaDataProvider
2075:             3             72  org.hibernate.validator.internal.metadata.raw.ConfigurationSource
2076:             3             72  org.hibernate.validator.internal.util.ConcurrentReferenceHashMap$ReferenceType
2077:             3             72  org.joda.time.format.DateTimeFormat$StyleFormatter
2078:             3             72  org.springframework.aop.support.DefaultPointcutAdvisor
2079:             3             72  org.springframework.aop.target.EmptyTargetSource
2080:             3             72  org.springframework.beans.factory.annotation.Autowire
2081:             3             72  org.springframework.beans.factory.config.YamlProcessor$MatchStatus
2082:             3             72  org.springframework.beans.factory.config.YamlProcessor$ResolutionMethod
2083:             3             72  org.springframework.boot.Banner$Mode
2084:             3             72  org.springframework.boot.actuate.autoconfigure.EndpointWebMvcAutoConfiguration$$EnhancerBySpringCGLIB$$f5bcc0fe$$FastClassBySpringCGLIB$$b30fed74
2085:             3             72  org.springframework.boot.actuate.autoconfigure.EndpointWebMvcAutoConfiguration$$FastClassBySpringCGLIB$$15f385a1
2086:             3             72  org.springframework.boot.actuate.autoconfigure.EndpointWebMvcAutoConfiguration$ManagementServerPort
2087:             3             72  org.springframework.boot.actuate.autoconfigure.OnEnabledInfoContributorCondition
2088:             3             72  org.springframework.boot.ansi.AnsiOutput$Enabled
2089:             3             72  org.springframework.boot.autoconfigure.freemarker.FreeMarkerAutoConfiguration$FreeMarkerWebConfiguration$$EnhancerBySpringCGLIB$$546ee2a4$$FastClassBySpringCGLIB$$2c612080
2090:             3             72  org.springframework.boot.autoconfigure.freemarker.FreeMarkerAutoConfiguration$FreeMarkerWebConfiguration$$FastClassBySpringCGLIB$$2c66d887
2091:             3             72  org.springframework.boot.autoconfigure.web.ErrorMvcAutoConfiguration$$EnhancerBySpringCGLIB$$f915fecc$$FastClassBySpringCGLIB$$e8903640
2092:             3             72  org.springframework.boot.autoconfigure.web.ErrorMvcAutoConfiguration$$FastClassBySpringCGLIB$$40ef97af
2093:             3             72  org.springframework.boot.autoconfigure.web.ErrorProperties$IncludeStacktrace
2094:             3             72  org.springframework.boot.autoconfigure.web.WebMvcAutoConfiguration$WebMvcAutoConfigurationAdapter$$EnhancerBySpringCGLIB$$2e1e4c54$$FastClassBySpringCGLIB$$f2f674f7
2095:             3             72  org.springframework.boot.autoconfigure.web.WebMvcAutoConfiguration$WebMvcAutoConfigurationAdapter$$FastClassBySpringCGLIB$$bd80bc37
2096:             1             72  org.springframework.boot.autoconfigure.web.WebMvcAutoConfiguration$WelcomePageHandlerMapping
2097:             1             72  org.springframework.boot.jackson.JsonComponentModule
2098:             3             72  org.springframework.boot.loader.jar.JarFile$JarFileType
2099:             3             72  org.springframework.cloud.autoconfigure.RefreshAutoConfiguration$$EnhancerBySpringCGLIB$$41b880$$FastClassBySpringCGLIB$$b93c4c1
2100:             3             72  org.springframework.cloud.autoconfigure.RefreshAutoConfiguration$$FastClassBySpringCGLIB$$86b64ee3
2101:             3             72  org.springframework.cloud.client.CommonsClientAutoConfiguration$DiscoveryLoadBalancerConfiguration$$EnhancerBySpringCGLIB$$c76186b4$$FastClassBySpringCGLIB$$1ef70681
2102:             3             72  org.springframework.cloud.client.CommonsClientAutoConfiguration$DiscoveryLoadBalancerConfiguration$$FastClassBySpringCGLIB$$23d30a97
2103:             3             72  org.springframework.cloud.netflix.rx.RxJavaAutoConfiguration$RxJavaReturnValueHandlerConfig$$EnhancerBySpringCGLIB$$a0e35801$$FastClassBySpringCGLIB$$98a69b76
2104:             3             72  org.springframework.cloud.netflix.rx.RxJavaAutoConfiguration$RxJavaReturnValueHandlerConfig$$FastClassBySpringCGLIB$$e58e1f44
2105:             3             72  org.springframework.context.support.DefaultLifecycleProcessor$LifecycleGroupMember
2106:             3             72  org.springframework.core.Constants
2107:             3             72  org.springframework.core.type.classreading.CachingMetadataReaderFactory
2108:             3             72  org.springframework.expression.TypedValue
2109:             3             72  org.springframework.expression.spel.SpelCompilerMode
2110:             3             72  org.springframework.format.datetime.joda.JodaTimeFormatterRegistrar$Type
2111:             3             72  org.springframework.format.datetime.standard.DateTimeFormatterRegistrar$Type
2112:             3             72  org.springframework.http.converter.ByteArrayHttpMessageConverter
2113:             3             72  org.springframework.http.converter.ResourceRegionHttpMessageConverter
2114:             3             72  org.springframework.jmx.support.RegistrationPolicy
2115:             3             72  org.springframework.validation.beanvalidation.LocalValidatorFactoryBean$1
2116:             1             72  org.springframework.web.method.HandlerMethod$ReturnValueMethodParameter
2117:             3             72  org.springframework.web.servlet.mvc.method.annotation.RequestAttributeMethodArgumentResolver
2118:             1             72  org.springframework.web.servlet.mvc.method.annotation.ServletInvocableHandlerMethod
2119:             3             72  org.springframework.web.servlet.mvc.method.annotation.SessionAttributeMethodArgumentResolver
2120:             3             72  org.yaml.snakeyaml.DumperOptions$FlowStyle
2121:             3             72  org.yaml.snakeyaml.DumperOptions$LineBreak
2122:             3             72  org.yaml.snakeyaml.introspector.BeanAccess
2123:             3             72  sun.misc.FileURLMapper
2124:             3             72  sun.misc.FloatingDecimal$ExceptionalBinaryToASCIIBuffer
2125:             3             72  sun.misc.ProxyGenerator$ConstantPool
2126:             3             72  sun.nio.ch.PipeImpl
2127:             3             72  sun.nio.ch.PipeImpl$Initializer
2128:             3             72  sun.nio.ch.WindowsSelectorImpl$FinishLock
2129:             3             72  sun.nio.ch.WindowsSelectorImpl$StartLock
2130:             3             72  sun.security.provider.PolicyFile$PolicyEntry
2131:             1             72  sun.util.locale.provider.JRELocaleProviderAdapter
2132:             2             64  [Lcom.fasterxml.jackson.annotation.JsonCreator$Mode;
2133:             2             64  [Lcom.fasterxml.jackson.annotation.JsonProperty$Access;
2134:             1             64  [Lcom.fasterxml.jackson.core.JsonParser$Feature;
2135:             3             64  [Lcom.fasterxml.jackson.databind.ser.Serializers;
2136:             2             64  [Lcom.google.common.cache.LocalCache$Segment;
2137:             2             64  [Lcom.google.common.collect.MapMakerInternalMap$Segment;
2138:             2             64  [Lcom.netflix.eventbus.spi.Subscribe$BatchingStrategy;
2139:             2             64  [Lcom.netflix.servo.annotations.DataSourceLevel;
2140:             1             64  [Lcom.sun.jersey.api.uri.UriComponent$Type;
2141:             2             64  [Lcom.sun.org.apache.xerces.internal.utils.XMLSecurityPropertyManager$State;
2142:             2             64  [Ljava.lang.ThreadGroup;
2143:             2             64  [Ljava.lang.annotation.RetentionPolicy;
2144:             2             64  [Ljava.lang.invoke.LambdaFormEditor$Transform;
2145:             2             64  [Ljava.nio.channels.SelectionKey;
2146:             2             64  [Ljava.text.Normalizer$Form;
2147:             2             64  [Ljavax.annotation.meta.When;
2148:             2             64  [Ljavax.servlet.SessionTrackingMode;
2149:             2             64  [Ljavax.xml.bind.annotation.XmlAccessType;
2150:             2             64  [Ljavax.xml.bind.annotation.XmlNsForm;
2151:             1             64  [Lorg.apache.catalina.LifecycleState;
2152:             3             64  [Lorg.apache.catalina.connector.Connector;
2153:             2             64  [Lorg.springframework.beans.factory.annotation.Autowire;
2154:             1             64  [Lorg.springframework.boot.autoconfigure.cache.CacheType;
2155:             2             64  [Lorg.springframework.boot.autoconfigure.condition.ConditionalOnJava$JavaVersion;
2156:             2             64  [Lorg.springframework.boot.autoconfigure.condition.SearchStrategy;
2157:             2             64  [Lorg.springframework.context.annotation.ScopedProxyMode;
2158:             2             64  [Lorg.springframework.format.datetime.standard.DateTimeFormatterRegistrar$Type;
2159:             2             64  [Lorg.yaml.snakeyaml.nodes.NodeId;
2160:             2             64  [Lsun.misc.FormattedFloatingDecimal$Form;
2161:             1             64  [Lsun.reflect.annotation.TypeAnnotation$TypeAnnotationTarget;
2162:             1             64  [[Z
2163:             2             64  ch.qos.logback.core.joran.spi.ConsoleTarget
2164:             2             64  ch.qos.logback.core.util.CachingDateFormatter
2165:             1             64  com.fasterxml.classmate.ResolvedTypeWithMembers
2166:             2             64  com.fasterxml.jackson.databind.ser.std.NumberSerializers$DoubleSerializer
2167:             2             64  com.fasterxml.jackson.databind.ser.std.NumberSerializers$IntegerSerializer
2168:             2             64  com.fasterxml.jackson.databind.ser.std.NumberSerializers$LongSerializer
2169:             2             64  com.fasterxml.jackson.dataformat.xml.ser.ToXmlGenerator$Feature
2170:             1             64  com.google.common.cache.CacheStats
2171:             4             64  com.google.common.cache.LocalCache$AccessQueue
2172:             4             64  com.google.common.cache.LocalCache$WriteQueue
2173:             2             64  com.netflix.appinfo.ApplicationInfoManager
2174:             1             64  com.netflix.appinfo.ApplicationInfoManager$$EnhancerBySpringCGLIB$$bd701e99
2175:             1             64  com.netflix.config.DynamicURLConfiguration
2176:             2             64  com.netflix.discovery.provider.DiscoveryJerseyProvider
2177:             2             64  com.netflix.eureka.registry.AbstractInstanceRegistry$CircularQueue
2178:             4             64  com.netflix.servo.monitor.StatsMonitor$2
2179:             4             64  com.netflix.servo.monitor.StatsMonitor$StdDevGaugeWrapper
2180:             2             64  com.sun.jersey.core.spi.component.ProviderServices
2181:             2             64  com.sun.jersey.spi.inject.Errors
2182:             2             64  com.sun.jmx.mbeanserver.DefaultMXBeanMappingFactory$CollectionMapping
2183:             4             64  com.sun.jmx.mbeanserver.GetPropertyAction
2184:             2             64  com.sun.org.apache.xalan.internal.utils.XMLSecurityPropertyManager$Property
2185:             1             64  com.sun.org.apache.xerces.internal.impl.XMLEntityScanner
2186:             2             64  com.sun.org.apache.xerces.internal.impl.dtd.XMLElementDecl
2187:             2             64  com.sun.org.apache.xerces.internal.jaxp.SAXParserFactoryImpl
2188:             2             64  com.sun.org.apache.xerces.internal.utils.XMLSecurityPropertyManager$Property
2189:             4             64  com.sun.proxy.$Proxy23
2190:             4             64  com.sun.proxy.$Proxy26
2191:             4             64  com.sun.proxy.$Proxy27
2192:             4             64  com.sun.proxy.$Proxy45
2193:             4             64  com.sun.proxy.$Proxy60
2194:             4             64  com.sun.proxy.$Proxy65
2195:             4             64  com.sun.proxy.$Proxy82
2196:             1             64  com.sun.xml.internal.bind.v2.model.impl.RuntimeEnumLeafInfoImpl
2197:             4             64  com.thoughtworks.xstream.converters.reflection.SerializableConverter$UnserializableParentsReflectionProvider
2198:             2             64  com.thoughtworks.xstream.io.xml.XmlFriendlyNameCoder
2199:             2             64  com.thoughtworks.xstream.mapper.ClassAliasingMapper
2200:             2             64  com.thoughtworks.xstream.mapper.FieldAliasingMapper
2201:             2             64  java.io.DataInputStream
2202:             2             64  java.io.PrintStream
2203:             2             64  java.lang.ClassValue$Entry
2204:             2             64  java.lang.VirtualMachineError
2205:             1             64  java.lang.invoke.InvokerBytecodeGenerator
2206:             2             64  java.lang.ref.ReferenceQueue$Null
2207:             2             64  java.math.SignedMutableBigInteger
2208:             2             64  java.security.BasicPermissionCollection
2209:             2             64  java.security.KeyStore
2210:             2             64  java.text.FieldPosition
2211:             2             64  java.time.format.DateTimeFormatterBuilder$TextPrinterParser
2212:             2             64  java.time.temporal.IsoFields$Unit
2213:             4             64  java.util.concurrent.CopyOnWriteArraySet
2214:             2             64  java.util.concurrent.CountDownLatch$Sync
2215:             2             64  java.util.concurrent.FutureTask
2216:             2             64  java.util.concurrent.atomic.AtomicReferenceFieldUpdater$AtomicReferenceFieldUpdaterImpl
2217:             2             64  javax.crypto.JarVerifier
2218:             2             64  javax.validation.ValidationException
2219:             1             64  jdk.internal.org.objectweb.asm.FieldWriter
2220:             1             64  org.apache.catalina.core.ApplicationContext
2221:             2             64  org.apache.catalina.core.ApplicationFilterChain
2222:             1             64  org.apache.catalina.loader.WebappLoader
2223:             1             64  org.apache.catalina.mapper.Mapper$ContextVersion
2224:             1             64  org.apache.catalina.servlets.DefaultServlet
2225:             1             64  org.apache.catalina.webresources.DirResourceSet
2226:             2             64  org.apache.coyote.AsyncStateMachine
2227:             2             64  org.apache.coyote.http11.Http11InputBuffer$HeaderParseData
2228:             2             64  org.apache.coyote.http11.filters.BufferedInputFilter
2229:             2             64  org.apache.coyote.http11.filters.IdentityOutputFilter
2230:             2             64  org.apache.http.conn.scheme.Scheme
2231:             2             64  org.apache.tomcat.util.buf.B2CConverter
2232:             2             64  org.apache.tomcat.util.buf.C2BConverter
2233:             2             64  org.apache.tomcat.util.buf.UEncoder
2234:             2             64  org.apache.tomcat.util.net.NioChannel
2235:             4             64  org.hibernate.validator.internal.engine.DefaultParameterNameProvider
2236:             4             64  org.hibernate.validator.internal.engine.resolver.DefaultTraversableResolver
2237:             4             64  org.springframework.aop.framework.CglibAopProxy$SerializableNoOp
2238:             4             64  org.springframework.aop.framework.DefaultAdvisorChainFactory
2239:             4             64  org.springframework.aop.framework.DefaultAopProxyFactory
2240:             2             64  org.springframework.aop.target.SimpleBeanTargetSource
2241:             2             64  org.springframework.beans.factory.annotation.RequiredAnnotationBeanPostProcessor
2242:             2             64  org.springframework.beans.factory.support.BeanDefinitionDefaults
2243:             2             64  org.springframework.beans.factory.support.DefaultListableBeanFactory$DependencyObjectProvider
2244:             2             64  org.springframework.boot.DefaultApplicationArguments$Source
2245:             2             64  org.springframework.boot.autoconfigure.condition.ConditionEvaluationReport
2246:             4             64  org.springframework.boot.autoconfigure.condition.OnJavaCondition
2247:             2             64  org.springframework.boot.autoconfigure.context.PropertyPlaceholderAutoConfiguration$$EnhancerBySpringCGLIB$$43d16711
2248:             1             64  org.springframework.boot.autoconfigure.freemarker.FreeMarkerProperties
2249:             1             64  org.springframework.boot.autoconfigure.template.TemplateAvailabilityProviders$1
2250:             2             64  org.springframework.boot.context.config.ConfigFileApplicationListener
2251:             2             64  org.springframework.boot.context.event.ApplicationPreparedEvent
2252:             2             64  org.springframework.boot.logging.LoggingApplicationListener
2253:             2             64  org.springframework.cloud.context.properties.ConfigurationPropertiesRebinder
2254:             1             64  org.springframework.cloud.netflix.eureka.CloudEurekaTransportConfig
2255:             2             64  org.springframework.context.annotation.AnnotatedBeanDefinitionReader
2256:             4             64  org.springframework.context.annotation.ConditionEvaluator
2257:             2             64  org.springframework.context.annotation.ConfigurationClassParser$ImportStack
2258:             2             64  org.springframework.context.annotation.ContextAnnotationAutowireCandidateResolver$1
2259:             2             64  org.springframework.context.event.EventExpressionEvaluator
2260:             2             64  org.springframework.context.event.EventListenerMethodProcessor
2261:             2             64  org.springframework.context.support.DefaultLifecycleProcessor
2262:             2             64  org.springframework.context.support.DelegatingMessageSource
2263:             2             64  org.springframework.context.support.PropertySourcesPlaceholderConfigurer$1
2264:             4             64  org.springframework.core.io.DescriptiveResource
2265:             4             64  org.springframework.expression.spel.standard.SpelExpressionParser
2266:             2             64  org.springframework.expression.spel.support.ReflectivePropertyAccessor
2267:             2             64  org.springframework.http.converter.support.AllEncompassingFormHttpMessageConverter
2268:             2             64  org.springframework.jmx.export.assembler.MetadataMBeanInfoAssembler
2269:             2             64  org.springframework.security.rsa.crypto.RsaAlgorithm
2270:             4             64  org.springframework.util.CollectionUtils$MultiValueMapAdapter
2271:             1             64  org.springframework.web.context.request.async.StandardServletAsyncWebRequest
2272:             4             64  org.springframework.web.method.annotation.ModelMethodProcessor
2273:             2             64  org.springframework.web.servlet.mvc.method.RequestMappingInfo$BuilderConfiguration
2274:             1             64  org.springframework.web.servlet.support.RequestContext
2275:             1             64  org.springframework.web.servlet.view.InternalResourceView
2276:             1             64  org.springframework.web.servlet.view.freemarker.FreeMarkerConfigurer
2277:             4             64  org.springframework.web.util.UriComponentsBuilder$CompositePathComponentBuilder
2278:             2             64  sun.nio.ch.WindowsSelectorImpl$MapEntry
2279:             4             64  sun.security.jca.ProviderConfig$2
2280:             2             64  sun.security.ssl.EphemeralKeyManager$EphemeralKeyPair
2281:             4             64  sun.security.ssl.SSLCipher$T11BlockReadCipherGenerator
2282:             4             64  sun.security.ssl.SSLCipher$T11BlockWriteCipherGenerator
2283:             2             64  sun.security.ssl.SSLSessionContextImpl
2284:             2             64  sun.security.x509.ExtendedKeyUsageExtension
2285:             2             64  sun.security.x509.NetscapeCertTypeExtension
2286:             2             64  sun.util.locale.provider.LocaleResources
2287:             1             56  [Lcom.fasterxml.jackson.annotation.JsonFormat$Shape;
2288:             1             56  [Lcom.fasterxml.jackson.core.JsonGenerator$Feature;
2289:             1             56  [Lcom.sun.jersey.api.model.Parameter$Source;
2290:             1             56  [Lcom.sun.org.apache.xalan.internal.utils.XMLSecurityManager$Limit;
2291:             1             56  [Lcom.sun.org.apache.xerces.internal.impl.XMLScanner$NameType;
2292:             1             56  [Lcom.sun.org.apache.xerces.internal.utils.XMLSecurityManager$Limit;
2293:             1             56  [Ljava.lang.Runnable;
2294:             1             56  [Ljava.text.Format;
2295:             1             56  [Ljava.util.Map;
2296:             1             56  [Lorg.apache.tomcat.util.descriptor.web.FilterMap;
2297:             2             56  [Lorg.springframework.boot.web.servlet.ServletContextInitializer;
2298:             3             56  [Lorg.springframework.context.annotation.ComponentScan$Filter;
2299:             1             56  [Lorg.yaml.snakeyaml.events.Event$ID;
2300:             1             56  ch.qos.logback.classic.encoder.PatternLayoutEncoder
2301:             1             56  com.fasterxml.jackson.databind.type.MapType
2302:             1             56  com.fasterxml.jackson.databind.util.StdDateFormat
2303:             1             56  com.netflix.appinfo.LeaseInfo
2304:             1             56  com.sun.jersey.client.apache4.ApacheHttpClient4
2305:             1             56  com.sun.org.apache.xerces.internal.jaxp.SAXParserImpl
2306:             1             56  com.sun.xml.internal.bind.v2.model.impl.RuntimeModelBuilder
2307:             1             56  com.sun.xml.internal.bind.v2.model.impl.RuntimeTypeInfoSetImpl
2308:             1             56  com.sun.xml.internal.bind.v2.runtime.ElementBeanInfoImpl
2309:             1             56  freemarker.core.BuiltInsForStringsMisc$evalBI
2310:             1             56  freemarker.core.BuiltInsWithParseTimeParameters$then_BI
2311:             1             56  freemarker.core.Interpret
2312:             1             56  freemarker.ext.jsp.TaglibFactory
2313:             1             56  java.util.logging.LogManager
2314:             1             56  org.apache.catalina.valves.ErrorReportValve
2315:             1             56  org.apache.catalina.webresources.Cache
2316:             1             56  org.apache.coyote.RequestGroupInfo
2317:             1             56  org.apache.tomcat.util.net.NioSelectorPool
2318:             1             56  org.apache.tomcat.util.threads.TaskQueue
2319:             1             56  org.springframework.boot.actuate.autoconfigure.EndpointAutoConfiguration$$EnhancerBySpringCGLIB$$51242f04
2320:             1             56  org.springframework.boot.actuate.endpoint.mvc.HeapdumpMvcEndpoint
2321:             1             56  org.springframework.boot.actuate.trace.WebRequestTraceFilter
2322:             1             56  org.springframework.boot.autoconfigure.jackson.JacksonProperties
2323:             1             56  org.springframework.boot.autoconfigure.web.WebMvcAutoConfiguration$WebMvcAutoConfigurationAdapter$$EnhancerBySpringCGLIB$$2e1e4c54
2324:             1             56  org.springframework.boot.autoconfigure.web.WebMvcProperties
2325:             1             56  org.springframework.boot.logging.logback.LevelRemappingAppender
2326:             1             56  org.springframework.boot.web.client.RestTemplateBuilder
2327:             1             56  org.springframework.cloud.context.scope.refresh.RefreshScope
2328:             1             56  org.springframework.cloud.netflix.eureka.server.EurekaServerAutoConfiguration$$EnhancerBySpringCGLIB$$f8adfbb6
2329:             1             56  org.springframework.cloud.netflix.eureka.server.EurekaServerInitializerConfiguration$$EnhancerBySpringCGLIB$$d0d0159f
2330:             1             56  org.springframework.ui.ModelMap
2331:             1             56  org.springframework.validation.beanvalidation.LocalValidatorFactoryBean
2332:             1             56  org.springframework.validation.beanvalidation.MethodValidationPostProcessor
2333:             1             56  org.springframework.validation.support.BindingAwareModelMap
2334:             1             56  org.springframework.web.servlet.view.ContentNegotiatingViewResolver
2335:             1             48  [Lcom.netflix.config.DeploymentContext$ContextKey;
2336:             1             48  [Lcom.sun.beans.util.Cache$CacheEntry;
2337:             1             48  [Lcom.sun.management.VMOption$Origin;
2338:             1             48  [Lcom.sun.xml.internal.bind.v2.model.impl.ClassInfoImpl$PropertyGroup;
2339:             1             48  [Lfreemarker.core.LocalContext;
2340:             1             48  [Ljava.beans.WeakIdentityMap$Entry;
2341:             1             48  [Ljava.lang.invoke.MethodHandleImpl$Intrinsic;
2342:             1             48  [Ljava.math.RoundingMode;
2343:             1             48  [Ljava.util.concurrent.TimeUnit;
2344:             2             48  [Ljavax.crypto.CryptoPermission;
2345:             1             48  [Ljavax.validation.ElementKind;
2346:             3             48  [Lorg.apache.catalina.mapper.Mapper$MappedWrapper;
2347:             1             48  [Lorg.apache.tomcat.util.net.AbstractEndpoint$Handler$SocketState;
2348:             2             48  [Lorg.hibernate.validator.internal.util.ConcurrentReferenceHashMap$Option;
2349:             2             48  [Lorg.springframework.boot.actuate.autoconfigure.MetricsFilterSubmission;
2350:             2             48  [Lorg.springframework.boot.autoconfigure.condition.ConditionalOnJava$Range;
2351:             2             48  [Lorg.springframework.boot.context.ConfigurationWarningsApplicationContextInitializer$Check;
2352:             1             48  [Lorg.springframework.boot.logging.LogLevel;
2353:             1             48  [Lorg.springframework.cglib.proxy.CallbackInfo;
2354:             2             48  [Lsun.security.rsa.RSAUtil$KeyType;
2355:             1             48  [Lsun.security.x509.NetscapeCertTypeExtension$MapEntry;
2356:             2             48  [Lsun.util.calendar.Era;
2357:             1             48  [[Ljava.lang.Object;
2358:             1             48  ch.qos.logback.classic.pattern.DateConverter
2359:             3             48  ch.qos.logback.core.spi.AppenderAttachableImpl
2360:             3             48  ch.qos.logback.core.spi.LogbackLock
2361:             2             48  ch.qos.logback.core.subst.Node$Type
2362:             3             48  com.ctc.wstx.api.WstxInputProperties$ParsingMode
2363:             2             48  com.ctc.wstx.util.SymbolTable$Bucket
2364:             2             48  com.fasterxml.jackson.databind.module.SimpleDeserializers
2365:             2             48  com.fasterxml.jackson.databind.module.SimpleSerializers
2366:             2             48  com.fasterxml.jackson.databind.ser.std.BooleanSerializer
2367:             1             48  com.google.gson.Gson
2368:             2             48  com.google.gson.internal.bind.TypeAdapters$35
2369:             2             48  com.netflix.appinfo.EurekaAccept
2370:             2             48  com.netflix.appinfo.InstanceInfo$PortType
2371:             2             48  com.netflix.discovery.converters.EurekaJacksonCodec$ApplicationsDeserializer
2372:             2             48  com.netflix.discovery.converters.EurekaJacksonCodec$ApplicationsSerializer
2373:             3             48  com.netflix.discovery.converters.jackson.AbstractEurekaJacksonCodec$2
2374:             2             48  com.netflix.discovery.converters.jackson.EurekaJacksonJsonModifiers$1
2375:             1             48  com.netflix.eureka.cluster.PeerEurekaNode
2376:             1             48  com.netflix.eureka.cluster.PeerEurekaNodes
2377:             1             48  com.netflix.eureka.registry.AbstractInstanceRegistry$EvictionTask
2378:             2             48  com.netflix.eureka.util.batcher.TaskExecutors
2379:             1             48  com.sun.jersey.core.header.MediaTypes$4
2380:             2             48  com.sun.jersey.core.impl.provider.entity.DocumentProvider
2381:             2             48  com.sun.jersey.core.impl.provider.entity.SourceProvider$SourceWriter
2382:             2             48  com.sun.jersey.core.impl.provider.xml.DocumentBuilderFactoryProvider
2383:             2             48  com.sun.jersey.core.impl.provider.xml.SAXParserContextProvider
2384:             2             48  com.sun.jersey.core.impl.provider.xml.TransformerFactoryProvider
2385:             2             48  com.sun.jersey.core.impl.provider.xml.XMLStreamReaderContextProvider
2386:             2             48  com.sun.jersey.core.spi.component.ProviderFactory
2387:             2             48  com.sun.jersey.core.spi.factory.ContextResolverFactory
2388:             2             48  com.sun.jersey.core.spi.factory.MessageBodyFactory$2
2389:             2             48  com.sun.jersey.server.impl.ThreadLocalInvoker
2390:             2             48  com.sun.jersey.server.impl.ThreadLocalInvoker$1
2391:             2             48  com.sun.jmx.mbeanserver.ClassLoaderRepositorySupport$LoaderEntry
2392:             1             48  com.sun.jmx.mbeanserver.DefaultMXBeanMappingFactory$Mappings
2393:             1             48  com.sun.jmx.mbeanserver.MBeanIntrospector$MBeanInfoMap
2394:             1             48  com.sun.jmx.mbeanserver.MBeanIntrospector$PerInterfaceMap
2395:             2             48  com.sun.jmx.mbeanserver.WeakIdentityHashMap
2396:             2             48  com.sun.org.apache.xerces.internal.impl.dtd.DTDGrammarBucket
2397:             2             48  com.sun.org.apache.xerces.internal.impl.dtd.XMLAttributeDecl
2398:             3             48  com.sun.org.apache.xerces.internal.impl.dv.dtd.ListDatatypeValidator
2399:             1             48  com.sun.org.apache.xerces.internal.util.XMLAttributesImpl
2400:             3             48  com.sun.proxy.$Proxy104
2401:             3             48  com.sun.proxy.$Proxy128
2402:             3             48  com.sun.proxy.$Proxy29
2403:             3             48  com.sun.proxy.$Proxy54
2404:             3             48  com.sun.proxy.$Proxy56
2405:             3             48  com.sun.proxy.$Proxy62
2406:             3             48  com.sun.proxy.$Proxy64
2407:             3             48  com.sun.proxy.$Proxy76
2408:             2             48  com.sun.xml.internal.bind.v2.model.annotation.XmlSchemaQuick
2409:             2             48  com.sun.xml.internal.bind.v2.runtime.reflect.TransducedAccessor$CompositeContextDependentTransducedAccessorImpl
2410:             3             48  com.thoughtworks.xstream.converters.basic.ByteConverter
2411:             2             48  com.thoughtworks.xstream.converters.basic.DateConverter
2412:             2             48  com.thoughtworks.xstream.converters.basic.StringConverter
2413:             2             48  com.thoughtworks.xstream.converters.collections.CollectionConverter
2414:             2             48  com.thoughtworks.xstream.converters.collections.MapConverter
2415:             2             48  com.thoughtworks.xstream.converters.collections.SingletonCollectionConverter
2416:             2             48  com.thoughtworks.xstream.converters.collections.SingletonMapConverter
2417:             2             48  com.thoughtworks.xstream.converters.collections.TreeMapConverter
2418:             2             48  com.thoughtworks.xstream.converters.collections.TreeSetConverter
2419:             2             48  com.thoughtworks.xstream.converters.collections.TreeSetConverter$1
2420:             2             48  com.thoughtworks.xstream.converters.enums.EnumMapConverter
2421:             2             48  com.thoughtworks.xstream.converters.extended.DynamicProxyConverter
2422:             2             48  com.thoughtworks.xstream.converters.extended.FontConverter
2423:             2             48  com.thoughtworks.xstream.converters.extended.JavaFieldConverter
2424:             2             48  com.thoughtworks.xstream.converters.extended.ThrowableConverter
2425:             2             48  com.thoughtworks.xstream.converters.reflection.ExternalizableConverter
2426:             2             48  com.thoughtworks.xstream.converters.reflection.FieldDictionary
2427:             2             48  com.thoughtworks.xstream.converters.reflection.SunUnsafeReflectionProvider
2428:             2             48  com.thoughtworks.xstream.core.DefaultConverterLookup
2429:             2             48  com.thoughtworks.xstream.core.util.PrioritizedList
2430:             2             48  com.thoughtworks.xstream.core.util.SelfStreamingInstanceChecker
2431:             2             48  com.thoughtworks.xstream.core.util.WeakCache
2432:             2             48  com.thoughtworks.xstream.mapper.AttributeAliasingMapper
2433:             2             48  com.thoughtworks.xstream.mapper.CachingMapper
2434:             2             48  com.thoughtworks.xstream.mapper.DefaultImplementationsMapper
2435:             2             48  com.thoughtworks.xstream.mapper.DynamicProxyMapper
2436:             2             48  com.thoughtworks.xstream.mapper.EnumMapper
2437:             2             48  com.thoughtworks.xstream.mapper.ImmutableTypesMapper
2438:             2             48  com.thoughtworks.xstream.mapper.ImplicitCollectionMapper
2439:             2             48  com.thoughtworks.xstream.mapper.LocalConversionMapper
2440:             2             48  com.thoughtworks.xstream.mapper.OuterClassMapper
2441:             2             48  com.thoughtworks.xstream.mapper.PackageAliasingMapper
2442:             2             48  com.thoughtworks.xstream.mapper.SecurityMapper
2443:             2             48  com.thoughtworks.xstream.mapper.SystemAttributeAliasingMapper
2444:             1             48  freemarker.cache.TemplateCache
2445:             1             48  freemarker.core.BuiltInsForExistenceHandling$if_existsBI
2446:             1             48  freemarker.core.BuiltInsForHashes$valuesBI
2447:             1             48  freemarker.core.BuiltInsForLoopVariables$counterBI
2448:             1             48  freemarker.core.BuiltInsForLoopVariables$has_nextBI
2449:             1             48  freemarker.core.BuiltInsForLoopVariables$indexBI
2450:             1             48  freemarker.core.BuiltInsForLoopVariables$is_even_itemBI
2451:             1             48  freemarker.core.BuiltInsForLoopVariables$is_firstBI
2452:             1             48  freemarker.core.BuiltInsForLoopVariables$is_lastBI
2453:             1             48  freemarker.core.BuiltInsForLoopVariables$is_odd_itemBI
2454:             1             48  freemarker.core.BuiltInsForLoopVariables$item_cycleBI
2455:             1             48  freemarker.core.BuiltInsForLoopVariables$item_parityBI
2456:             1             48  freemarker.core.BuiltInsForLoopVariables$item_parity_capBI
2457:             1             48  freemarker.core.BuiltInsForMarkupOutputs$markup_stringBI
2458:             1             48  freemarker.core.BuiltInsForMultipleTypes$apiBI
2459:             1             48  freemarker.core.BuiltInsForMultipleTypes$cBI
2460:             1             48  freemarker.core.BuiltInsForMultipleTypes$has_apiBI
2461:             1             48  freemarker.core.BuiltInsForMultipleTypes$is_collectionBI
2462:             1             48  freemarker.core.BuiltInsForMultipleTypes$is_collection_exBI
2463:             1             48  freemarker.core.BuiltInsForMultipleTypes$is_dateLikeBI
2464:             1             48  freemarker.core.BuiltInsForMultipleTypes$is_directiveBI
2465:             1             48  freemarker.core.BuiltInsForMultipleTypes$is_enumerableBI
2466:             1             48  freemarker.core.BuiltInsForMultipleTypes$is_hash_exBI
2467:             1             48  freemarker.core.BuiltInsForMultipleTypes$is_indexableBI
2468:             1             48  freemarker.core.BuiltInsForMultipleTypes$is_macroBI
2469:             1             48  freemarker.core.BuiltInsForMultipleTypes$is_markup_outputBI
2470:             1             48  freemarker.core.BuiltInsForMultipleTypes$is_methodBI
2471:             1             48  freemarker.core.BuiltInsForMultipleTypes$is_nodeBI
2472:             1             48  freemarker.core.BuiltInsForMultipleTypes$is_sequenceBI
2473:             1             48  freemarker.core.BuiltInsForMultipleTypes$is_transformBI
2474:             1             48  freemarker.core.BuiltInsForMultipleTypes$namespaceBI
2475:             1             48  freemarker.core.BuiltInsForNodes$ancestorsBI
2476:             1             48  freemarker.core.BuiltInsForNodes$childrenBI
2477:             1             48  freemarker.core.BuiltInsForNodes$nextSiblingBI
2478:             1             48  freemarker.core.BuiltInsForNodes$node_nameBI
2479:             1             48  freemarker.core.BuiltInsForNodes$node_namespaceBI
2480:             1             48  freemarker.core.BuiltInsForNodes$node_typeBI
2481:             1             48  freemarker.core.BuiltInsForNodes$parentBI
2482:             1             48  freemarker.core.BuiltInsForNodes$previousSiblingBI
2483:             1             48  freemarker.core.BuiltInsForNodes$rootBI
2484:             1             48  freemarker.core.BuiltInsForNumbers$absBI
2485:             1             48  freemarker.core.BuiltInsForNumbers$byteBI
2486:             1             48  freemarker.core.BuiltInsForNumbers$ceilingBI
2487:             1             48  freemarker.core.BuiltInsForNumbers$doubleBI
2488:             1             48  freemarker.core.BuiltInsForNumbers$floatBI
2489:             1             48  freemarker.core.BuiltInsForNumbers$floorBI
2490:             1             48  freemarker.core.BuiltInsForNumbers$intBI
2491:             1             48  freemarker.core.BuiltInsForNumbers$is_infiniteBI
2492:             1             48  freemarker.core.BuiltInsForNumbers$is_nanBI
2493:             1             48  freemarker.core.BuiltInsForNumbers$longBI
2494:             1             48  freemarker.core.BuiltInsForNumbers$lower_abcBI
2495:             1             48  freemarker.core.BuiltInsForNumbers$roundBI
2496:             1             48  freemarker.core.BuiltInsForNumbers$shortBI
2497:             1             48  freemarker.core.BuiltInsForNumbers$upper_abcBI
2498:             1             48  freemarker.core.BuiltInsForOutputFormatRelated$escBI
2499:             1             48  freemarker.core.BuiltInsForOutputFormatRelated$no_escBI
2500:             1             48  freemarker.core.BuiltInsForSequences$chunkBI
2501:             1             48  freemarker.core.BuiltInsForSequences$firstBI
2502:             1             48  freemarker.core.BuiltInsForSequences$joinBI
2503:             1             48  freemarker.core.BuiltInsForSequences$lastBI
2504:             1             48  freemarker.core.BuiltInsForSequences$reverseBI
2505:             1             48  freemarker.core.BuiltInsForSequences$seq_containsBI
2506:             1             48  freemarker.core.BuiltInsForSequences$sequenceBI
2507:             1             48  freemarker.core.BuiltInsForSequences$sortBI
2508:             1             48  freemarker.core.BuiltInsForSequences$sort_byBI
2509:             1             48  freemarker.core.BuiltInsForStringsBasic$cap_firstBI
2510:             1             48  freemarker.core.BuiltInsForStringsBasic$capitalizeBI
2511:             1             48  freemarker.core.BuiltInsForStringsBasic$chop_linebreakBI
2512:             1             48  freemarker.core.BuiltInsForStringsBasic$containsBI
2513:             1             48  freemarker.core.BuiltInsForStringsBasic$ends_withBI
2514:             1             48  freemarker.core.BuiltInsForStringsBasic$ensure_ends_withBI
2515:             1             48  freemarker.core.BuiltInsForStringsBasic$ensure_starts_withBI
2516:             1             48  freemarker.core.BuiltInsForStringsBasic$keep_afterBI
2517:             1             48  freemarker.core.BuiltInsForStringsBasic$keep_after_lastBI
2518:             1             48  freemarker.core.BuiltInsForStringsBasic$keep_beforeBI
2519:             1             48  freemarker.core.BuiltInsForStringsBasic$keep_before_lastBI
2520:             1             48  freemarker.core.BuiltInsForStringsBasic$lengthBI
2521:             1             48  freemarker.core.BuiltInsForStringsBasic$lower_caseBI
2522:             1             48  freemarker.core.BuiltInsForStringsBasic$remove_beginningBI
2523:             1             48  freemarker.core.BuiltInsForStringsBasic$remove_endingBI
2524:             1             48  freemarker.core.BuiltInsForStringsBasic$split_BI
2525:             1             48  freemarker.core.BuiltInsForStringsBasic$starts_withBI
2526:             1             48  freemarker.core.BuiltInsForStringsBasic$substringBI
2527:             1             48  freemarker.core.BuiltInsForStringsBasic$trimBI
2528:             1             48  freemarker.core.BuiltInsForStringsBasic$uncap_firstBI
2529:             1             48  freemarker.core.BuiltInsForStringsBasic$upper_caseBI
2530:             1             48  freemarker.core.BuiltInsForStringsBasic$word_listBI
2531:             1             48  freemarker.core.BuiltInsForStringsEncoding$htmlBI
2532:             1             48  freemarker.core.BuiltInsForStringsEncoding$j_stringBI
2533:             1             48  freemarker.core.BuiltInsForStringsEncoding$js_stringBI
2534:             1             48  freemarker.core.BuiltInsForStringsEncoding$json_stringBI
2535:             1             48  freemarker.core.BuiltInsForStringsEncoding$rtfBI
2536:             1             48  freemarker.core.BuiltInsForStringsEncoding$urlBI
2537:             1             48  freemarker.core.BuiltInsForStringsEncoding$urlPathBI
2538:             1             48  freemarker.core.BuiltInsForStringsEncoding$xhtmlBI
2539:             1             48  freemarker.core.BuiltInsForStringsEncoding$xmlBI
2540:             1             48  freemarker.core.BuiltInsForStringsMisc$booleanBI
2541:             1             48  freemarker.core.BuiltInsForStringsRegexp$groupsBI
2542:             1             48  freemarker.core.BuiltInsForStringsRegexp$matchesBI
2543:             1             48  freemarker.core.BuiltInsWithParseTimeParameters$switch_BI
2544:             1             48  freemarker.core.NewBI
2545:             1             48  freemarker.core.UnaryPlusMinusExpression
2546:             3             48  freemarker.ext.beans.BeansWrapper$3
2547:             2             48  java.io.BufferedOutputStream
2548:             1             48  java.io.Console
2549:             1             48  java.io.Console$3
2550:             1             48  java.io.Console$LineReader
2551:             2             48  java.io.File$PathStatus
2552:             3             48  java.io.FileInputStream$1
2553:             2             48  java.io.FileReader
2554:             2             48  java.io.OutputStreamWriter
2555:             1             48  java.lang.ProcessEnvironment
2556:             1             48  java.lang.invoke.BoundMethodHandle$Species_L4
2557:             2             48  java.net.InetAddress$Cache
2558:             2             48  java.net.InetAddress$Cache$Type
2559:             2             48  java.net.StandardProtocolFamily
2560:             3             48  java.nio.channels.spi.AbstractSelector$1
2561:             2             48  java.nio.charset.CoderResult
2562:             3             48  java.nio.charset.CodingErrorAction
2563:             1             48  java.security.KeyPairGenerator$Delegate
2564:             3             48  java.text.AttributedCharacterIterator$Attribute
2565:             2             48  java.text.FieldPosition$Delegate
2566:             2             48  java.time.format.DateTimeFormatterBuilder$1
2567:             2             48  java.time.format.DateTimeFormatterBuilder$ZoneIdPrinterParser
2568:             2             48  java.time.format.DateTimeTextProvider$LocaleStore
2569:             3             48  java.util.Base64$Decoder
2570:             2             48  java.util.Collections$SynchronizedCollection
2571:             2             48  java.util.Currency
2572:             3             48  java.util.IdentityHashMap$Values
2573:             3             48  java.util.WeakHashMap$KeySet
2574:             1             48  java.util.concurrent.ConcurrentHashMap$TreeBin
2575:             1             48  java.util.concurrent.ConcurrentSkipListMap
2576:             2             48  java.util.concurrent.Executors$DefaultThreadFactory
2577:             2             48  java.util.concurrent.FutureTask$WaitNode
2578:             1             48  java.util.concurrent.locks.ReentrantReadWriteLock$FairSync
2579:             2             48  java.util.concurrent.locks.ReentrantReadWriteLock$Sync$HoldCounter
2580:             2             48  java.util.jar.JarFile$JarEntryIterator
2581:             2             48  java.util.logging.Logger$LoggerBundle
2582:             2             48  java.util.regex.Pattern$Category
2583:             2             48  java.util.zip.ZipFile$ZipEntryIterator
2584:             2             48  javax.crypto.CryptoAllPermissionCollection
2585:             2             48  javax.crypto.CryptoPolicyParser
2586:             2             48  javax.crypto.JarVerifier$2
2587:             2             48  javax.crypto.JarVerifier$JarHolder
2588:             2             48  javax.el.ExpressionFactory$CacheKey
2589:             2             48  javax.el.ExpressionFactory$CacheValue
2590:             2             48  javax.management.MBeanInfo$ArrayGettersSafeAction
2591:             2             48  javax.validation.Validation$GenericBootstrapImpl
2592:             2             48  javax.validation.metadata.MethodType
2593:             2             48  org.apache.catalina.core.ApplicationMapping
2594:             1             48  org.apache.catalina.core.DefaultInstanceManager
2595:             1             48  org.apache.catalina.core.StandardContextValve
2596:             1             48  org.apache.catalina.core.StandardEngineValve
2597:             1             48  org.apache.catalina.core.StandardHostValve
2598:             2             48  org.apache.catalina.core.StandardWrapperFacade
2599:             1             48  org.apache.catalina.mapper.MapperListener
2600:             3             48  org.apache.catalina.realm.RealmBase$AllRolesMode
2601:             1             48  org.apache.catalina.startup.Tomcat
2602:             2             48  org.apache.catalina.util.ParameterMap
2603:             1             48  org.apache.catalina.util.StandardSessionIdGenerator
2604:             2             48  org.apache.catalina.util.URLEncoder
2605:             1             48  org.apache.commons.configuration.EnvironmentConfiguration
2606:             1             48  org.apache.commons.configuration.SystemConfiguration
2607:             2             48  org.apache.coyote.http11.filters.ChunkedOutputFilter
2608:             2             48  org.apache.coyote.http11.filters.GzipOutputFilter
2609:             2             48  org.apache.coyote.http11.filters.GzipOutputFilter$FakeOutputStream
2610:             3             48  org.apache.el.ExpressionFactoryImpl
2611:             2             48  org.apache.http.conn.util.PublicSuffixList
2612:             2             48  org.apache.tomcat.util.buf.UEncoder$SafeCharsSet
2613:             1             48  org.apache.tomcat.util.digester.CallMethodRule
2614:             2             48  org.apache.tomcat.util.http.ServerCookies
2615:             2             48  org.apache.tomcat.util.net.NioEndpoint$PollerEvent
2616:             2             48  org.apache.tomcat.util.net.NioEndpoint$SocketProcessor
2617:             2             48  org.apache.tomcat.util.net.SocketBufferHandler
2618:             1             48  org.codehaus.jettison.mapped.Configuration
2619:             3             48  org.hibernate.validator.internal.metadata.core.ConstraintHelper$ValidatorClassMap
2620:             2             48  org.hibernate.validator.internal.metadata.descriptor.ConstraintDescriptorImpl$ConstraintType
2621:             3             48  org.hibernate.validator.internal.util.ExecutableHelper
2622:             1             48  org.hibernate.validator.internal.xml.BootstrapConfigurationImpl
2623:             2             48  org.springframework.aop.framework.CglibAopProxy$ClassLoaderAwareUndeclaredThrowableStrategy
2624:             2             48  org.springframework.aop.framework.CglibAopProxy$ProxyCallbackFilter
2625:             2             48  org.springframework.aop.framework.JdkDynamicAopProxy
2626:             1             48  org.springframework.aop.framework.ReflectiveMethodInvocation
2627:             2             48  org.springframework.aop.scope.DefaultScopedObject
2628:             2             48  org.springframework.aop.support.DefaultIntroductionAdvisor
2629:             2             48  org.springframework.aop.support.DelegatingIntroductionInterceptor
2630:             3             48  org.springframework.beans.factory.support.AutowireUtils$2
2631:             2             48  org.springframework.beans.support.ResourceEditorRegistrar
2632:             2             48  org.springframework.boot.DefaultApplicationArguments
2633:             2             48  org.springframework.boot.actuate.autoconfigure.EndpointMBeanExportAutoConfiguration$$EnhancerBySpringCGLIB$$2cc52753$$FastClassBySpringCGLIB$$8ba67d29
2634:             2             48  org.springframework.boot.actuate.autoconfigure.EndpointMBeanExportAutoConfiguration$$FastClassBySpringCGLIB$$1aec9656
2635:             1             48  org.springframework.boot.actuate.autoconfigure.EndpointWebMvcManagementContextConfiguration$$EnhancerBySpringCGLIB$$20ef06cd
2636:             2             48  org.springframework.boot.actuate.autoconfigure.HealthIndicatorAutoConfiguration$DiskSpaceHealthIndicatorConfiguration$$EnhancerBySpringCGLIB$$e8446064$$FastClassBySpringCGLIB$$ad5d0e7d
2637:             2             48  org.springframework.boot.actuate.autoconfigure.HealthIndicatorAutoConfiguration$DiskSpaceHealthIndicatorConfiguration$$FastClassBySpringCGLIB$$cf225e47
2638:             1             48  org.springframework.boot.actuate.autoconfigure.MetricExportAutoConfiguration$$EnhancerBySpringCGLIB$$8b043595
2639:             1             48  org.springframework.boot.actuate.autoconfigure.MetricFilterAutoConfiguration$$EnhancerBySpringCGLIB$$5f6b49d1
2640:             1             48  org.springframework.boot.actuate.autoconfigure.MetricsFilter
2641:             2             48  org.springframework.boot.actuate.autoconfigure.MetricsFilterSubmission
2642:             2             48  org.springframework.boot.actuate.autoconfigure.PublicMetricsAutoConfiguration$$EnhancerBySpringCGLIB$$5165a75$$FastClassBySpringCGLIB$$271d26a3
2643:             2             48  org.springframework.boot.actuate.autoconfigure.PublicMetricsAutoConfiguration$$FastClassBySpringCGLIB$$5fb3c738
2644:             1             48  org.springframework.boot.actuate.autoconfigure.TraceWebFilterAutoConfiguration$$EnhancerBySpringCGLIB$$3b831eb2
2645:             1             48  org.springframework.boot.actuate.endpoint.HealthEndpoint
2646:             1             48  org.springframework.boot.actuate.endpoint.RequestMappingEndpoint
2647:             2             48  org.springframework.boot.actuate.info.InfoPropertiesInfoContributor$Mode
2648:             1             48  org.springframework.boot.actuate.metrics.export.MetricExportProperties
2649:             2             48  org.springframework.boot.autoconfigure.condition.BeanTypeRegistry
2650:             2             48  org.springframework.boot.autoconfigure.condition.ConditionalOnJava$Range
2651:             2             48  org.springframework.boot.autoconfigure.condition.OnResourceCondition
2652:             2             48  org.springframework.boot.autoconfigure.logging.AutoConfigurationReportLoggingInitializer
2653:             1             48  org.springframework.boot.autoconfigure.web.DispatcherServletAutoConfiguration$DispatcherServletRegistrationConfiguration$$EnhancerBySpringCGLIB$$64703351
2654:             2             48  org.springframework.boot.autoconfigure.web.ErrorMvcAutoConfiguration$WhitelabelErrorViewConfiguration$$EnhancerBySpringCGLIB$$89626646$$FastClassBySpringCGLIB$$7c8b0faf
2655:             2             48  org.springframework.boot.autoconfigure.web.ErrorMvcAutoConfiguration$WhitelabelErrorViewConfiguration$$FastClassBySpringCGLIB$$7b26c9e9
2656:             2             48  org.springframework.boot.autoconfigure.web.HttpEncodingAutoConfiguration$$EnhancerBySpringCGLIB$$1a075b83$$FastClassBySpringCGLIB$$5a0a87d2
2657:             2             48  org.springframework.boot.autoconfigure.web.HttpEncodingAutoConfiguration$$FastClassBySpringCGLIB$$2f9a7486
2658:             2             48  org.springframework.boot.autoconfigure.web.HttpEncodingProperties$Type
2659:             1             48  org.springframework.boot.autoconfigure.web.HttpMessageConverters$$EnhancerBySpringCGLIB$$3ba87c15
2660:             2             48  org.springframework.boot.autoconfigure.web.MultipartAutoConfiguration$$EnhancerBySpringCGLIB$$fdc8a81e$$FastClassBySpringCGLIB$$d589a416
2661:             2             48  org.springframework.boot.autoconfigure.web.MultipartAutoConfiguration$$FastClassBySpringCGLIB$$521da8c1
2662:             1             48  org.springframework.boot.autoconfigure.web.ServerProperties$Undertow
2663:             2             48  org.springframework.boot.autoconfigure.web.ServerPropertiesAutoConfiguration$$EnhancerBySpringCGLIB$$f97070a8$$FastClassBySpringCGLIB$$e495d8ca
2664:             2             48  org.springframework.boot.autoconfigure.web.ServerPropertiesAutoConfiguration$$FastClassBySpringCGLIB$$7fef2a0b
2665:             2             48  org.springframework.boot.autoconfigure.web.WebMvcAutoConfiguration$$EnhancerBySpringCGLIB$$b257de18$$FastClassBySpringCGLIB$$d72e2e38
2666:             2             48  org.springframework.boot.autoconfigure.web.WebMvcAutoConfiguration$$FastClassBySpringCGLIB$$251c597b
2667:             2             48  org.springframework.boot.autoconfigure.web.WebMvcAutoConfiguration$WebMvcAutoConfigurationAdapter$FaviconConfiguration$$EnhancerBySpringCGLIB$$7b3820cc$$FastClassBySpringCGLIB$$98586238
2668:             2             48  org.springframework.boot.autoconfigure.web.WebMvcAutoConfiguration$WebMvcAutoConfigurationAdapter$FaviconConfiguration$$FastClassBySpringCGLIB$$6a2f79af
2669:             2             48  org.springframework.boot.autoconfigure.web.WebMvcProperties$LocaleResolver
2670:             2             48  org.springframework.boot.builder.ParentContextCloserApplicationListener
2671:             2             48  org.springframework.boot.context.ContextIdApplicationContextInitializer
2672:             2             48  org.springframework.boot.context.config.DelegatingApplicationListener
2673:             2             48  org.springframework.boot.context.config.RandomValuePropertySource
2674:             1             48  org.springframework.boot.context.embedded.tomcat.LazySessionIdGenerator
2675:             2             48  org.springframework.boot.context.properties.ConfigurationBeanFactoryMetaData
2676:             2             48  org.springframework.boot.loader.data.RandomAccessData$ResourceAccess
2677:             1             48  org.springframework.boot.logging.logback.ExtendedWhitespaceThrowableProxyConverter
2678:             3             48  org.springframework.boot.logging.logback.LogbackLoggingSystem
2679:             2             48  org.springframework.boot.type.classreading.ConcurrentReferenceCachingMetadataReaderFactory
2680:             1             48  org.springframework.boot.web.filter.OrderedCharacterEncodingFilter
2681:             1             48  org.springframework.boot.web.filter.OrderedHiddenHttpMethodFilter
2682:             1             48  org.springframework.boot.web.filter.OrderedHttpPutFormContentFilter
2683:             1             48  org.springframework.boot.web.filter.OrderedRequestContextFilter
2684:             1             48  org.springframework.boot.web.servlet.ServletRegistrationBean
2685:             2             48  org.springframework.boot.yaml.SpringProfileDocumentMatcher$ProfileType
2686:             3             48  org.springframework.cglib.core.AbstractClassGenerator$Source
2687:             2             48  org.springframework.cloud.autoconfigure.ConfigurationPropertiesRebinderAutoConfiguration$$EnhancerBySpringCGLIB$$5f34f7d5$$FastClassBySpringCGLIB$$17af735
2688:             2             48  org.springframework.cloud.autoconfigure.ConfigurationPropertiesRebinderAutoConfiguration$$FastClassBySpringCGLIB$$72b81898
2689:             2             48  org.springframework.cloud.autoconfigure.LifecycleMvcEndpointAutoConfiguration$$EnhancerBySpringCGLIB$$f3bb6348$$FastClassBySpringCGLIB$$654815fc
2690:             2             48  org.springframework.cloud.autoconfigure.LifecycleMvcEndpointAutoConfiguration$$FastClassBySpringCGLIB$$37b268ab
2691:             1             48  org.springframework.cloud.client.discovery.simple.SimpleDiscoveryClientAutoConfiguration$$EnhancerBySpringCGLIB$$5839bb36
2692:             2             48  org.springframework.cloud.client.discovery.simple.SimpleDiscoveryClientAutoConfiguration$$EnhancerBySpringCGLIB$$5839bb36$$FastClassBySpringCGLIB$$c47704ec
2693:             2             48  org.springframework.cloud.client.discovery.simple.SimpleDiscoveryClientAutoConfiguration$$FastClassBySpringCGLIB$$dbde70d9
2694:             2             48  org.springframework.cloud.client.loadbalancer.AsyncLoadBalancerAutoConfiguration$LoadBalancerInterceptorConfig$$EnhancerBySpringCGLIB$$58d8a462$$FastClassBySpringCGLIB$$df4878fa
2695:             2             48  org.springframework.cloud.client.loadbalancer.AsyncLoadBalancerAutoConfiguration$LoadBalancerInterceptorConfig$$FastClassBySpringCGLIB$$5fbce085
2696:             2             48  org.springframework.cloud.client.loadbalancer.LoadBalancerAutoConfiguration$$EnhancerBySpringCGLIB$$20e61519$$FastClassBySpringCGLIB$$95993958
2697:             2             48  org.springframework.cloud.client.loadbalancer.LoadBalancerAutoConfiguration$$FastClassBySpringCGLIB$$c295515c
2698:             2             48  org.springframework.cloud.client.loadbalancer.LoadBalancerAutoConfiguration$LoadBalancerInterceptorConfig$$EnhancerBySpringCGLIB$$c4148d40$$FastClassBySpringCGLIB$$9b8817b2
2699:             2             48  org.springframework.cloud.client.loadbalancer.LoadBalancerAutoConfiguration$LoadBalancerInterceptorConfig$$FastClassBySpringCGLIB$$837b4ba3
2700:             2             48  org.springframework.cloud.commons.httpclient.HttpClientConfiguration$ApacheHttpClientConfiguration$$EnhancerBySpringCGLIB$$2c11da1c$$FastClassBySpringCGLIB$$b03b1e7a
2701:             2             48  org.springframework.cloud.commons.httpclient.HttpClientConfiguration$ApacheHttpClientConfiguration$$FastClassBySpringCGLIB$$df7d58ff
2702:             2             48  org.springframework.cloud.commons.util.InetUtils
2703:             2             48  org.springframework.cloud.commons.util.UtilAutoConfiguration$$EnhancerBySpringCGLIB$$ac8be5c$$FastClassBySpringCGLIB$$4490a98d
2704:             2             48  org.springframework.cloud.commons.util.UtilAutoConfiguration$$FastClassBySpringCGLIB$$9b63f53f
2705:             2             48  org.springframework.cloud.context.restart.RestartListener
2706:             1             48  org.springframework.cloud.netflix.archaius.ArchaiusAutoConfiguration$$EnhancerBySpringCGLIB$$3ebd35f2
2707:             1             48  org.springframework.cloud.netflix.archaius.ConfigurableEnvironmentConfiguration
2708:             1             48  org.springframework.cloud.netflix.eureka.EurekaClientAutoConfiguration$$EnhancerBySpringCGLIB$$f51040a7
2709:             2             48  org.springframework.cloud.netflix.eureka.EurekaClientAutoConfiguration$RefreshableEurekaClientConfiguration$$EnhancerBySpringCGLIB$$669df0f4$$FastClassBySpringCGLIB$$3a1d965
2710:             2             48  org.springframework.cloud.netflix.eureka.EurekaClientAutoConfiguration$RefreshableEurekaClientConfiguration$$FastClassBySpringCGLIB$$24d46cd7
2711:             1             48  org.springframework.cloud.netflix.eureka.MutableDiscoveryClientOptionalArgs
2712:             2             48  org.springframework.cloud.netflix.metrics.MetricsInterceptorConfiguration$MetricsRestTemplateConfiguration$$EnhancerBySpringCGLIB$$75479b19$$FastClassBySpringCGLIB$$b0ed28ef
2713:             2             48  org.springframework.cloud.netflix.metrics.MetricsInterceptorConfiguration$MetricsRestTemplateConfiguration$$FastClassBySpringCGLIB$$7c0c175c
2714:             2             48  org.springframework.cloud.netflix.ribbon.RibbonClientSpecification
2715:             2             48  org.springframework.context.annotation.ConfigurationCondition$ConfigurationPhase
2716:             2             48  org.springframework.context.annotation.ContextAnnotationAutowireCandidateResolver
2717:             2             48  org.springframework.context.support.ApplicationContextAwareProcessor
2718:             1             48  org.springframework.context.support.DefaultLifecycleProcessor$LifecycleGroup
2719:             2             48  org.springframework.context.support.PostProcessorRegistrationDelegate$BeanPostProcessorChecker
2720:             2             48  org.springframework.context.support.PropertySourcesPlaceholderConfigurer$2
2721:             2             48  org.springframework.core.NamedInheritableThreadLocal
2722:             2             48  org.springframework.core.ResolvableType$WildcardBounds
2723:             2             48  org.springframework.core.ResolvableType$WildcardBounds$Kind
2724:             2             48  org.springframework.core.SerializableTypeWrapper$3
2725:             2             48  org.springframework.core.env.CommandLineArgs
2726:             2             48  org.springframework.core.env.PropertiesPropertySource
2727:             2             48  org.springframework.core.env.PropertySource$StubPropertySource
2728:             2             48  org.springframework.expression.spel.support.StandardTypeLocator
2729:             3             48  org.springframework.format.datetime.joda.ReadablePartialPrinter
2730:             2             48  org.springframework.http.server.ServletServerHttpRequest
2731:             2             48  org.springframework.jmx.export.naming.MetadataNamingStrategy
2732:             2             48  org.springframework.jndi.JndiTemplate
2733:             2             48  org.springframework.objenesis.SpringObjenesis
2734:             1             48  org.springframework.scheduling.annotation.ScheduledAnnotationBeanPostProcessor
2735:             1             48  org.springframework.scheduling.config.ScheduledTaskRegistrar
2736:             2             48  org.springframework.util.ConcurrentReferenceHashMap$ReferenceType
2737:             2             48  org.springframework.util.ConcurrentReferenceHashMap$Restructure
2738:             3             48  org.springframework.util.ReflectionUtils$2
2739:             3             48  org.springframework.validation.beanvalidation.LocaleContextMessageInterpolator
2740:             3             48  org.springframework.validation.beanvalidation.SpringConstraintValidatorFactory
2741:             2             48  org.springframework.web.method.annotation.ExpressionValueMethodArgumentResolver
2742:             3             48  org.springframework.web.method.annotation.MapMethodProcessor
2743:             2             48  org.springframework.web.method.support.HandlerMethodReturnValueHandlerComposite
2744:             1             48  org.springframework.web.method.support.ModelAndViewContainer
2745:             2             48  org.springframework.web.servlet.handler.AbstractHandlerMapping$CorsInterceptor
2746:             2             48  org.springframework.web.servlet.mvc.condition.ConsumesRequestCondition$ConsumeMediaTypeExpression
2747:             2             48  org.springframework.web.servlet.mvc.method.annotation.MatrixVariableMethodArgumentResolver
2748:             2             48  org.springframework.web.servlet.mvc.method.annotation.PathVariableMethodArgumentResolver
2749:             2             48  org.springframework.web.servlet.mvc.method.annotation.ServletModelAttributeMethodProcessor
2750:             3             48  org.springframework.web.servlet.mvc.method.annotation.ServletRequestMethodArgumentResolver
2751:             3             48  org.springframework.web.servlet.mvc.method.annotation.ServletResponseMethodArgumentResolver
2752:             2             48  sun.management.ManagementFactoryHelper$1
2753:             2             48  sun.misc.NativeSignalHandler
2754:             2             48  sun.misc.Signal
2755:             3             48  sun.misc.URLClassPath$JarLoader$1
2756:             3             48  sun.net.www.protocol.file.Handler
2757:             3             48  sun.net.www.protocol.jar.Handler
2758:             2             48  sun.net.www.protocol.jar.JarURLConnection$JarURLInputStream
2759:             3             48  sun.nio.ch.PipeImpl$Initializer$LoopbackConnector
2760:             3             48  sun.nio.ch.Util$3
2761:             1             48  sun.nio.cs.US_ASCII$Decoder
2762:             2             48  sun.nio.cs.ext.EUC_KR
2763:             2             48  sun.nio.cs.ext.JIS_X_0208_MS5022X
2764:             2             48  sun.nio.cs.ext.JIS_X_0212_MS5022X
2765:             1             48  sun.nio.fs.WindowsDirectoryStream
2766:             2             48  sun.reflect.annotation.TypeAnnotation$LocationInfo
2767:             1             48  sun.security.ec.ECDSASignature$Raw
2768:             3             48  sun.security.provider.DSAKeyFactory
2769:             2             48  sun.security.rsa.RSAUtil$KeyType
2770:             2             48  sun.security.ssl.SSLAlgorithmConstraints
2771:             3             48  sun.security.ssl.SSLCipher$StreamReadCipherGenerator
2772:             3             48  sun.security.ssl.SSLCipher$StreamWriteCipherGenerator
2773:             1             48  sun.security.ssl.SSLContextImpl$TLSContext
2774:             3             48  sun.security.util.AlgorithmDecomposer
2775:             2             48  sun.security.util.DisabledAlgorithmConstraints$UsageConstraint
2776:             2             48  sun.security.util.DisabledAlgorithmConstraints$jdkCAConstraint
2777:             3             48  sun.text.normalizer.NormalizerBase$QuickCheckResult
2778:             1             48  sun.text.resources.FormatData
2779:             1             48  sun.text.resources.en.FormatData_en
2780:             1             48  sun.text.resources.en.FormatData_en_US
2781:             1             48  sun.text.resources.zh.FormatData_zh
2782:             1             48  sun.text.resources.zh.FormatData_zh_CN
2783:             1             48  sun.util.resources.CalendarData
2784:             1             48  sun.util.resources.CurrencyNames
2785:             1             48  sun.util.resources.TimeZoneNames
2786:             1             48  sun.util.resources.en.CalendarData_en
2787:             1             48  sun.util.resources.en.CurrencyNames_en_US
2788:             1             48  sun.util.resources.en.TimeZoneNames_en
2789:             1             48  sun.util.resources.zh.CalendarData_zh
2790:             1             48  sun.util.resources.zh.CurrencyNames_zh_CN
2791:             1             48  sun.util.resources.zh.TimeZoneNames_zh_CN
2792:             1             40  [Lch.qos.logback.core.pattern.parser.TokenStream$TokenizerState;
2793:             1             40  [Lch.qos.logback.core.subst.Token$Type;
2794:             2             40  [Lcom.fasterxml.classmate.members.ResolvedMethod;
2795:             1             40  [Lcom.fasterxml.jackson.annotation.JsonInclude$Include;
2796:             1             40  [Lcom.fasterxml.jackson.core.JsonParser$NumberType;
2797:             1             40  [Lcom.google.gson.FieldNamingPolicy;
2798:             1             40  [Lcom.netflix.appinfo.InstanceInfo$InstanceStatus;
2799:             1             40  [Lcom.sun.jersey.core.header.reader.HttpHeaderReader$Event;
2800:             2             40  [Lcom.sun.jmx.mbeanserver.ClassLoaderRepositorySupport$LoaderEntry;
2801:             1             40  [Lcom.sun.org.apache.xerces.internal.util.Status;
2802:             1             40  [Lcom.sun.xml.internal.bind.v2.model.core.PropertyKind;
2803:             2             40  [Ljava.beans.PropertyChangeListener;
2804:             1             40  [Ljava.lang.management.MemoryPoolMXBean;
2805:             1             40  [Ljava.time.format.SignStyle;
2806:             1             40  [Ljava.time.format.TextStyle;
2807:             2             40  [Ljava.util.logging.Handler;
2808:             2             40  [Lorg.apache.catalina.mapper.Mapper$MappedHost;
2809:             1             40  [Lorg.apache.catalina.servlet4preview.http.MappingMatch;
2810:             1             40  [Lorg.apache.coyote.http11.Http11InputBuffer$HeaderParsePosition;
2811:             1             40  [Lorg.apache.tomcat.util.net.SocketEvent;
2812:             1             40  [Lorg.jboss.logging.Logger$Level;
2813:             1             40  [Lorg.springframework.boot.ansi.AnsiStyle;
2814:             1             40  [Lorg.springframework.http.HttpStatus$Series;
2815:             1             40  [Lorg.yaml.snakeyaml.DumperOptions$ScalarStyle;
2816:             1             40  [Lsun.nio.fs.WindowsPathType;
2817:             2             40  [Lsun.reflect.annotation.TypeAnnotation$LocationInfo$Location;
2818:             1             40  [Lsun.security.jca.ServiceId;
2819:             1             40  [Lsun.security.ssl.CipherSuite$MacAlg;
2820:             1             40  [Lsun.security.ssl.SupportedGroupsExtension$NamedGroupType;
2821:             1             40  [Lsun.util.locale.provider.LocaleProviderAdapter$Type;
2822:             1             40  [[Ljava.lang.invoke.LambdaForm$Name;
2823:             1             40  ch.qos.logback.classic.pattern.LoggerConverter
2824:             1             40  ch.qos.logback.core.BasicStatusManager
2825:             1             40  com.fasterxml.classmate.members.ResolvedMethod
2826:             1             40  com.fasterxml.jackson.annotation.JsonFormat$Value
2827:             1             40  com.google.gson.internal.Excluder
2828:             1             40  com.netflix.discovery.converters.JsonXStream$1
2829:             1             40  com.netflix.discovery.shared.MonitoredConnectionManager
2830:             1             40  com.netflix.discovery.shared.transport.jersey.SSLSocketFactoryAdapter
2831:             1             40  com.netflix.eureka.registry.AbstractInstanceRegistry$1
2832:             1             40  com.netflix.eureka.registry.PeerAwareInstanceRegistryImpl$2
2833:             1             40  com.netflix.eureka.registry.ResponseCacheImpl$4
2834:             1             40  com.sun.beans.finder.MethodFinder$1
2835:             1             40  com.sun.jersey.api.core.DefaultResourceConfig
2836:             1             40  com.sun.jersey.api.uri.UriTemplate
2837:             1             40  com.sun.jersey.server.impl.uri.rules.SubLocatorRule
2838:             1             40  com.sun.jersey.server.impl.wadl.WadlApplicationContextImpl
2839:             1             40  com.sun.jersey.server.impl.wadl.WadlResource
2840:             1             40  com.sun.jersey.spi.container.servlet.ServletContainer
2841:             1             40  com.sun.jersey.spi.container.servlet.ServletContainer$InternalWebComponent
2842:             1             40  com.sun.jmx.interceptor.DefaultMBeanServerInterceptor
2843:             1             40  com.sun.jmx.mbeanserver.JmxMBeanServer
2844:             1             40  com.sun.jmx.mbeanserver.MBeanServerDelegateImpl
2845:             1             40  com.sun.org.apache.xerces.internal.impl.XMLErrorReporter
2846:             1             40  com.sun.org.apache.xerces.internal.impl.XMLVersionDetector
2847:             1             40  com.sun.org.apache.xerces.internal.util.SymbolTable
2848:             1             40  com.sun.org.apache.xerces.internal.utils.XMLLimitAnalyzer
2849:             1             40  com.sun.org.apache.xerces.internal.utils.XMLSecurityManager
2850:             1             40  com.sun.xml.internal.bind.v2.runtime.AnyTypeBeanInfo
2851:             1             40  com.sun.xml.internal.stream.XMLEntityStorage
2852:             1             40  freemarker.ext.servlet.AllHttpScopesHashModel
2853:             1             40  java.beans.WeakIdentityMap$Entry
2854:             1             40  java.text.MessageFormat
2855:             1             40  java.time.format.DateTimeFormatterBuilder
2856:             1             40  java.util.EnumMap
2857:             1             40  java.util.ResourceBundle$1
2858:             1             40  java.util.regex.Pattern$LazyLoop
2859:             1             40  javax.crypto.CryptoAllPermission
2860:             1             40  javax.crypto.KeyAgreement
2861:             1             40  javax.servlet.MultipartConfigElement
2862:             1             40  org.apache.catalina.core.ApplicationSessionCookieConfig
2863:             1             40  org.apache.catalina.mbeans.ConnectorMBean
2864:             1             40  org.apache.catalina.mbeans.ServiceMBean
2865:             1             40  org.apache.catalina.realm.MessageDigestCredentialHandler
2866:             1             40  org.apache.coyote.AbstractProtocol$RecycledProcessors
2867:             1             40  org.apache.tomcat.util.modeler.Registry
2868:             1             40  org.slf4j.bridge.SLF4JBridgeHandler
2869:             1             40  org.springframework.boot.actuate.autoconfigure.AuditAutoConfiguration$$EnhancerBySpringCGLIB$$e665eab4
2870:             1             40  org.springframework.boot.actuate.autoconfigure.EndpointCorsProperties
2871:             1             40  org.springframework.boot.actuate.autoconfigure.EndpointMBeanExportAutoConfiguration$$EnhancerBySpringCGLIB$$2cc52753
2872:             1             40  org.springframework.boot.actuate.autoconfigure.EndpointWebMvcAutoConfiguration$$EnhancerBySpringCGLIB$$f5bcc0fe
2873:             1             40  org.springframework.boot.actuate.autoconfigure.HealthIndicatorAutoConfiguration$$EnhancerBySpringCGLIB$$1d919bc
2874:             1             40  org.springframework.boot.actuate.autoconfigure.InfoContributorAutoConfiguration$$EnhancerBySpringCGLIB$$ec81bf82
2875:             1             40  org.springframework.boot.actuate.autoconfigure.ManagementServerProperties
2876:             1             40  org.springframework.boot.actuate.autoconfigure.MetricExportAutoConfiguration$MetricExportPropertiesConfiguration$$EnhancerBySpringCGLIB$$33151790
2877:             1             40  org.springframework.boot.actuate.autoconfigure.PublicMetricsAutoConfiguration$$EnhancerBySpringCGLIB$$5165a75
2878:             1             40  org.springframework.boot.actuate.endpoint.AutoConfigurationReportEndpoint
2879:             1             40  org.springframework.boot.actuate.endpoint.BeansEndpoint
2880:             1             40  org.springframework.boot.actuate.endpoint.ConfigurationPropertiesReportEndpoint
2881:             1             40  org.springframework.boot.actuate.endpoint.EnvironmentEndpoint
2882:             1             40  org.springframework.boot.actuate.endpoint.InfoEndpoint
2883:             1             40  org.springframework.boot.actuate.endpoint.LoggersEndpoint
2884:             1             40  org.springframework.boot.actuate.endpoint.MetricsEndpoint
2885:             1             40  org.springframework.boot.actuate.endpoint.ShutdownEndpoint
2886:             1             40  org.springframework.boot.actuate.endpoint.TraceEndpoint
2887:             1             40  org.springframework.boot.actuate.endpoint.mvc.AuditEventsMvcEndpoint
2888:             1             40  org.springframework.boot.actuate.endpoint.mvc.HealthMvcEndpoint
2889:             1             40  org.springframework.boot.autoconfigure.freemarker.FreeMarkerAutoConfiguration$$EnhancerBySpringCGLIB$$c99c2762
2890:             1             40  org.springframework.boot.autoconfigure.freemarker.FreeMarkerAutoConfiguration$FreeMarkerWebConfiguration$$EnhancerBySpringCGLIB$$546ee2a4
2891:             1             40  org.springframework.boot.autoconfigure.info.ProjectInfoAutoConfiguration$$EnhancerBySpringCGLIB$$7f1501f1
2892:             1             40  org.springframework.boot.autoconfigure.jackson.JacksonAutoConfiguration$JacksonObjectMapperBuilderConfiguration$$EnhancerBySpringCGLIB$$50fb3682
2893:             1             40  org.springframework.boot.autoconfigure.jmx.JmxAutoConfiguration$$EnhancerBySpringCGLIB$$c28663f4
2894:             1             40  org.springframework.boot.autoconfigure.web.DispatcherServletAutoConfiguration$DispatcherServletConfiguration$$EnhancerBySpringCGLIB$$e980a42a
2895:             1             40  org.springframework.boot.autoconfigure.web.ErrorMvcAutoConfiguration$$EnhancerBySpringCGLIB$$f915fecc
2896:             1             40  org.springframework.boot.autoconfigure.web.ErrorMvcAutoConfiguration$DefaultErrorViewResolverConfiguration$$EnhancerBySpringCGLIB$$5b3082c
2897:             1             40  org.springframework.boot.autoconfigure.web.ErrorMvcAutoConfiguration$WhitelabelErrorViewConfiguration$$EnhancerBySpringCGLIB$$89626646
2898:             1             40  org.springframework.boot.autoconfigure.web.HttpEncodingAutoConfiguration$$EnhancerBySpringCGLIB$$1a075b83
2899:             1             40  org.springframework.boot.autoconfigure.web.HttpMessageConvertersAutoConfiguration$$EnhancerBySpringCGLIB$$d3d31338
2900:             1             40  org.springframework.boot.autoconfigure.web.HttpMessageConvertersAutoConfiguration$StringHttpMessageConverterConfiguration$$EnhancerBySpringCGLIB$$90491dd8
2901:             1             40  org.springframework.boot.autoconfigure.web.MultipartAutoConfiguration$$EnhancerBySpringCGLIB$$fdc8a81e
2902:             1             40  org.springframework.boot.autoconfigure.web.ServerProperties$Session$Cookie
2903:             1             40  org.springframework.boot.autoconfigure.web.ServerProperties$Tomcat$Accesslog
2904:             1             40  org.springframework.boot.autoconfigure.web.ServerProperties$Undertow$Accesslog
2905:             1             40  org.springframework.boot.autoconfigure.web.WebClientAutoConfiguration$RestTemplateConfiguration$$EnhancerBySpringCGLIB$$4a4a6bef
2906:             1             40  org.springframework.boot.autoconfigure.web.WebMvcAutoConfiguration$WebMvcAutoConfigurationAdapter$FaviconConfiguration$$EnhancerBySpringCGLIB$$7b3820cc
2907:             1             40  org.springframework.boot.web.filter.ApplicationContextHeaderFilter
2908:             1             40  org.springframework.cloud.bootstrap.config.PropertySourceBootstrapConfiguration$$EnhancerBySpringCGLIB$$f2c81341
2909:             1             40  org.springframework.cloud.bootstrap.encrypt.EncryptionBootstrapConfiguration$$EnhancerBySpringCGLIB$$4f845631
2910:             1             40  org.springframework.cloud.client.CommonsClientAutoConfiguration$ActuatorConfiguration$$EnhancerBySpringCGLIB$$250cc46d
2911:             1             40  org.springframework.cloud.client.actuator.FeaturesEndpoint
2912:             1             40  org.springframework.cloud.client.discovery.simple.SimpleDiscoveryProperties$SimpleServiceInstance
2913:             1             40  org.springframework.cloud.client.loadbalancer.AsyncLoadBalancerAutoConfiguration$AsyncRestTemplateCustomizerConfig$$EnhancerBySpringCGLIB$$64077a32
2914:             1             40  org.springframework.cloud.client.loadbalancer.LoadBalancerAutoConfiguration$$EnhancerBySpringCGLIB$$20e61519
2915:             1             40  org.springframework.cloud.client.serviceregistry.AutoServiceRegistrationAutoConfiguration$$EnhancerBySpringCGLIB$$a3295e04
2916:             1             40  org.springframework.cloud.endpoint.RefreshEndpoint
2917:             1             40  org.springframework.cloud.netflix.archaius.ArchaiusAutoConfiguration$PropagateEventsConfiguration$$EnhancerBySpringCGLIB$$a2a4da60
2918:             1             40  org.springframework.cloud.netflix.eureka.EurekaClientAutoConfiguration$RefreshableEurekaClientConfiguration$$EnhancerBySpringCGLIB$$669df0f4
2919:             1             40  org.springframework.cloud.netflix.eureka.EurekaDiscoveryClientConfiguration$EurekaClientConfigurationRefresher$$EnhancerBySpringCGLIB$$8a3e98a
2920:             1             40  org.springframework.cloud.netflix.eureka.server.EurekaServerBootstrap
2921:             1             40  org.springframework.cloud.netflix.eureka.serviceregistry.EurekaAutoServiceRegistration
2922:             1             40  org.springframework.cloud.netflix.metrics.MetricsInterceptorConfiguration$MetricsRestTemplateConfiguration$$EnhancerBySpringCGLIB$$75479b19
2923:             1             40  org.springframework.cloud.netflix.metrics.servo.ServoMetricServices
2924:             1             40  org.springframework.cloud.netflix.ribbon.RibbonAutoConfiguration$$EnhancerBySpringCGLIB$$406754b2
2925:             1             40  org.springframework.cloud.netflix.ribbon.SpringClientFactory
2926:             1             40  org.springframework.expression.spel.standard.SpelExpression
2927:             1             40  org.springframework.ui.context.support.ResourceBundleThemeSource
2928:             1             40  org.springframework.util.ConcurrentReferenceHashMap$EntryIterator
2929:             1             40  org.springframework.web.accept.ContentNegotiationManagerFactoryBean
2930:             1             40  org.springframework.web.bind.support.ConfigurableWebBindingInitializer
2931:             1             40  org.springframework.web.cors.CorsConfiguration
2932:             1             40  org.springframework.web.servlet.mvc.annotation.ResponseStatusExceptionResolver
2933:             1             40  org.springframework.web.servlet.mvc.support.DefaultHandlerExceptionResolver
2934:             1             40  sun.management.DiagnosticCommandImpl
2935:             1             40  sun.nio.cs.StandardCharsets$Aliases
2936:             1             40  sun.nio.cs.StandardCharsets$Cache
2937:             1             40  sun.nio.cs.StandardCharsets$Classes
2938:             1             40  sun.nio.cs.ext.ExtendedCharsets
2939:             1             40  sun.reflect.annotation.AnnotatedTypeFactory$AnnotatedWildcardTypeImpl
2940:             1             40  sun.security.ec.ECDSASignature$SHA1
2941:             1             40  sun.security.ssl.TrustStoreManager$TrustStoreDescriptor
2942:             1             40  sun.security.validator.SimpleValidator
2943:             1             40  sun.util.logging.resources.logging
2944:             1             40  sun.util.logging.resources.logging_zh_CN
2945:             2             32  [Lch.qos.logback.core.filter.Filter;
2946:             1             32  [Lch.qos.logback.core.spi.FilterReply;
2947:             1             32  [Lch.qos.logback.core.subst.Tokenizer$TokenizerState;
2948:             1             32  [Lcom.fasterxml.classmate.AnnotationInclusion;
2949:             1             32  [Lcom.fasterxml.jackson.core.JsonFactory$Feature;
2950:             1             32  [Lcom.google.common.cache.LocalCache$Strength;
2951:             1             32  [Lcom.google.common.collect.MapMakerInternalMap$Strength;
2952:             1             32  [Lcom.netflix.appinfo.DataCenterInfo$Name;
2953:             1             32  [Lcom.netflix.eureka.aws.AwsBindingStrategy;
2954:             1             32  [Lcom.netflix.eureka.registry.rule.InstanceStatusOverrideRule;
2955:             1             32  [Lcom.sun.activation.registries.MimeTypeFile;
2956:             1             32  [Lcom.sun.beans.util.Cache$Kind;
2957:             1             32  [Lcom.sun.org.apache.xalan.internal.utils.XMLSecurityManager$NameMap;
2958:             1             32  [Lcom.sun.org.apache.xerces.internal.utils.XMLSecurityManager$NameMap;
2959:             1             32  [Lcom.sun.xml.internal.bind.v2.model.core.ID;
2960:             1             32  [Lcom.sun.xml.internal.bind.v2.model.core.WildcardMode;
2961:             1             32  [Lcom.thoughtworks.xstream.core.util.FastField;
2962:             2             32  [Ljava.lang.Enum;
2963:             1             32  [Ljava.lang.OutOfMemoryError;
2964:             1             32  [Ljava.lang.management.MemoryManagerMXBean;
2965:             1             32  [Ljava.security.PublicKey;
2966:             1             32  [Ljava.time.format.DateTimeFormatterBuilder$SettingsParser;
2967:             1             32  [Ljava.time.format.FormatStyle;
2968:             1             32  [Ljava.time.format.ResolverStyle;
2969:             1             32  [Ljava.time.temporal.IsoFields$Field;
2970:             2             32  [Lorg.apache.catalina.Session;
2971:             1             32  [Lorg.apache.coyote.ErrorState;
2972:             1             32  [Lorg.apache.coyote.http11.Http11InputBuffer$HeaderParseStatus;
2973:             1             32  [Lorg.apache.http.conn.util.DomainType;
2974:             1             32  [Lorg.apache.tomcat.util.http.parser.SkipResult;
2975:             1             32  [Lorg.apache.tomcat.util.log.UserDataHelper$Config;
2976:             1             32  [Lorg.apache.tomcat.util.net.AbstractEndpoint$Acceptor$AcceptorState;
2977:             1             32  [Lorg.apache.tomcat.util.net.AbstractEndpoint$BindState;
2978:             1             32  [Lorg.apache.tomcat.util.net.SendfileState;
2979:             1             32  [Lorg.hibernate.validator.internal.engine.valuehandling.UnwrapMode;
2980:             1             32  [Lorg.hibernate.validator.internal.metadata.raw.ConfigurationSource;
2981:             1             32  [Lorg.hibernate.validator.internal.util.ConcurrentReferenceHashMap$ReferenceType;
2982:             1             32  [Lorg.springframework.beans.factory.config.YamlProcessor$MatchStatus;
2983:             1             32  [Lorg.springframework.beans.factory.config.YamlProcessor$ResolutionMethod;
2984:             1             32  [Lorg.springframework.boot.Banner$Mode;
2985:             1             32  [Lorg.springframework.boot.actuate.autoconfigure.EndpointWebMvcAutoConfiguration$ManagementServerPort;
2986:             1             32  [Lorg.springframework.boot.actuate.autoconfigure.ManagementServerProperties$SessionCreationPolicy;
2987:             1             32  [Lorg.springframework.boot.ansi.AnsiOutput$Enabled;
2988:             1             32  [Lorg.springframework.boot.autoconfigure.web.ErrorProperties$IncludeStacktrace;
2989:             1             32  [Lorg.springframework.boot.loader.jar.JarFile$JarFileType;
2990:             1             32  [Lorg.springframework.cglib.proxy.Callback;
2991:             2             32  [Lorg.springframework.core.annotation.AnnotationAttributes;
2992:             1             32  [Lorg.springframework.expression.spel.SpelCompilerMode;
2993:             1             32  [Lorg.springframework.format.datetime.joda.JodaTimeFormatterRegistrar$Type;
2994:             1             32  [Lorg.springframework.jmx.support.RegistrationPolicy;
2995:             1             32  [Lorg.yaml.snakeyaml.DumperOptions$FlowStyle;
2996:             1             32  [Lorg.yaml.snakeyaml.DumperOptions$LineBreak;
2997:             1             32  [Lorg.yaml.snakeyaml.introspector.BeanAccess;
2998:             1             32  [Lsun.nio.fs.NativeBuffer;
2999:             1             32  [Lsun.security.ssl.CipherSuite$HashAlg;
3000:             1             32  [Lsun.security.ssl.CipherType;
3001:             1             32  [[Lcom.google.common.collect.MapMakerInternalMap$EntryFactory;
3002:             1             32  ch.qos.logback.classic.jul.LevelChangePropagator
3003:             1             32  ch.qos.logback.classic.pattern.LevelConverter
3004:             1             32  ch.qos.logback.classic.pattern.LineSeparatorConverter
3005:             1             32  ch.qos.logback.classic.pattern.MessageConverter
3006:             1             32  ch.qos.logback.classic.pattern.ThreadConverter
3007:             1             32  ch.qos.logback.classic.spi.LoggerContextVO
3008:             1             32  ch.qos.logback.core.helpers.CyclicBuffer
3009:             2             32  ch.qos.logback.core.spi.FilterAttachableImpl
3010:             1             32  com.fasterxml.classmate.MemberResolver
3011:             1             32  com.fasterxml.classmate.ResolvedTypeWithMembers$AnnotationHandler
3012:             1             32  com.fasterxml.jackson.core.io.SerializedString
3013:             1             32  com.fasterxml.jackson.databind.ObjectWriter$GeneratorSettings
3014:             1             32  com.fasterxml.jackson.databind.introspect.VisibilityChecker$Std
3015:             2             32  com.fasterxml.jackson.databind.node.JsonNodeFactory
3016:             1             32  com.fasterxml.jackson.databind.ser.std.NumberSerializers$FloatSerializer
3017:             1             32  com.fasterxml.jackson.databind.ser.std.NumberSerializers$IntLikeSerializer
3018:             1             32  com.fasterxml.jackson.databind.ser.std.NumberSerializers$ShortSerializer
3019:             1             32  com.fasterxml.jackson.databind.type.TypeFactory
3020:             1             32  com.fasterxml.jackson.dataformat.xml.util.DefaultXmlPrettyPrinter
3021:             2             32  com.google.common.collect.Interners$WeakInterner
3022:             1             32  com.google.gson.internal.bind.ReflectiveTypeAdapterFactory
3023:             2             32  com.netflix.config.ConcurrentCompositeConfiguration$1
3024:             1             32  com.netflix.discovery.PropertyBasedAzToRegionMapper
3025:             2             32  com.netflix.discovery.converters.Converters$ApplicationConverter
3026:             2             32  com.netflix.discovery.converters.Converters$ApplicationsConverter
3027:             2             32  com.netflix.discovery.converters.Converters$DataCenterInfoConverter
3028:             2             32  com.netflix.discovery.converters.Converters$InstanceInfoConverter
3029:             2             32  com.netflix.discovery.converters.Converters$LeaseInfoConverter
3030:             2             32  com.netflix.discovery.converters.Converters$MetadataConverter
3031:             1             32  com.netflix.discovery.converters.EurekaJacksonCodec
3032:             2             32  com.netflix.discovery.converters.EurekaJacksonCodec$ApplicationDeserializer
3033:             2             32  com.netflix.discovery.converters.EurekaJacksonCodec$ApplicationSerializer
3034:             2             32  com.netflix.discovery.converters.EurekaJacksonCodec$DataCenterInfoDeserializer
3035:             2             32  com.netflix.discovery.converters.EurekaJacksonCodec$DataCenterInfoSerializer
3036:             2             32  com.netflix.discovery.converters.EurekaJacksonCodec$LeaseInfoDeserializer
3037:             2             32  com.netflix.discovery.converters.jackson.EurekaJacksonXmlModifiers$1
3038:             2             32  com.netflix.discovery.endpoint.EndpointUtils$InstanceInfoBasedUrlRandomizer
3039:             1             32  com.netflix.discovery.shared.transport.jersey.ApacheHttpClientConnectionCleaner
3040:             1             32  com.netflix.discovery.shared.transport.jersey.EurekaJerseyClientImpl$EurekaJerseyClientBuilder$MyDefaultApacheHttpClient4Config
3041:             1             32  com.netflix.eureka.DefaultEurekaServerContext
3042:             2             32  com.netflix.eureka.V1AwareInstanceInfoConverter
3043:             1             32  com.netflix.eureka.cluster.ReplicationTaskProcessor
3044:             1             32  com.netflix.eureka.transport.JerseyReplicationClient
3045:             1             32  com.netflix.eureka.util.StatusInfo
3046:             1             32  com.netflix.eureka.util.StatusUtil
3047:             2             32  com.netflix.eureka.util.batcher.AcceptorExecutor$AcceptorRunner
3048:             1             32  com.netflix.eureka.util.batcher.TaskExecutors$1
3049:             1             32  com.netflix.eureka.util.batcher.TaskExecutors$2
3050:             1             32  com.netflix.eureka.util.batcher.TaskExecutors$SingleTaskWorkerRunnable
3051:             1             32  com.netflix.servo.util.ClockWithOffset
3052:             2             32  com.sun.beans.WeakCache
3053:             1             32  com.sun.beans.finder.BeanInfoFinder
3054:             1             32  com.sun.jersey.api.client.Client$1
3055:             1             32  com.sun.jersey.api.model.AbstractSubResourceLocator
3056:             1             32  com.sun.jersey.client.apache4.ApacheHttpClient4Handler
3057:             1             32  com.sun.jersey.core.header.AcceptableMediaType
3058:             2             32  com.sun.jersey.core.impl.provider.entity.ByteArrayProvider
3059:             2             32  com.sun.jersey.core.impl.provider.entity.DataSourceProvider
3060:             2             32  com.sun.jersey.core.impl.provider.entity.EntityHolderReader
3061:             2             32  com.sun.jersey.core.impl.provider.entity.FileProvider
3062:             2             32  com.sun.jersey.core.impl.provider.entity.FormMultivaluedMapProvider
3063:             2             32  com.sun.jersey.core.impl.provider.entity.FormProvider
3064:             2             32  com.sun.jersey.core.impl.provider.entity.InputStreamProvider
3065:             2             32  com.sun.jersey.core.impl.provider.entity.ReaderProvider
3066:             2             32  com.sun.jersey.core.impl.provider.entity.RenderedImageProvider
3067:             2             32  com.sun.jersey.core.impl.provider.entity.SourceProvider$DOMSourceReader
3068:             2             32  com.sun.jersey.core.impl.provider.entity.SourceProvider$SAXSourceReader
3069:             2             32  com.sun.jersey.core.impl.provider.entity.SourceProvider$StreamSourceReader
3070:             2             32  com.sun.jersey.core.impl.provider.entity.StreamingOutputProvider
3071:             2             32  com.sun.jersey.core.impl.provider.entity.StringProvider
3072:             2             32  com.sun.jersey.core.spi.factory.ContextResolverFactory$1
3073:             1             32  com.sun.jersey.server.impl.container.filter.FilterFactory
3074:             1             32  com.sun.jersey.server.impl.container.servlet.JSPTemplateProcessor
3075:             1             32  com.sun.jersey.server.impl.model.method.dispatch.AbstractResourceMethodDispatchProvider$TypeOutInvoker
3076:             2             32  com.sun.jersey.server.impl.model.parameter.HttpContextInjectableProvider$UriInfoInjectable
3077:             1             32  com.sun.jersey.server.impl.resource.SingletonFactory$Singleton
3078:             1             32  com.sun.jersey.server.impl.wadl.WadlFactory
3079:             1             32  com.sun.jmx.mbeanserver.Repository
3080:             2             32  com.sun.org.apache.xerces.internal.impl.XMLDocumentScannerImpl$PrologDriver
3081:             2             32  com.sun.org.apache.xerces.internal.impl.XMLDocumentScannerImpl$TrailingMiscDriver
3082:             2             32  com.sun.org.apache.xerces.internal.impl.XMLDocumentScannerImpl$XMLDeclDriver
3083:             1             32  com.sun.org.apache.xerces.internal.impl.XMLEntityScanner$1
3084:             2             32  com.sun.org.apache.xerces.internal.impl.dv.dtd.ENTITYDatatypeValidator
3085:             2             32  com.sun.org.apache.xerces.internal.jaxp.datatype.DatatypeFactoryImpl
3086:             1             32  com.sun.org.apache.xerces.internal.util.NamespaceSupport
3087:             2             32  com.sun.proxy.$Proxy105
3088:             2             32  com.sun.proxy.$Proxy106
3089:             2             32  com.sun.proxy.$Proxy134
3090:             2             32  com.sun.proxy.$Proxy142
3091:             2             32  com.sun.proxy.$Proxy147
3092:             2             32  com.sun.proxy.$Proxy150
3093:             2             32  com.sun.proxy.$Proxy37
3094:             2             32  com.sun.proxy.$Proxy40
3095:             2             32  com.sun.proxy.$Proxy52
3096:             2             32  com.sun.proxy.$Proxy53
3097:             2             32  com.sun.proxy.$Proxy55
3098:             2             32  com.sun.proxy.$Proxy59
3099:             2             32  com.sun.proxy.$Proxy70
3100:             2             32  com.sun.proxy.$Proxy99
3101:             1             32  com.sun.xml.internal.bind.v2.model.impl.RegistryInfoImpl
3102:             1             32  com.sun.xml.internal.bind.v2.runtime.CompositeStructureBeanInfo
3103:             1             32  com.sun.xml.internal.bind.v2.runtime.NameList
3104:             2             32  com.thoughtworks.xstream.XStream$1
3105:             2             32  com.thoughtworks.xstream.XStream$2
3106:             2             32  com.thoughtworks.xstream.converters.basic.BigDecimalConverter
3107:             2             32  com.thoughtworks.xstream.converters.basic.BigIntegerConverter
3108:             2             32  com.thoughtworks.xstream.converters.basic.CharConverter
3109:             2             32  com.thoughtworks.xstream.converters.basic.DoubleConverter
3110:             2             32  com.thoughtworks.xstream.converters.basic.FloatConverter
3111:             2             32  com.thoughtworks.xstream.converters.basic.IntConverter
3112:             2             32  com.thoughtworks.xstream.converters.basic.LongConverter
3113:             2             32  com.thoughtworks.xstream.converters.basic.NullConverter
3114:             2             32  com.thoughtworks.xstream.converters.basic.ShortConverter
3115:             2             32  com.thoughtworks.xstream.converters.basic.StringBufferConverter
3116:             2             32  com.thoughtworks.xstream.converters.basic.StringBuilderConverter
3117:             2             32  com.thoughtworks.xstream.converters.basic.URIConverter
3118:             2             32  com.thoughtworks.xstream.converters.basic.URLConverter
3119:             2             32  com.thoughtworks.xstream.converters.basic.UUIDConverter
3120:             2             32  com.thoughtworks.xstream.converters.collections.ArrayConverter
3121:             2             32  com.thoughtworks.xstream.converters.collections.BitSetConverter
3122:             2             32  com.thoughtworks.xstream.converters.collections.CharArrayConverter
3123:             2             32  com.thoughtworks.xstream.converters.collections.PropertiesConverter
3124:             2             32  com.thoughtworks.xstream.converters.enums.EnumConverter
3125:             2             32  com.thoughtworks.xstream.converters.enums.EnumSetConverter
3126:             2             32  com.thoughtworks.xstream.converters.extended.ActivationDataFlavorConverter
3127:             2             32  com.thoughtworks.xstream.converters.extended.CharsetConverter
3128:             2             32  com.thoughtworks.xstream.converters.extended.ColorConverter
3129:             2             32  com.thoughtworks.xstream.converters.extended.CurrencyConverter
3130:             2             32  com.thoughtworks.xstream.converters.extended.DurationConverter
3131:             2             32  com.thoughtworks.xstream.converters.extended.EncodedByteArrayConverter
3132:             2             32  com.thoughtworks.xstream.converters.extended.FileConverter
3133:             2             32  com.thoughtworks.xstream.converters.extended.GregorianCalendarConverter
3134:             2             32  com.thoughtworks.xstream.converters.extended.JavaMethodConverter
3135:             2             32  com.thoughtworks.xstream.converters.extended.LocaleConverter
3136:             2             32  com.thoughtworks.xstream.converters.extended.PathConverter
3137:             2             32  com.thoughtworks.xstream.converters.extended.RegexPatternConverter
3138:             2             32  com.thoughtworks.xstream.converters.extended.SqlDateConverter
3139:             2             32  com.thoughtworks.xstream.converters.extended.SqlTimeConverter
3140:             2             32  com.thoughtworks.xstream.converters.extended.SqlTimestampConverter
3141:             2             32  com.thoughtworks.xstream.converters.extended.StackTraceElementConverter
3142:             2             32  com.thoughtworks.xstream.converters.extended.SubjectConverter
3143:             2             32  com.thoughtworks.xstream.converters.reflection.ImmutableFieldKeySorter
3144:             2             32  com.thoughtworks.xstream.core.ClassLoaderReference
3145:             2             32  com.thoughtworks.xstream.core.JVM
3146:             2             32  com.thoughtworks.xstream.core.TreeMarshallingStrategy
3147:             2             32  com.thoughtworks.xstream.mapper.ArrayMapper
3148:             2             32  com.thoughtworks.xstream.mapper.LambdaMapper
3149:             1             32  com.tuling.cloud.study.EurekaApplication$$EnhancerBySpringCGLIB$$7e03100c
3150:             1             32  freemarker.cache.ClassTemplateLoader
3151:             1             32  freemarker.cache.URLTemplateSource
3152:             1             32  freemarker.ext.servlet.HttpSessionHashModel
3153:             2             32  freemarker.template.LoggingAttemptExceptionReporter
3154:             1             32  java.beans.PropertyChangeEvent
3155:             1             32  java.beans.ThreadGroupContext
3156:             1             32  java.beans.ThreadGroupContext$1
3157:             1             32  java.io.WinNTFileSystem
3158:             1             32  java.lang.ArithmeticException
3159:             1             32  java.lang.ArrayIndexOutOfBoundsException
3160:             1             32  java.lang.ArrayStoreException
3161:             1             32  java.lang.ClassCastException
3162:             2             32  java.lang.ClassLoader$3
3163:             1             32  java.lang.IllegalStateException
3164:             1             32  java.lang.NullPointerException
3165:             2             32  java.lang.Shutdown$Lock
3166:             1             32  java.lang.Throwable
3167:             1             32  java.lang.invoke.DirectMethodHandle$Special
3168:             1             32  java.lang.reflect.WeakCache
3169:             2             32  java.nio.ByteOrder
3170:             2             32  java.security.AllPermission
3171:             1             32  java.text.DontCareFieldPosition
3172:             1             32  java.time.format.DateTimeFormatterBuilder$FractionPrinterParser
3173:             2             32  java.time.format.DateTimeFormatterBuilder$StringLiteralPrinterParser
3174:             2             32  java.util.AbstractMap$1
3175:             2             32  java.util.Optional
3176:             1             32  java.util.concurrent.ConcurrentHashMap$ReservationNode
3177:             1             32  java.util.concurrent.ConcurrentSkipListMap$HeadIndex
3178:             2             32  java.util.concurrent.CountDownLatch
3179:             2             32  java.util.concurrent.Executors$FinalizableDelegatedExecutorService
3180:             1             32  java.util.concurrent.atomic.AtomicLongFieldUpdater$CASUpdater
3181:             1             32  java.util.logging.LogManager$SystemLoggerContext
3182:             2             32  javax.crypto.CryptoPolicyParser$GrantEntry
3183:             2             32  javax.crypto.JceSecurity$2
3184:             1             32  javax.management.MBeanConstructorInfo
3185:             2             32  javax.validation.Validation$DefaultValidationProviderResolver
3186:             1             32  jdk.net.ExtendedSocketOptions$1
3187:             1             32  org.apache.catalina.authenticator.jaspic.AuthConfigFactoryImpl
3188:             2             32  org.apache.catalina.connector.CoyoteInputStream
3189:             2             32  org.apache.catalina.connector.CoyoteOutputStream
3190:             2             32  org.apache.catalina.connector.RequestFacade
3191:             2             32  org.apache.catalina.connector.ResponseFacade
3192:             2             32  org.apache.catalina.core.ContainerBase$StartChild
3193:             1             32  org.apache.catalina.mapper.Mapper
3194:             1             32  org.apache.catalina.mapper.Mapper$MappedHost
3195:             1             32  org.apache.coyote.AbstractProtocol$ConnectionHandler
3196:             2             32  org.apache.coyote.http11.Http11InputBuffer$SocketInputBuffer
3197:             2             32  org.apache.coyote.http11.Http11OutputBuffer$SocketOutputBuffer
3198:             2             32  org.apache.coyote.http11.filters.VoidInputFilter
3199:             2             32  org.apache.coyote.http11.filters.VoidOutputFilter
3200:             2             32  org.apache.http.conn.ssl.AllowAllHostnameVerifier
3201:             2             32  org.apache.http.conn.ssl.BrowserCompatHostnameVerifier
3202:             1             32  org.apache.http.conn.ssl.SSLConnectionSocketFactory
3203:             2             32  org.apache.http.conn.ssl.StrictHostnameVerifier
3204:             2             32  org.apache.http.impl.conn.SystemDefaultDnsResolver
3205:             1             32  org.apache.http.util.VersionInfo
3206:             2             32  org.apache.tomcat.util.buf.UDecoder
3207:             1             32  org.apache.tomcat.util.collections.ManagedConcurrentWeakHashMap
3208:             1             32  org.apache.tomcat.util.descriptor.web.LoginConfig
3209:             1             32  org.apache.tomcat.util.digester.RulesBase
3210:             2             32  org.apache.tomcat.util.net.NioBlockingSelector$KeyReference
3211:             1             32  org.apache.tomcat.util.threads.LimitLatch
3212:             1             32  org.apache.tomcat.util.threads.LimitLatch$Sync
3213:             1             32  org.apache.tomcat.util.threads.TaskThreadFactory
3214:             1             32  org.apache.tomcat.websocket.server.WsWriteTimeout
3215:             2             32  org.hibernate.validator.internal.engine.ServiceLoaderBasedConstraintMappingContributor
3216:             2             32  org.hibernate.validator.internal.engine.constraintvalidation.ConstraintValidatorFactoryImpl
3217:             2             32  org.springframework.aop.framework.CglibAopProxy$AdvisedDispatcher
3218:             2             32  org.springframework.aop.framework.CglibAopProxy$DynamicAdvisedInterceptor
3219:             2             32  org.springframework.aop.framework.CglibAopProxy$DynamicUnadvisedInterceptor
3220:             2             32  org.springframework.aop.framework.CglibAopProxy$EqualsInterceptor
3221:             2             32  org.springframework.aop.framework.CglibAopProxy$HashCodeInterceptor
3222:             2             32  org.springframework.beans.factory.parsing.FailFastProblemReporter
3223:             2             32  org.springframework.beans.factory.parsing.PassThroughSourceExtractor
3224:             2             32  org.springframework.beans.factory.support.BeanDefinitionResource
3225:             2             32  org.springframework.beans.factory.support.CglibSubclassingInstantiationStrategy
3226:             2             32  org.springframework.boot.ClearCachesApplicationListener
3227:             1             32  org.springframework.boot.actuate.autoconfigure.EndpointAutoConfiguration$RequestMappingEndpointConfiguration$$EnhancerBySpringCGLIB$$c5ec9e2
3228:             1             32  org.springframework.boot.actuate.autoconfigure.EndpointWebMvcAutoConfiguration$2
3229:             1             32  org.springframework.boot.actuate.autoconfigure.EndpointWebMvcAutoConfiguration$ApplicationContextFilterConfiguration$$EnhancerBySpringCGLIB$$97a8c279
3230:             1             32  org.springframework.boot.actuate.autoconfigure.EndpointWebMvcAutoConfiguration$EndpointWebMvcConfiguration$$EnhancerBySpringCGLIB$$2b1ee575
3231:             1             32  org.springframework.boot.actuate.autoconfigure.HealthIndicatorAutoConfiguration$DiskSpaceHealthIndicatorConfiguration$$EnhancerBySpringCGLIB$$e8446064
3232:             1             32  org.springframework.boot.actuate.autoconfigure.ManagementServerPropertiesAutoConfiguration$$EnhancerBySpringCGLIB$$2bd54620
3233:             1             32  org.springframework.boot.actuate.autoconfigure.MetricExportAutoConfiguration$StatsdConfiguration$$EnhancerBySpringCGLIB$$88c4c8c2
3234:             1             32  org.springframework.boot.actuate.autoconfigure.MetricRepositoryAutoConfiguration$$EnhancerBySpringCGLIB$$5319057f
3235:             1             32  org.springframework.boot.actuate.autoconfigure.PublicMetricsAutoConfiguration$TomcatMetricsConfiguration$$EnhancerBySpringCGLIB$$610eef00
3236:             1             32  org.springframework.boot.actuate.autoconfigure.TraceRepositoryAutoConfiguration$$EnhancerBySpringCGLIB$$9867da60
3237:             1             32  org.springframework.boot.actuate.endpoint.DumpEndpoint
3238:             2             32  org.springframework.boot.actuate.endpoint.MetricReaderPublicMetrics
3239:             2             32  org.springframework.boot.actuate.endpoint.Sanitizer
3240:             1             32  org.springframework.boot.actuate.endpoint.jmx.AuditEventsJmxEndpoint
3241:             1             32  org.springframework.boot.actuate.metrics.export.MetricExporters
3242:             2             32  org.springframework.boot.actuate.metrics.reader.CompositeMetricReader
3243:             2             32  org.springframework.boot.autoconfigure.BackgroundPreinitializer
3244:             2             32  org.springframework.boot.autoconfigure.SharedMetadataReaderFactoryContextInitializer
3245:             2             32  org.springframework.boot.autoconfigure.SharedMetadataReaderFactoryContextInitializer$CachingMetadataReaderFactoryPostProcessor
3246:             2             32  org.springframework.boot.autoconfigure.SharedMetadataReaderFactoryContextInitializer$SharedMetadataReaderFactoryBean
3247:             1             32  org.springframework.boot.autoconfigure.context.ConfigurationPropertiesAutoConfiguration$$EnhancerBySpringCGLIB$$32a48026
3248:             1             32  org.springframework.boot.autoconfigure.gson.GsonAutoConfiguration$$EnhancerBySpringCGLIB$$81d60862
3249:             1             32  org.springframework.boot.autoconfigure.jackson.JacksonAutoConfiguration$$EnhancerBySpringCGLIB$$80ba11f8
3250:             1             32  org.springframework.boot.autoconfigure.jackson.JacksonAutoConfiguration$Jackson2ObjectMapperBuilderCustomizerConfiguration$$EnhancerBySpringCGLIB$$c121c71
3251:             1             32  org.springframework.boot.autoconfigure.jackson.JacksonAutoConfiguration$JacksonObjectMapperConfiguration$$EnhancerBySpringCGLIB$$9eae7469
3252:             1             32  org.springframework.boot.autoconfigure.jmx.ParentAwareNamingStrategy
3253:             2             32  org.springframework.boot.autoconfigure.logging.AutoConfigurationReportLoggingInitializer$AutoConfigurationReportListener
3254:             1             32  org.springframework.boot.autoconfigure.validation.ValidationAutoConfiguration$$EnhancerBySpringCGLIB$$b41a8562
3255:             1             32  org.springframework.boot.autoconfigure.web.DefaultErrorViewResolver
3256:             1             32  org.springframework.boot.autoconfigure.web.DispatcherServletAutoConfiguration$$EnhancerBySpringCGLIB$$388f372c
3257:             1             32  org.springframework.boot.autoconfigure.web.EmbeddedServletContainerAutoConfiguration$$EnhancerBySpringCGLIB$$af87c518
3258:             1             32  org.springframework.boot.autoconfigure.web.EmbeddedServletContainerAutoConfiguration$EmbeddedTomcat$$EnhancerBySpringCGLIB$$f69e37f4
3259:             1             32  org.springframework.boot.autoconfigure.web.GsonHttpMessageConvertersConfiguration$$EnhancerBySpringCGLIB$$1e505e12
3260:             1             32  org.springframework.boot.autoconfigure.web.HttpEncodingProperties
3261:             1             32  org.springframework.boot.autoconfigure.web.JacksonHttpMessageConvertersConfiguration$$EnhancerBySpringCGLIB$$b144e04e
3262:             1             32  org.springframework.boot.autoconfigure.web.JacksonHttpMessageConvertersConfiguration$MappingJackson2HttpMessageConverterConfiguration$$EnhancerBySpringCGLIB$$1e5747d8
3263:             1             32  org.springframework.boot.autoconfigure.web.JacksonHttpMessageConvertersConfiguration$MappingJackson2XmlHttpMessageConverterConfiguration$$EnhancerBySpringCGLIB$$51c5d5
3264:             1             32  org.springframework.boot.autoconfigure.web.MultipartProperties
3265:             1             32  org.springframework.boot.autoconfigure.web.NonRecursivePropertyPlaceholderHelper
3266:             2             32  org.springframework.boot.autoconfigure.web.OnEnabledResourceChainCondition
3267:             1             32  org.springframework.boot.autoconfigure.web.ResourceProperties
3268:             1             32  org.springframework.boot.autoconfigure.web.ServerProperties$Session
3269:             1             32  org.springframework.boot.autoconfigure.web.ServerPropertiesAutoConfiguration$$EnhancerBySpringCGLIB$$f97070a8
3270:             1             32  org.springframework.boot.autoconfigure.web.WebClientAutoConfiguration$$EnhancerBySpringCGLIB$$53ba198b
3271:             1             32  org.springframework.boot.autoconfigure.web.WebMvcAutoConfiguration$$EnhancerBySpringCGLIB$$b257de18
3272:             1             32  org.springframework.boot.autoconfigure.websocket.WebSocketAutoConfiguration$$EnhancerBySpringCGLIB$$55cb8930
3273:             1             32  org.springframework.boot.autoconfigure.websocket.WebSocketAutoConfiguration$TomcatWebSocketConfiguration$$EnhancerBySpringCGLIB$$71ed7501
3274:             2             32  org.springframework.boot.bind.RelaxedDataBinder$BeanPath$MapIndexNode
3275:             2             32  org.springframework.boot.context.ConfigurationWarningsApplicationContextInitializer
3276:             2             32  org.springframework.boot.context.ConfigurationWarningsApplicationContextInitializer$ComponentScanPackageCheck
3277:             2             32  org.springframework.boot.context.ConfigurationWarningsApplicationContextInitializer$ConfigurationWarningsPostProcessor
3278:             2             32  org.springframework.boot.context.FileEncodingApplicationListener
3279:             2             32  org.springframework.boot.context.config.AnsiOutputApplicationListener
3280:             2             32  org.springframework.boot.context.config.DelegatingApplicationContextInitializer
3281:             1             32  org.springframework.boot.context.embedded.Compression
3282:             1             32  org.springframework.boot.context.embedded.EmbeddedServletContainerInitializedEvent
3283:             2             32  org.springframework.boot.context.embedded.MimeMappings
3284:             2             32  org.springframework.boot.context.embedded.ServerPortInfoApplicationContextInitializer
3285:             2             32  org.springframework.boot.context.embedded.ServerPortInfoApplicationContextInitializer$1
3286:             1             32  org.springframework.boot.context.embedded.tomcat.SkipPatternJarScanner
3287:             1             32  org.springframework.boot.context.embedded.tomcat.TomcatEmbeddedServletContainer
3288:             1             32  org.springframework.boot.context.event.ApplicationReadyEvent
3289:             2             32  org.springframework.boot.context.properties.ConfigurationPropertiesBindingPostProcessor$FlatPropertySources
3290:             2             32  org.springframework.boot.liquibase.LiquibaseServiceLocatorApplicationListener
3291:             2             32  org.springframework.boot.logging.ClasspathLoggingApplicationListener
3292:             2             32  org.springframework.boot.logging.DeferredLog
3293:             1             32  org.springframework.boot.logging.logback.LogbackLoggingSystem$1
3294:             1             32  org.springframework.cglib.core.AbstractClassGenerator$ClassLoaderData
3295:             1             32  org.springframework.cglib.core.ClassNameReader$EarlyExitException
3296:             2             32  org.springframework.cglib.proxy.DispatcherGenerator
3297:             1             32  org.springframework.cloud.autoconfigure.LifecycleMvcEndpointAutoConfiguration$$EnhancerBySpringCGLIB$$f3bb6348
3298:             1             32  org.springframework.cloud.autoconfigure.RefreshAutoConfiguration$$EnhancerBySpringCGLIB$$41b880
3299:             1             32  org.springframework.cloud.autoconfigure.RefreshEndpointAutoConfiguration$$EnhancerBySpringCGLIB$$893f9cb
3300:             1             32  org.springframework.cloud.autoconfigure.RefreshEndpointAutoConfiguration$RefreshEndpointConfiguration$$EnhancerBySpringCGLIB$$cb668c39
3301:             2             32  org.springframework.cloud.bootstrap.BootstrapApplicationListener
3302:             1             32  org.springframework.cloud.bootstrap.BootstrapApplicationListener$ExtendedDefaultPropertySource
3303:             2             32  org.springframework.cloud.bootstrap.LoggingSystemShutdownListener
3304:             1             32  org.springframework.cloud.bootstrap.encrypt.KeyProperties
3305:             1             32  org.springframework.cloud.bootstrap.encrypt.KeyProperties$KeyStore
3306:             1             32  org.springframework.cloud.client.CommonsClientAutoConfiguration$$EnhancerBySpringCGLIB$$62b1d7d4
3307:             1             32  org.springframework.cloud.client.CommonsClientAutoConfiguration$DiscoveryLoadBalancerConfiguration$$EnhancerBySpringCGLIB$$c76186b4
3308:             1             32  org.springframework.cloud.client.discovery.composite.CompositeDiscoveryClientAutoConfiguration$$EnhancerBySpringCGLIB$$8c0b2268
3309:             1             32  org.springframework.cloud.client.discovery.event.InstanceRegisteredEvent
3310:             1             32  org.springframework.cloud.client.discovery.health.DiscoveryClientHealthIndicator
3311:             2             32  org.springframework.cloud.client.discovery.health.DiscoveryCompositeHealthIndicator$Holder
3312:             1             32  org.springframework.cloud.client.loadbalancer.AsyncLoadBalancerAutoConfiguration$$EnhancerBySpringCGLIB$$5173f3bb
3313:             1             32  org.springframework.cloud.client.loadbalancer.AsyncLoadBalancerAutoConfiguration$LoadBalancerInterceptorConfig$$EnhancerBySpringCGLIB$$58d8a462
3314:             1             32  org.springframework.cloud.client.loadbalancer.LoadBalancerAutoConfiguration$LoadBalancerInterceptorConfig$$EnhancerBySpringCGLIB$$c4148d40
3315:             1             32  org.springframework.cloud.client.serviceregistry.AutoServiceRegistrationConfiguration$$EnhancerBySpringCGLIB$$59fe2253
3316:             1             32  org.springframework.cloud.client.serviceregistry.ServiceRegistryAutoConfiguration$$EnhancerBySpringCGLIB$$69fb81d1
3317:             1             32  org.springframework.cloud.commons.httpclient.HttpClientConfiguration$$EnhancerBySpringCGLIB$$6185df2b
3318:             1             32  org.springframework.cloud.commons.httpclient.HttpClientConfiguration$ApacheHttpClientConfiguration$$EnhancerBySpringCGLIB$$2c11da1c
3319:             2             32  org.springframework.cloud.commons.util.InetUtils$1
3320:             1             32  org.springframework.cloud.commons.util.UtilAutoConfiguration$$EnhancerBySpringCGLIB$$ac8be5c
3321:             1             32  org.springframework.cloud.context.environment.EnvironmentChangeEvent
3322:             1             32  org.springframework.cloud.netflix.archaius.ArchaiusAutoConfiguration$ArchaiusEndpointConfiguration$$EnhancerBySpringCGLIB$$7d91d133
3323:             1             32  org.springframework.cloud.netflix.archaius.ArchaiusEndpoint
3324:             1             32  org.springframework.cloud.netflix.eureka.EurekaClientAutoConfiguration$EurekaHealthIndicatorConfiguration$$EnhancerBySpringCGLIB$$c8a0ef93
3325:             1             32  org.springframework.cloud.netflix.eureka.EurekaDiscoveryClientConfiguration$$EnhancerBySpringCGLIB$$60ace28a
3326:             1             32  org.springframework.cloud.netflix.eureka.config.DiscoveryClientOptionalArgsConfiguration$$EnhancerBySpringCGLIB$$83b632e
3327:             1             32  org.springframework.cloud.netflix.eureka.server.CloudJacksonJson$CloudJacksonCodec
3328:             1             32  org.springframework.cloud.netflix.eureka.server.EurekaServerAutoConfiguration$CloudServerCodecs
3329:             1             32  org.springframework.cloud.netflix.eureka.server.EurekaServerAutoConfiguration$EurekaServerConfigBeanConfiguration$$EnhancerBySpringCGLIB$$d3bea93a
3330:             1             32  org.springframework.cloud.netflix.eureka.server.EurekaServerMarkerConfiguration$$EnhancerBySpringCGLIB$$9c0fcc2b
3331:             1             32  org.springframework.cloud.netflix.eureka.serviceregistry.EurekaRegistration
3332:             1             32  org.springframework.cloud.netflix.hystrix.HystrixAutoConfiguration$$EnhancerBySpringCGLIB$$f2895670
3333:             1             32  org.springframework.cloud.netflix.metrics.MetricsHandlerInterceptor
3334:             1             32  org.springframework.cloud.netflix.metrics.MetricsInterceptorConfiguration$$EnhancerBySpringCGLIB$$34b5c70a
3335:             1             32  org.springframework.cloud.netflix.metrics.MetricsInterceptorConfiguration$MetricsWebResourceConfiguration$$EnhancerBySpringCGLIB$$c72ca1d
3336:             1             32  org.springframework.cloud.netflix.metrics.servo.ServoMetricsAutoConfiguration$$EnhancerBySpringCGLIB$$399c037e
3337:             1             32  org.springframework.cloud.netflix.metrics.servo.ServoMetricsAutoConfiguration$MetricsTagConfiguration$$EnhancerBySpringCGLIB$$26469279
3338:             1             32  org.springframework.cloud.netflix.ribbon.eureka.RibbonEurekaAutoConfiguration$$EnhancerBySpringCGLIB$$1625417c
3339:             1             32  org.springframework.cloud.netflix.rx.RxJavaAutoConfiguration$$EnhancerBySpringCGLIB$$11c14b70
3340:             1             32  org.springframework.cloud.netflix.rx.RxJavaAutoConfiguration$RxJavaReturnValueHandlerConfig$$EnhancerBySpringCGLIB$$a0e35801
3341:             2             32  org.springframework.context.annotation.ConfigurationClassPostProcessor$1
3342:             2             32  org.springframework.context.annotation.ConfigurationClassPostProcessor$ImportAwareBeanPostProcessor
3343:             2             32  org.springframework.context.event.DefaultEventListenerFactory
3344:             2             32  org.springframework.context.expression.BeanExpressionContextAccessor
3345:             2             32  org.springframework.context.expression.BeanFactoryAccessor
3346:             2             32  org.springframework.context.expression.BeanFactoryResolver
3347:             2             32  org.springframework.context.expression.EnvironmentAccessor
3348:             2             32  org.springframework.context.expression.MapAccessor
3349:             2             32  org.springframework.context.expression.StandardBeanExpressionResolver$1
3350:             2             32  org.springframework.core.$Proxy73
3351:             2             32  org.springframework.core.MethodIntrospector$2
3352:             1             32  org.springframework.core.annotation.MapAnnotationAttributeExtractor
3353:             2             32  org.springframework.core.convert.support.GenericConversionService$NoOpConverter
3354:             1             32  org.springframework.core.env.CompositePropertySource
3355:             1             32  org.springframework.core.env.StandardEnvironment
3356:             1             32  org.springframework.core.io.support.ResourcePropertySource
3357:             1             32  org.springframework.expression.spel.ast.NullLiteral
3358:             2             32  org.springframework.expression.spel.support.StandardOperatorOverloader
3359:             2             32  org.springframework.expression.spel.support.StandardTypeComparator
3360:             2             32  org.springframework.format.datetime.DateFormatterRegistrar$CalendarToDateConverter
3361:             2             32  org.springframework.format.datetime.DateFormatterRegistrar$CalendarToLongConverter
3362:             2             32  org.springframework.format.datetime.DateFormatterRegistrar$DateToCalendarConverter
3363:             2             32  org.springframework.format.datetime.DateFormatterRegistrar$DateToLongConverter
3364:             2             32  org.springframework.format.datetime.DateFormatterRegistrar$LongToCalendarConverter
3365:             2             32  org.springframework.format.datetime.DateFormatterRegistrar$LongToDateConverter
3366:             1             32  org.springframework.format.support.DefaultFormattingConversionService
3367:             2             32  org.springframework.http.HttpHeaders
3368:             2             32  org.springframework.http.converter.json.SpringHandlerInstantiator
3369:             2             32  org.springframework.jmx.export.annotation.AnnotationJmxAttributeSource
3370:             2             32  org.springframework.objenesis.instantiator.sun.SunReflectionFactoryInstantiator
3371:             2             32  org.springframework.objenesis.strategy.StdInstantiatorStrategy
3372:             1             32  org.springframework.scheduling.annotation.SchedulingConfiguration$$EnhancerBySpringCGLIB$$e469ab53
3373:             1             32  org.springframework.scheduling.concurrent.ConcurrentTaskScheduler
3374:             2             32  org.springframework.util.DefaultPropertiesPersister
3375:             2             32  org.springframework.web.context.request.SessionScope
3376:             1             32  org.springframework.web.context.support.StandardServletEnvironment
3377:             2             32  org.springframework.web.method.annotation.RequestParamMapMethodArgumentResolver
3378:             1             32  org.springframework.web.method.annotation.SessionAttributesHandler
3379:             1             32  org.springframework.web.servlet.ModelAndView
3380:             1             32  org.springframework.web.servlet.config.annotation.PathMatchConfigurer
3381:             2             32  org.springframework.web.servlet.mvc.method.RequestMappingInfoHandlerMethodMappingNamingStrategy
3382:             2             32  org.springframework.web.servlet.mvc.method.annotation.JsonViewResponseBodyAdvice
3383:             2             32  org.springframework.web.servlet.mvc.method.annotation.MatrixVariableMapMethodArgumentResolver
3384:             2             32  org.springframework.web.servlet.mvc.method.annotation.ModelAndViewMethodReturnValueHandler
3385:             2             32  org.springframework.web.servlet.mvc.method.annotation.PathVariableMapMethodArgumentResolver
3386:             2             32  org.springframework.web.servlet.mvc.method.annotation.RedirectAttributesMethodArgumentResolver
3387:             1             32  org.springframework.web.servlet.mvc.method.annotation.RequestPartMethodArgumentResolver
3388:             1             32  org.springframework.web.servlet.mvc.method.annotation.ServletCookieValueMethodArgumentResolver
3389:             2             32  org.springframework.web.servlet.mvc.method.annotation.ViewMethodReturnValueHandler
3390:             2             32  org.springframework.web.servlet.mvc.method.annotation.ViewNameMethodReturnValueHandler
3391:             1             32  org.springframework.web.servlet.resource.ResourceUrlProvider
3392:             2             32  org.springframework.web.servlet.resource.ResourceUrlProviderExposingInterceptor
3393:             1             32  org.springframework.web.servlet.view.BeanNameViewResolver
3394:             1             32  org.springframework.web.servlet.view.DefaultRequestToViewNameTranslator
3395:             2             32  sun.nio.ch.SocketDispatcher
3396:             1             32  sun.nio.cs.StandardCharsets
3397:             1             32  sun.nio.fs.NativeBuffer
3398:             1             32  sun.nio.fs.WindowsDirectoryStream$WindowsDirectoryIterator
3399:             1             32  sun.nio.fs.WindowsFileSystem
3400:             1             32  sun.nio.fs.WindowsNativeDispatcher$FirstFile
3401:             1             32  sun.reflect.annotation.AnnotatedTypeFactory$AnnotatedParameterizedTypeImpl
3402:             2             32  sun.security.provider.JavaKeyStore$JKS
3403:             2             32  sun.security.provider.KeyStoreDelegator$1
3404:             1             32  sun.security.provider.PolicyFile
3405:             1             32  sun.security.provider.PolicyFile$PolicyInfo
3406:             2             32  sun.security.provider.certpath.UntrustedChecker
3407:             2             32  sun.security.ssl.SSLAlgorithmDecomposer
3408:             2             32  sun.security.ssl.SSLCipher$NullReadCipherGenerator
3409:             2             32  sun.security.ssl.SSLCipher$NullWriteCipherGenerator
3410:             2             32  sun.security.ssl.SSLCipher$T12GcmReadCipherGenerator
3411:             2             32  sun.security.ssl.SSLCipher$T12GcmWriteCipherGenerator
3412:             2             32  sun.security.ssl.SSLCipher$T13GcmReadCipherGenerator
3413:             2             32  sun.security.ssl.SSLCipher$T13GcmWriteCipherGenerator
3414:             1             32  sun.security.ssl.X509TrustManagerImpl
3415:             1             32  sun.security.x509.AuthorityInfoAccessExtension
3416:             1             32  sun.security.x509.IssuerAlternativeNameExtension
3417:             1             32  sun.security.x509.PolicyMappingsExtension
3418:             1             32  sun.security.x509.PrivateKeyUsageExtension
3419:             2             32  sun.security.x509.RFC822Name
3420:             1             32  sun.security.x509.SubjectAlternativeNameExtension
3421:             2             32  sun.security.x509.X509CertImpl$$Lambda$7/1218519094
3422:             1             24  [Lch.qos.logback.core.joran.spi.ConsoleTarget;
3423:             1             24  [Lch.qos.logback.core.subst.Node$Type;
3424:             1             24  [Lcom.fasterxml.classmate.Annotations;
3425:             1             24  [Lcom.fasterxml.classmate.members.HierarchicType;
3426:             1             24  [Lcom.fasterxml.jackson.databind.Module;
3427:             1             24  [Lcom.fasterxml.jackson.databind.deser.KeyDeserializers;
3428:             1             24  [Lcom.fasterxml.jackson.dataformat.xml.ser.ToXmlGenerator$Feature;
3429:             1             24  [Lcom.google.common.cache.CacheBuilder$NullListener;
3430:             1             24  [Lcom.google.common.cache.CacheBuilder$OneWeigher;
3431:             1             24  [Lcom.google.common.collect.GenericMapMaker$NullListener;
3432:             1             24  [Lcom.google.common.collect.Interners$WeakInterner$Dummy;
3433:             1             24  [Lcom.google.gson.LongSerializationPolicy;
3434:             1             24  [Lcom.netflix.appinfo.EurekaAccept;
3435:             1             24  [Lcom.netflix.appinfo.InstanceInfo$PortType;
3436:             1             24  [Lcom.netflix.servo.util.ClockWithOffset;
3437:             1             24  [Lcom.sun.org.apache.xalan.internal.utils.XMLSecurityPropertyManager$Property;
3438:             1             24  [Lcom.sun.org.apache.xerces.internal.utils.XMLSecurityPropertyManager$Property;
3439:             1             24  [Lfreemarker.cache.TemplateLoader;
3440:             1             24  [Ljava.io.File$PathStatus;
3441:             1             24  [Ljava.lang.ClassValue$Entry;
3442:             1             24  [Ljava.net.InetAddress$Cache$Type;
3443:             1             24  [Ljava.net.StandardProtocolFamily;
3444:             1             24  [Ljava.time.temporal.IsoFields$Unit;
3445:             1             24  [Ljava.util.Locale$Category;
3446:             1             24  [Ljavax.net.ssl.TrustManager;
3447:             1             24  [Ljdk.internal.org.objectweb.asm.Type;
3448:             1             24  [Ljdk.xml.internal.JdkXmlFeatures$XmlFeature;
3449:             1             24  [Lorg.apache.catalina.Service;
3450:             1             24  [Lorg.apache.catalina.mapper.Mapper$ContextVersion;
3451:             1             24  [Lorg.apache.catalina.mapper.Mapper$MappedContext;
3452:             1             24  [Lorg.apache.tomcat.util.IntrospectionUtils$PropertySource;
3453:             1             24  [Lorg.apache.tomcat.util.buf.UEncoder$SafeCharsSet;
3454:             1             24  [Lorg.apache.tomcat.util.net.AbstractEndpoint$Acceptor;
3455:             1             24  [Lorg.apache.tomcat.util.net.NioEndpoint$Poller;
3456:             1             24  [Lorg.hibernate.validator.internal.metadata.descriptor.ConstraintDescriptorImpl$ConstraintType;
3457:             1             24  [Lorg.springframework.boot.actuate.info.InfoPropertiesInfoContributor$Mode;
3458:             1             24  [Lorg.springframework.boot.autoconfigure.condition.ConditionMessage$Style;
3459:             1             24  [Lorg.springframework.boot.autoconfigure.condition.OnClassCondition$MatchType;
3460:             1             24  [Lorg.springframework.boot.autoconfigure.web.HttpEncodingProperties$Type;
3461:             1             24  [Lorg.springframework.boot.autoconfigure.web.WebMvcProperties$LocaleResolver;
3462:             1             24  [Lorg.springframework.boot.cloud.CloudPlatform;
3463:             1             24  [Lorg.springframework.boot.loader.data.RandomAccessData$ResourceAccess;
3464:             1             24  [Lorg.springframework.boot.yaml.SpringProfileDocumentMatcher$ProfileType;
3465:             1             24  [Lorg.springframework.context.annotation.ConfigurationCondition$ConfigurationPhase;
3466:             1             24  [Lorg.springframework.context.annotation.MBeanExportConfiguration$SpecificPlatform;
3467:             1             24  [Lorg.springframework.core.ResolvableType$WildcardBounds$Kind;
3468:             1             24  [Lorg.springframework.expression.Expression;
3469:             1             24  [Lorg.springframework.security.rsa.crypto.RsaAlgorithm;
3470:             1             24  [Lorg.springframework.util.ConcurrentReferenceHashMap$ReferenceType;
3471:             1             24  [Lorg.springframework.util.ConcurrentReferenceHashMap$Restructure;
3472:             1             24  [Lorg.springframework.validation.DefaultMessageCodesResolver$Format;
3473:             1             24  [Lsun.launcher.LauncherHelper;
3474:             1             24  [Lsun.misc.JavaSecurityProtectionDomainAccess$ProtectionDomainCache;
3475:             1             24  [Lsun.security.ssl.EphemeralKeyManager$EphemeralKeyPair;
3476:             1             24  ch.qos.logback.classic.spi.TurboFilterList
3477:             1             24  ch.qos.logback.classic.util.ContextSelectorStaticBinder
3478:             1             24  ch.qos.logback.classic.util.LogbackMDCAdapter
3479:             1             24  com.fasterxml.classmate.AnnotationConfiguration$StdConfiguration
3480:             1             24  com.fasterxml.classmate.Annotations
3481:             1             24  com.fasterxml.classmate.members.HierarchicType
3482:             1             24  com.fasterxml.classmate.types.ResolvedArrayType
3483:             1             24  com.fasterxml.classmate.types.ResolvedRecursiveType
3484:             1             24  com.fasterxml.classmate.util.MethodKey
3485:             1             24  com.fasterxml.jackson.annotation.JsonFormat$Features
3486:             1             24  com.fasterxml.jackson.databind.cfg.ContextAttributes$Impl
3487:             1             24  com.fasterxml.jackson.databind.introspect.JacksonAnnotationIntrospector
3488:             1             24  com.fasterxml.jackson.databind.ser.impl.FailingSerializer
3489:             1             24  com.fasterxml.jackson.databind.ser.std.CalendarSerializer
3490:             1             24  com.fasterxml.jackson.databind.ser.std.DateSerializer
3491:             1             24  com.google.common.cache.CacheBuilder$NullListener
3492:             1             24  com.google.common.cache.CacheBuilder$OneWeigher
3493:             1             24  com.google.common.cache.LocalCache$EntryFactory$1
3494:             1             24  com.google.common.cache.LocalCache$EntryFactory$2
3495:             1             24  com.google.common.cache.LocalCache$EntryFactory$3
3496:             1             24  com.google.common.cache.LocalCache$EntryFactory$4
3497:             1             24  com.google.common.cache.LocalCache$EntryFactory$5
3498:             1             24  com.google.common.cache.LocalCache$EntryFactory$6
3499:             1             24  com.google.common.cache.LocalCache$EntryFactory$7
3500:             1             24  com.google.common.cache.LocalCache$EntryFactory$8
3501:             1             24  com.google.common.cache.LocalCache$Strength$1
3502:             1             24  com.google.common.cache.LocalCache$Strength$2
3503:             1             24  com.google.common.cache.LocalCache$Strength$3
3504:             1             24  com.google.common.collect.GenericMapMaker$NullListener
3505:             1             24  com.google.common.collect.Interners$WeakInterner$Dummy
3506:             1             24  com.google.common.collect.MapMakerInternalMap$EntryFactory$1
3507:             1             24  com.google.common.collect.MapMakerInternalMap$EntryFactory$2
3508:             1             24  com.google.common.collect.MapMakerInternalMap$EntryFactory$3
3509:             1             24  com.google.common.collect.MapMakerInternalMap$EntryFactory$4
3510:             1             24  com.google.common.collect.MapMakerInternalMap$EntryFactory$5
3511:             1             24  com.google.common.collect.MapMakerInternalMap$EntryFactory$6
3512:             1             24  com.google.common.collect.MapMakerInternalMap$EntryFactory$7
3513:             1             24  com.google.common.collect.MapMakerInternalMap$EntryFactory$8
3514:             1             24  com.google.common.collect.MapMakerInternalMap$Strength$1
3515:             1             24  com.google.common.collect.MapMakerInternalMap$Strength$2
3516:             1             24  com.google.common.collect.MapMakerInternalMap$Strength$3
3517:             1             24  com.google.gson.FieldNamingPolicy$1
3518:             1             24  com.google.gson.FieldNamingPolicy$2
3519:             1             24  com.google.gson.FieldNamingPolicy$3
3520:             1             24  com.google.gson.FieldNamingPolicy$4
3521:             1             24  com.google.gson.FieldNamingPolicy$5
3522:             1             24  com.google.gson.LongSerializationPolicy$1
3523:             1             24  com.google.gson.LongSerializationPolicy$2
3524:             1             24  com.google.gson.internal.bind.MapTypeAdapterFactory
3525:             1             24  com.google.gson.internal.bind.TypeAdapters$34
3526:             1             24  com.google.gson.reflect.TypeToken
3527:             1             24  com.netflix.config.ConfigurationBasedDeploymentContext
3528:             1             24  com.netflix.discovery.DiscoveryClient$1
3529:             1             24  com.netflix.discovery.DiscoveryManager
3530:             1             24  com.netflix.discovery.EurekaIdentityHeaderFilter
3531:             1             24  com.netflix.discovery.InstanceRegionChecker
3532:             1             24  com.netflix.discovery.converters.jackson.EurekaJsonJacksonCodec
3533:             1             24  com.netflix.discovery.shared.transport.jersey.ApacheHttpClientConnectionCleaner$1
3534:             1             24  com.netflix.discovery.shared.transport.jersey.ApacheHttpClientConnectionCleaner$2
3535:             1             24  com.netflix.discovery.shared.transport.jersey.EurekaJerseyClientImpl
3536:             1             24  com.netflix.discovery.util.StringCache
3537:             1             24  com.netflix.discovery.util.ThresholdLevelsMetric$NoOpThresholdLevelMetric
3538:             1             24  com.netflix.eureka.EurekaServerIdentity
3539:             1             24  com.netflix.eureka.cluster.DynamicGZIPContentEncodingFilter
3540:             1             24  com.netflix.eureka.registry.rule.FirstMatchWinsCompositeRule
3541:             1             24  com.netflix.eureka.util.batcher.TaskDispatchers$1
3542:             1             24  com.netflix.eureka.util.batcher.TaskDispatchers$2
3543:             1             24  com.netflix.servo.util.ThreadFactories$1
3544:             1             24  com.sun.beans.util.Cache$Kind$1
3545:             1             24  com.sun.beans.util.Cache$Kind$2
3546:             1             24  com.sun.beans.util.Cache$Kind$3
3547:             1             24  com.sun.jersey.api.client.Client$2
3548:             1             24  com.sun.jersey.api.client.Client$3
3549:             1             24  com.sun.jersey.api.client.Client$4
3550:             1             24  com.sun.jersey.client.impl.CopyOnWriteHashMap
3551:             1             24  com.sun.jersey.core.impl.provider.entity.Inflector
3552:             1             24  com.sun.jersey.server.impl.application.WebApplicationImpl$13
3553:             1             24  com.sun.jersey.server.impl.application.WebApplicationImpl$1WadlContextResolver
3554:             1             24  com.sun.jersey.server.impl.application.WebApplicationImpl$23
3555:             1             24  com.sun.jersey.server.impl.application.WebApplicationImpl$24
3556:             1             24  com.sun.jersey.server.impl.application.WebApplicationImpl$4
3557:             1             24  com.sun.jersey.server.impl.application.WebApplicationImpl$5$1
3558:             1             24  com.sun.jersey.server.impl.application.WebApplicationImpl$DispatchingListenerProxy
3559:             1             24  com.sun.jersey.server.impl.component.ResourceFactory
3560:             1             24  com.sun.jersey.server.impl.model.method.dispatch.EntityParamDispatchProvider$EntityInjectable
3561:             1             24  com.sun.jersey.server.impl.model.method.dispatch.FormDispatchProvider
3562:             1             24  com.sun.jersey.server.impl.model.method.dispatch.MultipartFormDispatchProvider
3563:             1             24  com.sun.jersey.server.impl.model.parameter.multivalued.JAXBStringReaderProviders$RootElementProvider
3564:             1             24  com.sun.jersey.server.impl.provider.RuntimeDelegateImpl
3565:             1             24  com.sun.jersey.server.impl.resource.PerRequestFactory
3566:             1             24  com.sun.jersey.server.impl.template.ViewableMessageBodyWriter
3567:             1             24  com.sun.jersey.spi.container.servlet.ServletContainer$ContextInjectableProvider
3568:             1             24  com.sun.jmx.mbeanserver.ClassLoaderRepositorySupport
3569:             1             24  com.sun.jmx.mbeanserver.MXBeanLookup
3570:             1             24  com.sun.jmx.remote.util.ClassLogger
3571:             1             24  com.sun.org.apache.xerces.internal.impl.Constants$ArrayEnumeration
3572:             1             24  com.sun.org.apache.xerces.internal.impl.XMLDocumentScannerImpl$ContentDriver
3573:             1             24  com.sun.org.apache.xerces.internal.impl.XMLNSDocumentScannerImpl$NSContentDriver
3574:             1             24  com.sun.org.apache.xerces.internal.impl.msg.XMLMessageFormatter
3575:             1             24  com.sun.org.apache.xerces.internal.impl.validation.ValidationManager
3576:             1             24  com.sun.org.apache.xerces.internal.parsers.AbstractSAXParser$LocatorProxy
3577:             1             24  com.sun.org.apache.xerces.internal.utils.XMLSecurityPropertyManager
3578:             1             24  com.sun.xml.internal.bind.v2.model.annotation.RuntimeInlineAnnotationReader
3579:             1             24  com.sun.xml.internal.bind.v2.model.annotation.XmlAttributeQuick
3580:             1             24  com.sun.xml.internal.bind.v2.model.annotation.XmlElementDeclQuick
3581:             1             24  com.sun.xml.internal.bind.v2.model.annotation.XmlElementQuick
3582:             1             24  com.sun.xml.internal.bind.v2.model.annotation.XmlElementRefQuick
3583:             1             24  com.sun.xml.internal.bind.v2.model.annotation.XmlElementRefsQuick
3584:             1             24  com.sun.xml.internal.bind.v2.model.annotation.XmlEnumQuick
3585:             1             24  com.sun.xml.internal.bind.v2.model.annotation.XmlRootElementQuick
3586:             1             24  com.sun.xml.internal.bind.v2.model.annotation.XmlSchemaTypeQuick
3587:             1             24  com.sun.xml.internal.bind.v2.model.annotation.XmlTransientQuick
3588:             1             24  com.sun.xml.internal.bind.v2.model.annotation.XmlTypeQuick
3589:             1             24  com.sun.xml.internal.bind.v2.model.annotation.XmlValueQuick
3590:             1             24  com.sun.xml.internal.bind.v2.model.impl.RuntimeAnyTypeImpl
3591:             1             24  com.sun.xml.internal.bind.v2.model.impl.RuntimeBuiltinLeafInfoImpl$10
3592:             1             24  com.sun.xml.internal.bind.v2.model.impl.RuntimeBuiltinLeafInfoImpl$11
3593:             1             24  com.sun.xml.internal.bind.v2.model.impl.RuntimeBuiltinLeafInfoImpl$12
3594:             1             24  com.sun.xml.internal.bind.v2.model.impl.RuntimeBuiltinLeafInfoImpl$13
3595:             1             24  com.sun.xml.internal.bind.v2.model.impl.RuntimeBuiltinLeafInfoImpl$14
3596:             1             24  com.sun.xml.internal.bind.v2.model.impl.RuntimeBuiltinLeafInfoImpl$15
3597:             1             24  com.sun.xml.internal.bind.v2.model.impl.RuntimeBuiltinLeafInfoImpl$16
3598:             1             24  com.sun.xml.internal.bind.v2.model.impl.RuntimeBuiltinLeafInfoImpl$17
3599:             1             24  com.sun.xml.internal.bind.v2.model.impl.RuntimeBuiltinLeafInfoImpl$18
3600:             1             24  com.sun.xml.internal.bind.v2.model.impl.RuntimeBuiltinLeafInfoImpl$19
3601:             1             24  com.sun.xml.internal.bind.v2.model.impl.RuntimeBuiltinLeafInfoImpl$2
3602:             1             24  com.sun.xml.internal.bind.v2.model.impl.RuntimeBuiltinLeafInfoImpl$20
3603:             1             24  com.sun.xml.internal.bind.v2.model.impl.RuntimeBuiltinLeafInfoImpl$21
3604:             1             24  com.sun.xml.internal.bind.v2.model.impl.RuntimeBuiltinLeafInfoImpl$22
3605:             1             24  com.sun.xml.internal.bind.v2.model.impl.RuntimeBuiltinLeafInfoImpl$23
3606:             1             24  com.sun.xml.internal.bind.v2.model.impl.RuntimeBuiltinLeafInfoImpl$24
3607:             1             24  com.sun.xml.internal.bind.v2.model.impl.RuntimeBuiltinLeafInfoImpl$26
3608:             1             24  com.sun.xml.internal.bind.v2.model.impl.RuntimeBuiltinLeafInfoImpl$27
3609:             1             24  com.sun.xml.internal.bind.v2.model.impl.RuntimeBuiltinLeafInfoImpl$3
3610:             1             24  com.sun.xml.internal.bind.v2.model.impl.RuntimeBuiltinLeafInfoImpl$4
3611:             1             24  com.sun.xml.internal.bind.v2.model.impl.RuntimeBuiltinLeafInfoImpl$5
3612:             1             24  com.sun.xml.internal.bind.v2.model.impl.RuntimeBuiltinLeafInfoImpl$6
3613:             1             24  com.sun.xml.internal.bind.v2.model.impl.RuntimeBuiltinLeafInfoImpl$7
3614:             1             24  com.sun.xml.internal.bind.v2.model.impl.RuntimeBuiltinLeafInfoImpl$8
3615:             1             24  com.sun.xml.internal.bind.v2.model.impl.RuntimeBuiltinLeafInfoImpl$9
3616:             1             24  com.sun.xml.internal.bind.v2.model.impl.RuntimeBuiltinLeafInfoImpl$StringImplImpl
3617:             1             24  com.sun.xml.internal.bind.v2.model.impl.RuntimeBuiltinLeafInfoImpl$UUIDImpl
3618:             1             24  com.sun.xml.internal.bind.v2.runtime.ElementBeanInfoImpl$1
3619:             1             24  com.sun.xml.internal.bind.v2.runtime.JAXBContextImpl$1
3620:             1             24  com.sun.xml.internal.bind.v2.runtime.JAXBContextImpl$2
3621:             1             24  com.sun.xml.internal.bind.v2.runtime.property.ArrayReferenceNodeProperty$MixedTextLoader
3622:             1             24  com.thoughtworks.xstream.converters.reflection.FieldDictionary$DictionaryEntry
3623:             1             24  com.thoughtworks.xstream.io.xml.DomDriver
3624:             1             24  com.thoughtworks.xstream.mapper.AnnotationMapper$UnprocessedTypesSet
3625:             1             24  freemarker.cache.MultiTemplateLoader
3626:             1             24  freemarker.core.ArithmeticEngine$BigDecimalEngine
3627:             1             24  freemarker.core.ArithmeticEngine$ConservativeEngine
3628:             1             24  freemarker.core.Environment$5
3629:             1             24  freemarker.core.JavaTemplateNumberFormat
3630:             1             24  freemarker.core.JavaTemplateNumberFormatFactory$CacheKey
3631:             1             24  freemarker.core.LocalContextStack
3632:             1             24  freemarker.ext.beans.OverloadedMethodsModel
3633:             1             24  freemarker.ext.beans.SimpleMethod
3634:             1             24  freemarker.ext.servlet.HttpRequestHashModel
3635:             1             24  freemarker.ext.servlet.HttpRequestParametersHashModel
3636:             1             24  freemarker.ext.servlet.ServletContextHashModel
3637:             1             24  freemarker.template.Configuration$DefaultSoftCacheStorage
3638:             1             24  freemarker.template.utility.NullWriter
3639:             1             24  freemarker.template.utility.SecurityUtilities$2
3640:             1             24  java.lang.Class$4
3641:             1             24  java.lang.ClassValue$Version
3642:             1             24  java.lang.invoke.ConstantCallSite
3643:             1             24  java.lang.invoke.InfoFromMemberName
3644:             1             24  java.lang.invoke.InnerClassLambdaMetafactory$ForwardingMethodGenerator
3645:             1             24  java.lang.invoke.MethodHandleImpl$4
3646:             1             24  java.lang.invoke.MethodType$ConcurrentWeakInternSet
3647:             1             24  java.net.Inet6AddressImpl
3648:             1             24  java.net.NetworkInterface$2
3649:             1             24  java.net.SocketPermissionCollection
3650:             1             24  java.security.AllPermissionCollection
3651:             1             24  java.security.Policy$PolicyInfo
3652:             1             24  java.security.Policy$UnsupportedEmptyCollection
3653:             1             24  java.security.ProtectionDomain$2$1
3654:             1             24  java.time.format.DecimalStyle
3655:             1             24  java.time.temporal.IsoFields$Field$1
3656:             1             24  java.time.temporal.IsoFields$Field$2
3657:             1             24  java.time.temporal.IsoFields$Field$3
3658:             1             24  java.time.temporal.IsoFields$Field$4
3659:             1             24  java.util.AbstractMap$1$1
3660:             1             24  java.util.Collections$EmptyMap
3661:             1             24  java.util.Locale$Cache
3662:             1             24  java.util.PropertyPermissionCollection
3663:             1             24  java.util.ResourceBundle$Control$CandidateListCache
3664:             1             24  java.util.concurrent.ConcurrentSkipListMap$Node
3665:             1             24  java.util.concurrent.TimeUnit$1
3666:             1             24  java.util.concurrent.TimeUnit$2
3667:             1             24  java.util.concurrent.TimeUnit$3
3668:             1             24  java.util.concurrent.TimeUnit$4
3669:             1             24  java.util.concurrent.TimeUnit$5
3670:             1             24  java.util.concurrent.TimeUnit$6
3671:             1             24  java.util.concurrent.TimeUnit$7
3672:             1             24  java.util.concurrent.atomic.AtomicLongFieldUpdater$CASUpdater$1
3673:             1             24  java.util.concurrent.atomic.AtomicReferenceFieldUpdater$AtomicReferenceFieldUpdaterImpl$1
3674:             1             24  java.util.logging.LogManager$LoggerContext
3675:             1             24  java.util.logging.LoggingPermission
3676:             1             24  java.util.regex.Pattern$Pos
3677:             1             24  javax.activation.SecuritySupport$2
3678:             1             24  javax.activation.SecuritySupport$3
3679:             1             24  javax.net.ssl.SSLContext
3680:             1             24  javax.net.ssl.TrustManagerFactory
3681:             1             24  javax.websocket.CloseReason
3682:             1             24  javax.xml.datatype.SecuritySupport$2
3683:             1             24  org.apache.catalina.ContainerEvent
3684:             1             24  org.apache.catalina.core.ApplicationContextFacade
3685:             1             24  org.apache.catalina.core.StandardContext$ContextFilterMaps
3686:             1             24  org.apache.catalina.mapper.Mapper$ContextList
3687:             1             24  org.apache.catalina.mapper.Mapper$MappedContext
3688:             1             24  org.apache.catalina.mapper.Mapper$MappedWrapper
3689:             1             24  org.apache.catalina.webresources.TomcatURLStreamHandlerFactory
3690:             1             24  org.apache.commons.logging.impl.SLF4JLogFactory
3691:             1             24  org.apache.coyote.AbstractProtocol$AsyncTimeout
3692:             1             24  org.apache.http.conn.params.ConnPerRouteBean
3693:             1             24  org.apache.http.conn.ssl.DefaultHostnameVerifier
3694:             1             24  org.apache.http.conn.util.PublicSuffixMatcher
3695:             1             24  org.apache.http.impl.conn.DefaultClientConnectionOperator
3696:             1             24  org.apache.http.impl.conn.IdleConnectionHandler
3697:             1             24  org.apache.naming.StringManager
3698:             1             24  org.apache.tomcat.util.collections.ConcurrentCache
3699:             1             24  org.apache.tomcat.util.descriptor.web.ErrorPage
3700:             1             24  org.apache.tomcat.util.net.NioBlockingSelector
3701:             1             24  org.apache.tomcat.util.net.NioEndpoint$Acceptor
3702:             1             24  org.apache.tomcat.util.scan.StandardJarScanner
3703:             1             24  org.apache.tomcat.websocket.WsExtension
3704:             1             24  org.codehaus.jettison.mapped.MappedXMLInputFactory
3705:             1             24  org.hibernate.validator.internal.engine.groups.Sequence
3706:             1             24  org.hibernate.validator.internal.util.ConcurrentReferenceHashMap$Option
3707:             1             24  org.hibernate.validator.internal.util.ExecutableHelper$SimpleMethodFilter
3708:             1             24  org.slf4j.helpers.BasicMarker
3709:             1             24  org.slf4j.helpers.SubstituteLoggerFactory
3710:             1             24  org.slf4j.impl.StaticLoggerBinder
3711:             1             24  org.springframework.aop.support.annotation.AnnotationClassFilter
3712:             1             24  org.springframework.aop.support.annotation.AnnotationMatchingPointcut
3713:             1             24  org.springframework.boot.SpringApplicationBannerPrinter$PrintedBanner
3714:             1             24  org.springframework.boot.SpringApplicationRunListeners
3715:             1             24  org.springframework.boot.actuate.audit.InMemoryAuditEventRepository
3716:             1             24  org.springframework.boot.actuate.autoconfigure.AuditAutoConfiguration$$EnhancerBySpringCGLIB$$e665eab4$$FastClassBySpringCGLIB$$b2d13520
3717:             1             24  org.springframework.boot.actuate.autoconfigure.AuditAutoConfiguration$$FastClassBySpringCGLIB$$4d2eee97
3718:             1             24  org.springframework.boot.actuate.autoconfigure.EndpointAutoConfiguration$RequestMappingEndpointConfiguration$$EnhancerBySpringCGLIB$$c5ec9e2$$FastClassBySpringCGLIB$$336372c2
3719:             1             24  org.springframework.boot.actuate.autoconfigure.EndpointAutoConfiguration$RequestMappingEndpointConfiguration$$FastClassBySpringCGLIB$$cf13d605
3720:             1             24  org.springframework.boot.actuate.autoconfigure.EndpointMBeanExportProperties
3721:             1             24  org.springframework.boot.actuate.autoconfigure.EndpointWebMvcAutoConfiguration$1
3722:             1             24  org.springframework.boot.actuate.autoconfigure.EndpointWebMvcAutoConfiguration$ApplicationContextFilterConfiguration$$EnhancerBySpringCGLIB$$97a8c279$$FastClassBySpringCGLIB$$e32fd963
3723:             1             24  org.springframework.boot.actuate.autoconfigure.EndpointWebMvcAutoConfiguration$ApplicationContextFilterConfiguration$$FastClassBySpringCGLIB$$2bcbb2bc
3724:             1             24  org.springframework.boot.actuate.autoconfigure.HealthIndicatorAutoConfiguration$$EnhancerBySpringCGLIB$$1d919bc$$FastClassBySpringCGLIB$$953866f5
3725:             1             24  org.springframework.boot.actuate.autoconfigure.HealthIndicatorAutoConfiguration$$FastClassBySpringCGLIB$$1a0449f
3726:             1             24  org.springframework.boot.actuate.autoconfigure.InfoContributorAutoConfiguration$$EnhancerBySpringCGLIB$$ec81bf82$$FastClassBySpringCGLIB$$5310b409
3727:             1             24  org.springframework.boot.actuate.autoconfigure.InfoContributorAutoConfiguration$$FastClassBySpringCGLIB$$d991b7a5
3728:             1             24  org.springframework.boot.actuate.autoconfigure.ManagementServerProperties$Security
3729:             1             24  org.springframework.boot.actuate.autoconfigure.ManagementServerPropertiesAutoConfiguration$$EnhancerBySpringCGLIB$$2bd54620$$FastClassBySpringCGLIB$$d3bc8697
3730:             1             24  org.springframework.boot.actuate.autoconfigure.ManagementServerPropertiesAutoConfiguration$$FastClassBySpringCGLIB$$ae29c883
3731:             1             24  org.springframework.boot.actuate.autoconfigure.MetricExportAutoConfiguration$$EnhancerBySpringCGLIB$$8b043595$$FastClassBySpringCGLIB$$56623d8d
3732:             1             24  org.springframework.boot.actuate.autoconfigure.MetricExportAutoConfiguration$$FastClassBySpringCGLIB$$3ff55e58
3733:             1             24  org.springframework.boot.actuate.autoconfigure.MetricExportAutoConfiguration$MetricExportPropertiesConfiguration$$EnhancerBySpringCGLIB$$33151790$$FastClassBySpringCGLIB$$80076ce7
3734:             1             24  org.springframework.boot.actuate.autoconfigure.MetricExportAutoConfiguration$MetricExportPropertiesConfiguration$$FastClassBySpringCGLIB$$9586dbf3
3735:             1             24  org.springframework.boot.actuate.autoconfigure.MetricFilterAutoConfiguration$$EnhancerBySpringCGLIB$$5f6b49d1$$FastClassBySpringCGLIB$$13043834
3736:             1             24  org.springframework.boot.actuate.autoconfigure.MetricFilterAutoConfiguration$$FastClassBySpringCGLIB$$14ba714
3737:             1             24  org.springframework.boot.actuate.autoconfigure.MetricFilterProperties
3738:             1             24  org.springframework.boot.actuate.autoconfigure.PublicMetricsAutoConfiguration$TomcatMetricsConfiguration$$EnhancerBySpringCGLIB$$610eef00$$FastClassBySpringCGLIB$$cadef3c7
3739:             1             24  org.springframework.boot.actuate.autoconfigure.PublicMetricsAutoConfiguration$TomcatMetricsConfiguration$$FastClassBySpringCGLIB$$66233563
3740:             1             24  org.springframework.boot.actuate.autoconfigure.TraceRepositoryAutoConfiguration$$EnhancerBySpringCGLIB$$9867da60$$FastClassBySpringCGLIB$$bc80f9ed
3741:             1             24  org.springframework.boot.actuate.autoconfigure.TraceRepositoryAutoConfiguration$$FastClassBySpringCGLIB$$462614c3
3742:             1             24  org.springframework.boot.actuate.autoconfigure.TraceWebFilterAutoConfiguration$$EnhancerBySpringCGLIB$$3b831eb2$$FastClassBySpringCGLIB$$650dc32
3743:             1             24  org.springframework.boot.actuate.autoconfigure.TraceWebFilterAutoConfiguration$$FastClassBySpringCGLIB$$b02460d5
3744:             1             24  org.springframework.boot.actuate.endpoint.BeansEndpoint$HierarchyAwareLiveBeansView
3745:             1             24  org.springframework.boot.actuate.endpoint.EndpointProperties
3746:             1             24  org.springframework.boot.actuate.endpoint.SystemPublicMetrics
3747:             1             24  org.springframework.boot.actuate.endpoint.jmx.LoggersEndpointMBean
3748:             1             24  org.springframework.boot.actuate.endpoint.mvc.EnvironmentMvcEndpoint
3749:             1             24  org.springframework.boot.actuate.endpoint.mvc.LoggersMvcEndpoint
3750:             1             24  org.springframework.boot.actuate.endpoint.mvc.MetricsMvcEndpoint
3751:             1             24  org.springframework.boot.actuate.endpoint.mvc.MvcEndpointSecurityInterceptor
3752:             1             24  org.springframework.boot.actuate.endpoint.mvc.MvcEndpoints
3753:             1             24  org.springframework.boot.actuate.health.CompositeHealthIndicator
3754:             1             24  org.springframework.boot.actuate.health.DiskSpaceHealthIndicator
3755:             1             24  org.springframework.boot.actuate.health.DiskSpaceHealthIndicatorProperties
3756:             1             24  org.springframework.boot.actuate.metrics.export.MetricExportProperties$Aggregate
3757:             1             24  org.springframework.boot.actuate.metrics.export.MetricExportProperties$Redis
3758:             1             24  org.springframework.boot.actuate.metrics.export.MetricExportProperties$Statsd
3759:             1             24  org.springframework.boot.actuate.trace.InMemoryTraceRepository
3760:             1             24  org.springframework.boot.autoconfigure.AutoConfigurationPackages$BasePackages
3761:             1             24  org.springframework.boot.autoconfigure.condition.ConditionMessage$Style$1
3762:             1             24  org.springframework.boot.autoconfigure.condition.ConditionMessage$Style$2
3763:             1             24  org.springframework.boot.autoconfigure.condition.OnClassCondition$MatchType$1
3764:             1             24  org.springframework.boot.autoconfigure.condition.OnClassCondition$MatchType$2
3765:             1             24  org.springframework.boot.autoconfigure.diagnostics.analyzer.NoSuchBeanDefinitionFailureAnalyzer
3766:             1             24  org.springframework.boot.autoconfigure.freemarker.FreeMarkerTemplateAvailabilityProvider
3767:             1             24  org.springframework.boot.autoconfigure.groovy.template.GroovyTemplateAvailabilityProvider
3768:             1             24  org.springframework.boot.autoconfigure.gson.GsonAutoConfiguration$$EnhancerBySpringCGLIB$$81d60862$$FastClassBySpringCGLIB$$d86596a3
3769:             1             24  org.springframework.boot.autoconfigure.gson.GsonAutoConfiguration$$FastClassBySpringCGLIB$$ecf1c485
3770:             1             24  org.springframework.boot.autoconfigure.info.ProjectInfoAutoConfiguration$GitResourceAvailableCondition
3771:             1             24  org.springframework.boot.autoconfigure.info.ProjectInfoProperties
3772:             1             24  org.springframework.boot.autoconfigure.jackson.JacksonAutoConfiguration$$EnhancerBySpringCGLIB$$80ba11f8$$FastClassBySpringCGLIB$$7bd142a7
3773:             1             24  org.springframework.boot.autoconfigure.jackson.JacksonAutoConfiguration$$FastClassBySpringCGLIB$$ee97f15b
3774:             1             24  org.springframework.boot.autoconfigure.jackson.JacksonAutoConfiguration$Jackson2ObjectMapperBuilderCustomizerConfiguration$$EnhancerBySpringCGLIB$$c121c71$$FastClassBySpringCGLIB$$963b2cb
3775:             1             24  org.springframework.boot.autoconfigure.jackson.JacksonAutoConfiguration$Jackson2ObjectMapperBuilderCustomizerConfiguration$$FastClassBySpringCGLIB$$a7cec5b4
3776:             1             24  org.springframework.boot.autoconfigure.jackson.JacksonAutoConfiguration$Jackson2ObjectMapperBuilderCustomizerConfiguration$StandardJackson2ObjectMapperBuilderCustomizer
3777:             1             24  org.springframework.boot.autoconfigure.jackson.JacksonAutoConfiguration$JacksonObjectMapperBuilderConfiguration$$EnhancerBySpringCGLIB$$50fb3682$$FastClassBySpringCGLIB$$35c31fe8
3778:             1             24  org.springframework.boot.autoconfigure.jackson.JacksonAutoConfiguration$JacksonObjectMapperBuilderConfiguration$$FastClassBySpringCGLIB$$28b34ea5
3779:             1             24  org.springframework.boot.autoconfigure.jackson.JacksonAutoConfiguration$JacksonObjectMapperConfiguration$$EnhancerBySpringCGLIB$$9eae7469$$FastClassBySpringCGLIB$$1edd81dd
3780:             1             24  org.springframework.boot.autoconfigure.jackson.JacksonAutoConfiguration$JacksonObjectMapperConfiguration$$FastClassBySpringCGLIB$$596316ac
3781:             1             24  org.springframework.boot.autoconfigure.template.TemplateAvailabilityProviders
3782:             1             24  org.springframework.boot.autoconfigure.web.BasicErrorController
3783:             1             24  org.springframework.boot.autoconfigure.web.DispatcherServletAutoConfiguration$DispatcherServletConfiguration$$EnhancerBySpringCGLIB$$e980a42a$$FastClassBySpringCGLIB$$302f509a
3784:             1             24  org.springframework.boot.autoconfigure.web.DispatcherServletAutoConfiguration$DispatcherServletConfiguration$$FastClassBySpringCGLIB$$cd91af4d
3785:             1             24  org.springframework.boot.autoconfigure.web.DispatcherServletAutoConfiguration$DispatcherServletRegistrationConfiguration$$EnhancerBySpringCGLIB$$64703351$$FastClassBySpringCGLIB$$a14d79b8
3786:             1             24  org.springframework.boot.autoconfigure.web.DispatcherServletAutoConfiguration$DispatcherServletRegistrationConfiguration$$FastClassBySpringCGLIB$$338ce094
3787:             1             24  org.springframework.boot.autoconfigure.web.EmbeddedServletContainerAutoConfiguration$EmbeddedTomcat$$EnhancerBySpringCGLIB$$f69e37f4$$FastClassBySpringCGLIB$$9edbbf10
3788:             1             24  org.springframework.boot.autoconfigure.web.EmbeddedServletContainerAutoConfiguration$EmbeddedTomcat$$FastClassBySpringCGLIB$$1772d3d7
3789:             1             24  org.springframework.boot.autoconfigure.web.ErrorMvcAutoConfiguration$DefaultErrorViewResolverConfiguration$$EnhancerBySpringCGLIB$$5b3082c$$FastClassBySpringCGLIB$$3c256835
3790:             1             24  org.springframework.boot.autoconfigure.web.ErrorMvcAutoConfiguration$DefaultErrorViewResolverConfiguration$$FastClassBySpringCGLIB$$3090d50f
3791:             1             24  org.springframework.boot.autoconfigure.web.ErrorMvcAutoConfiguration$SpelView
3792:             1             24  org.springframework.boot.autoconfigure.web.ErrorProperties
3793:             1             24  org.springframework.boot.autoconfigure.web.GsonHttpMessageConvertersConfiguration$PreferGsonOrMissingJacksonCondition
3794:             1             24  org.springframework.boot.autoconfigure.web.HttpMessageConvertersAutoConfiguration$$EnhancerBySpringCGLIB$$d3d31338$$FastClassBySpringCGLIB$$de2f32e3
3795:             1             24  org.springframework.boot.autoconfigure.web.HttpMessageConvertersAutoConfiguration$$FastClassBySpringCGLIB$$38da0a9b
3796:             1             24  org.springframework.boot.autoconfigure.web.HttpMessageConvertersAutoConfiguration$StringHttpMessageConverterConfiguration$$EnhancerBySpringCGLIB$$90491dd8$$FastClassBySpringCGLIB$$3c90a221
3797:             1             24  org.springframework.boot.autoconfigure.web.HttpMessageConvertersAutoConfiguration$StringHttpMessageConverterConfiguration$$FastClassBySpringCGLIB$$f77d613b
3798:             1             24  org.springframework.boot.autoconfigure.web.JacksonHttpMessageConvertersConfiguration$MappingJackson2HttpMessageConverterConfiguration$$EnhancerBySpringCGLIB$$1e5747d8$$FastClassBySpringCGLIB$$619d336b
3799:             1             24  org.springframework.boot.autoconfigure.web.JacksonHttpMessageConvertersConfiguration$MappingJackson2HttpMessageConverterConfiguration$$FastClassBySpringCGLIB$$f0304b3b
3800:             1             24  org.springframework.boot.autoconfigure.web.JacksonHttpMessageConvertersConfiguration$MappingJackson2XmlHttpMessageConverterConfiguration$$EnhancerBySpringCGLIB$$51c5d5$$FastClassBySpringCGLIB$$87b87d80
3801:             1             24  org.springframework.boot.autoconfigure.web.JacksonHttpMessageConvertersConfiguration$MappingJackson2XmlHttpMessageConverterConfiguration$$FastClassBySpringCGLIB$$f9c92698
3802:             1             24  org.springframework.boot.autoconfigure.web.ResourceProperties$Chain
3803:             1             24  org.springframework.boot.autoconfigure.web.ResourceProperties$Content
3804:             1             24  org.springframework.boot.autoconfigure.web.ResourceProperties$Fixed
3805:             1             24  org.springframework.boot.autoconfigure.web.ResourceProperties$Strategy
3806:             1             24  org.springframework.boot.autoconfigure.web.ServerProperties$Jetty
3807:             1             24  org.springframework.boot.autoconfigure.web.WebClientAutoConfiguration$RestTemplateConfiguration$$EnhancerBySpringCGLIB$$4a4a6bef$$FastClassBySpringCGLIB$$b9c364ae
3808:             1             24  org.springframework.boot.autoconfigure.web.WebClientAutoConfiguration$RestTemplateConfiguration$$FastClassBySpringCGLIB$$a7c76372
3809:             1             24  org.springframework.boot.autoconfigure.web.WebMvcProperties$View
3810:             1             24  org.springframework.boot.autoconfigure.web.WebMvcValidator
3811:             1             24  org.springframework.boot.autoconfigure.websocket.WebSocketAutoConfiguration$TomcatWebSocketConfiguration$$EnhancerBySpringCGLIB$$71ed7501$$FastClassBySpringCGLIB$$566efa4d
3812:             1             24  org.springframework.boot.autoconfigure.websocket.WebSocketAutoConfiguration$TomcatWebSocketConfiguration$$FastClassBySpringCGLIB$$e3919c44
3813:             1             24  org.springframework.boot.bind.PropertySourcesBinder
3814:             1             24  org.springframework.boot.bind.RelaxedNames$Manipulation$1
3815:             1             24  org.springframework.boot.bind.RelaxedNames$Manipulation$2
3816:             1             24  org.springframework.boot.bind.RelaxedNames$Manipulation$3
3817:             1             24  org.springframework.boot.bind.RelaxedNames$Manipulation$4
3818:             1             24  org.springframework.boot.bind.RelaxedNames$Manipulation$5
3819:             1             24  org.springframework.boot.bind.RelaxedNames$Manipulation$6
3820:             1             24  org.springframework.boot.bind.RelaxedNames$Manipulation$7
3821:             1             24  org.springframework.boot.bind.RelaxedNames$Manipulation$8
3822:             1             24  org.springframework.boot.bind.RelaxedNames$Variation$1
3823:             1             24  org.springframework.boot.bind.RelaxedNames$Variation$2
3824:             1             24  org.springframework.boot.bind.RelaxedNames$Variation$3
3825:             1             24  org.springframework.boot.builder.ParentContextApplicationContextInitializer$ParentContextAvailableEvent
3826:             1             24  org.springframework.boot.cloud.CloudPlatform$1
3827:             1             24  org.springframework.boot.cloud.CloudPlatform$2
3828:             1             24  org.springframework.boot.context.embedded.EmbeddedServletContainerCustomizerBeanPostProcessor
3829:             1             24  org.springframework.boot.context.embedded.JspServlet
3830:             1             24  org.springframework.boot.context.embedded.WebApplicationContextServletContextAwareProcessor
3831:             1             24  org.springframework.boot.context.embedded.tomcat.TomcatEmbeddedServletContainerFactory$1
3832:             1             24  org.springframework.boot.context.embedded.tomcat.TomcatStarter
3833:             1             24  org.springframework.boot.context.event.EventPublishingRunListener
3834:             1             24  org.springframework.boot.diagnostics.FailureAnalyzers
3835:             1             24  org.springframework.boot.loader.MainMethodRunner
3836:             1             24  org.springframework.boot.loader.archive.JarFileArchive
3837:             1             24  org.springframework.boot.loader.jar.JarFile$3
3838:             1             24  org.springframework.boot.logging.AbstractLoggingSystem$LogLevels
3839:             1             24  org.springframework.boot.web.servlet.ErrorPage
3840:             1             24  org.springframework.boot.web.servlet.ErrorPageRegistrarBeanPostProcessor
3841:             1             24  org.springframework.cglib.core.EmitUtils$ArrayDelimiters
3842:             1             24  org.springframework.cglib.core.MethodWrapper$MethodWrapperKey$$KeyFactoryByCGLIB$$552be97a
3843:             1             24  org.springframework.cglib.core.internal.LoadingCache
3844:             1             24  org.springframework.cloud.autoconfigure.RefreshEndpointAutoConfiguration$$EnhancerBySpringCGLIB$$893f9cb$$FastClassBySpringCGLIB$$21dcfef9
3845:             1             24  org.springframework.cloud.autoconfigure.RefreshEndpointAutoConfiguration$$FastClassBySpringCGLIB$$1f6e91ce
3846:             1             24  org.springframework.cloud.autoconfigure.RefreshEndpointAutoConfiguration$RefreshEndpointConfiguration$$EnhancerBySpringCGLIB$$cb668c39$$FastClassBySpringCGLIB$$1b78a9ed
3847:             1             24  org.springframework.cloud.autoconfigure.RefreshEndpointAutoConfiguration$RefreshEndpointConfiguration$$FastClassBySpringCGLIB$$4132047c
3848:             1             24  org.springframework.cloud.bootstrap.encrypt.EncryptionBootstrapConfiguration$$EnhancerBySpringCGLIB$$4f845631$$FastClassBySpringCGLIB$$dfea9232
3849:             1             24  org.springframework.cloud.bootstrap.encrypt.EncryptionBootstrapConfiguration$$FastClassBySpringCGLIB$$b0cb8774
3850:             1             24  org.springframework.cloud.bootstrap.encrypt.EnvironmentDecryptApplicationInitializer
3851:             1             24  org.springframework.cloud.bootstrap.encrypt.KeyProperties$Rsa
3852:             1             24  org.springframework.cloud.client.CommonsClientAutoConfiguration$ActuatorConfiguration$$EnhancerBySpringCGLIB$$250cc46d$$FastClassBySpringCGLIB$$ca5d339e
3853:             1             24  org.springframework.cloud.client.CommonsClientAutoConfiguration$ActuatorConfiguration$$FastClassBySpringCGLIB$$6cb1ea30
3854:             1             24  org.springframework.cloud.client.discovery.composite.CompositeDiscoveryClientAutoConfiguration$$EnhancerBySpringCGLIB$$8c0b2268$$FastClassBySpringCGLIB$$3c61e6ed
3855:             1             24  org.springframework.cloud.client.discovery.composite.CompositeDiscoveryClientAutoConfiguration$$FastClassBySpringCGLIB$$967d63cb
3856:             1             24  org.springframework.cloud.client.discovery.health.DiscoveryCompositeHealthIndicator
3857:             1             24  org.springframework.cloud.client.discovery.simple.SimpleDiscoveryProperties
3858:             1             24  org.springframework.cloud.client.loadbalancer.AsyncLoadBalancerAutoConfiguration$AsyncRestTemplateCustomizerConfig$$EnhancerBySpringCGLIB$$64077a32$$FastClassBySpringCGLIB$$6010032
3859:             1             24  org.springframework.cloud.client.loadbalancer.AsyncLoadBalancerAutoConfiguration$AsyncRestTemplateCustomizerConfig$$FastClassBySpringCGLIB$$50a8cc55
3860:             1             24  org.springframework.cloud.client.loadbalancer.AsyncLoadBalancerAutoConfiguration$AsyncRestTemplateCustomizerConfig$1
3861:             1             24  org.springframework.cloud.client.loadbalancer.AsyncLoadBalancerAutoConfiguration$LoadBalancerInterceptorConfig$1
3862:             1             24  org.springframework.cloud.client.loadbalancer.LoadBalancerAutoConfiguration$1
3863:             1             24  org.springframework.cloud.client.loadbalancer.LoadBalancerAutoConfiguration$LoadBalancerInterceptorConfig$1
3864:             1             24  org.springframework.cloud.client.loadbalancer.LoadBalancerInterceptor
3865:             1             24  org.springframework.cloud.client.loadbalancer.LoadBalancerRequestFactory
3866:             1             24  org.springframework.cloud.client.serviceregistry.ServiceRegistryAutoConfiguration$ServiceRegistryEndpointConfiguration
3867:             1             24  org.springframework.cloud.client.serviceregistry.endpoint.ServiceRegistryEndpoint
3868:             1             24  org.springframework.cloud.commons.util.InetUtils$HostInfo
3869:             1             24  org.springframework.cloud.context.environment.EnvironmentManager
3870:             1             24  org.springframework.cloud.context.environment.EnvironmentManagerMvcEndpoint
3871:             1             24  org.springframework.cloud.context.refresh.ContextRefresher
3872:             1             24  org.springframework.cloud.endpoint.GenericPostableMvcEndpoint
3873:             1             24  org.springframework.cloud.endpoint.event.RefreshEventListener
3874:             1             24  org.springframework.cloud.health.RefreshScopeHealthIndicator
3875:             1             24  org.springframework.cloud.logging.LoggingRebinder
3876:             1             24  org.springframework.cloud.netflix.archaius.ArchaiusAutoConfiguration$$EnhancerBySpringCGLIB$$3ebd35f2$$FastClassBySpringCGLIB$$f7064586
3877:             1             24  org.springframework.cloud.netflix.archaius.ArchaiusAutoConfiguration$$FastClassBySpringCGLIB$$b13ad015
3878:             1             24  org.springframework.cloud.netflix.archaius.ArchaiusAutoConfiguration$ArchaiusEndpointConfiguration$$EnhancerBySpringCGLIB$$7d91d133$$FastClassBySpringCGLIB$$68c14295
3879:             1             24  org.springframework.cloud.netflix.archaius.ArchaiusAutoConfiguration$ArchaiusEndpointConfiguration$$FastClassBySpringCGLIB$$9b9e436
3880:             1             24  org.springframework.cloud.netflix.eureka.EurekaClientAutoConfiguration$EurekaHealthIndicatorConfiguration$$EnhancerBySpringCGLIB$$c8a0ef93$$FastClassBySpringCGLIB$$25f9e0c2
3881:             1             24  org.springframework.cloud.netflix.eureka.EurekaClientAutoConfiguration$EurekaHealthIndicatorConfiguration$$FastClassBySpringCGLIB$$4abf9696
3882:             1             24  org.springframework.cloud.netflix.eureka.EurekaClientAutoConfiguration$OnMissingRefreshScopeCondition
3883:             1             24  org.springframework.cloud.netflix.eureka.EurekaDiscoveryClient
3884:             1             24  org.springframework.cloud.netflix.eureka.EurekaDiscoveryClientConfiguration$$EnhancerBySpringCGLIB$$60ace28a$$FastClassBySpringCGLIB$$567422de
3885:             1             24  org.springframework.cloud.netflix.eureka.EurekaDiscoveryClientConfiguration$$FastClassBySpringCGLIB$$483081ad
3886:             1             24  org.springframework.cloud.netflix.eureka.EurekaHealthIndicator
3887:             1             24  org.springframework.cloud.netflix.eureka.config.DiscoveryClientOptionalArgsConfiguration$$EnhancerBySpringCGLIB$$83b632e$$FastClassBySpringCGLIB$$2bb701af
3888:             1             24  org.springframework.cloud.netflix.eureka.config.DiscoveryClientOptionalArgsConfiguration$$FastClassBySpringCGLIB$$d57e11d1
3889:             1             24  org.springframework.cloud.netflix.eureka.server.CloudJacksonJson
3890:             1             24  org.springframework.cloud.netflix.eureka.server.EurekaController
3891:             1             24  org.springframework.cloud.netflix.eureka.server.EurekaDashboardProperties
3892:             1             24  org.springframework.cloud.netflix.eureka.server.EurekaServerAutoConfiguration$EurekaServerConfigBeanConfiguration$$EnhancerBySpringCGLIB$$d3bea93a$$FastClassBySpringCGLIB$$3ec969d4
3893:             1             24  org.springframework.cloud.netflix.eureka.server.EurekaServerAutoConfiguration$EurekaServerConfigBeanConfiguration$$FastClassBySpringCGLIB$$94de225d
3894:             1             24  org.springframework.cloud.netflix.eureka.server.EurekaServerMarkerConfiguration$$EnhancerBySpringCGLIB$$9c0fcc2b$$FastClassBySpringCGLIB$$1d4cb39b
3895:             1             24  org.springframework.cloud.netflix.eureka.server.EurekaServerMarkerConfiguration$$FastClassBySpringCGLIB$$407e782e
3896:             1             24  org.springframework.cloud.netflix.eureka.server.InstanceRegistryProperties
3897:             1             24  org.springframework.cloud.netflix.eureka.server.event.EurekaRegistryAvailableEvent
3898:             1             24  org.springframework.cloud.netflix.eureka.server.event.EurekaServerStartedEvent
3899:             1             24  org.springframework.cloud.netflix.hystrix.HystrixAutoConfiguration$$EnhancerBySpringCGLIB$$f2895670$$FastClassBySpringCGLIB$$a92dd30d
3900:             1             24  org.springframework.cloud.netflix.hystrix.HystrixAutoConfiguration$$FastClassBySpringCGLIB$$a4be1ed3
3901:             1             24  org.springframework.cloud.netflix.metrics.MetricsClientHttpRequestInterceptor
3902:             1             24  org.springframework.cloud.netflix.metrics.MetricsInterceptorConfiguration$MetricsRestTemplateConfiguration$MetricsInterceptorPostProcessor
3903:             1             24  org.springframework.cloud.netflix.metrics.MetricsInterceptorConfiguration$MetricsWebResourceConfiguration$$EnhancerBySpringCGLIB$$c72ca1d$$FastClassBySpringCGLIB$$7837ed36
3904:             1             24  org.springframework.cloud.netflix.metrics.MetricsInterceptorConfiguration$MetricsWebResourceConfiguration$$FastClassBySpringCGLIB$$4cae9e0
3905:             1             24  org.springframework.cloud.netflix.metrics.servo.ServoMetricReader
3906:             1             24  org.springframework.cloud.netflix.metrics.servo.ServoMetricsAutoConfiguration$MetricsTagConfiguration$$EnhancerBySpringCGLIB$$26469279$$FastClassBySpringCGLIB$$a12e397e
3907:             1             24  org.springframework.cloud.netflix.metrics.servo.ServoMetricsAutoConfiguration$MetricsTagConfiguration$$FastClassBySpringCGLIB$$467f82bc
3908:             1             24  org.springframework.cloud.netflix.metrics.servo.ServoMetricsConfigBean
3909:             1             24  org.springframework.cloud.netflix.metrics.servo.ServoMonitorCache
3910:             1             24  org.springframework.cloud.netflix.ribbon.PropertiesFactory
3911:             1             24  org.springframework.cloud.netflix.ribbon.RibbonAutoConfiguration$OnRibbonRestClientCondition
3912:             1             24  org.springframework.cloud.netflix.ribbon.RibbonEagerLoadProperties
3913:             1             24  org.springframework.cloud.netflix.ribbon.eureka.RibbonEurekaAutoConfiguration$OnRibbonAndEurekaEnabledCondition
3914:             1             24  org.springframework.cloud.netflix.rx.RxJavaAutoConfiguration$RxJavaReturnValueHandlerConfig$1
3915:             1             24  org.springframework.cloud.netflix.zuul.RibbonCommandFactoryConfiguration$OnRibbonHttpClientCondition
3916:             1             24  org.springframework.cloud.netflix.zuul.RibbonCommandFactoryConfiguration$OnRibbonRestClientCondition
3917:             1             24  org.springframework.context.annotation.ConfigurationClassEnhancer$ConditionalCallbackFilter
3918:             1             24  org.springframework.context.annotation.MBeanExportConfiguration$SpecificPlatform$1
3919:             1             24  org.springframework.context.annotation.MBeanExportConfiguration$SpecificPlatform$2
3920:             1             24  org.springframework.context.event.ContextRefreshedEvent
3921:             1             24  org.springframework.core.env.SystemEnvironmentPropertySource
3922:             1             24  org.springframework.core.io.support.PathMatchingResourcePatternResolver
3923:             1             24  org.springframework.core.task.support.TaskExecutorAdapter
3924:             1             24  org.springframework.jmx.export.MBeanExporter$1
3925:             1             24  org.springframework.scheduling.annotation.SchedulingConfiguration$$EnhancerBySpringCGLIB$$e469ab53$$FastClassBySpringCGLIB$$baba5194
3926:             1             24  org.springframework.scheduling.annotation.SchedulingConfiguration$$FastClassBySpringCGLIB$$bd049a56
3927:             1             24  org.springframework.ui.freemarker.SpringTemplateLoader
3928:             1             24  org.springframework.validation.DefaultMessageCodesResolver$Format$1
3929:             1             24  org.springframework.validation.DefaultMessageCodesResolver$Format$2
3930:             1             24  org.springframework.web.context.request.async.WebAsyncManager$1
3931:             1             24  org.springframework.web.context.support.ServletContextPropertySource
3932:             1             24  org.springframework.web.context.support.ServletContextResourcePatternResolver
3933:             1             24  org.springframework.web.context.support.ServletContextScope
3934:             1             24  org.springframework.web.method.annotation.ModelFactory
3935:             1             24  org.springframework.web.method.annotation.RequestHeaderMethodArgumentResolver
3936:             1             24  org.springframework.web.method.support.CompositeUriComponentsContributor
3937:             1             24  org.springframework.web.servlet.HttpServletBean$ServletConfigPropertyValues
3938:             1             24  org.springframework.web.servlet.handler.AbstractHandlerMethodMapping$Match
3939:             1             24  org.springframework.web.servlet.handler.AbstractHandlerMethodMapping$MatchComparator
3940:             1             24  org.springframework.web.servlet.handler.HandlerExceptionResolverComposite
3941:             1             24  org.springframework.web.servlet.i18n.AcceptHeaderLocaleResolver
3942:             1             24  org.springframework.web.servlet.mvc.method.RequestMappingInfoHandlerMapping$1
3943:             1             24  org.springframework.web.servlet.mvc.method.annotation.ResponseBodyEmitterReturnValueHandler
3944:             1             24  org.springframework.web.servlet.mvc.method.annotation.ServletRequestDataBinderFactory
3945:             1             24  org.springframework.web.servlet.support.SessionFlashMapManager
3946:             1             24  org.springframework.web.servlet.view.ViewResolverComposite
3947:             1             24  org.yaml.snakeyaml.external.com.google.gdata.util.common.base.PercentEscaper
3948:             1             24  sun.launcher.LauncherHelper
3949:             1             24  sun.management.CompilationImpl
3950:             1             24  sun.management.MemoryImpl
3951:             1             24  sun.management.OperatingSystemImpl
3952:             1             24  sun.management.RuntimeImpl
3953:             1             24  sun.management.ThreadImpl
3954:             1             24  sun.management.VMManagementImpl
3955:             1             24  sun.misc.JarIndex
3956:             1             24  sun.net.www.protocol.http.Handler
3957:             1             24  sun.nio.cs.CESU_8
3958:             1             24  sun.nio.cs.IBM437
3959:             1             24  sun.nio.cs.IBM737
3960:             1             24  sun.nio.cs.IBM775
3961:             1             24  sun.nio.cs.IBM850
3962:             1             24  sun.nio.cs.IBM852
3963:             1             24  sun.nio.cs.IBM855
3964:             1             24  sun.nio.cs.IBM857
3965:             1             24  sun.nio.cs.IBM858
3966:             1             24  sun.nio.cs.IBM862
3967:             1             24  sun.nio.cs.IBM866
3968:             1             24  sun.nio.cs.IBM874
3969:             1             24  sun.nio.cs.ISO_8859_1
3970:             1             24  sun.nio.cs.ISO_8859_13
3971:             1             24  sun.nio.cs.ISO_8859_15
3972:             1             24  sun.nio.cs.ISO_8859_2
3973:             1             24  sun.nio.cs.ISO_8859_4
3974:             1             24  sun.nio.cs.ISO_8859_5
3975:             1             24  sun.nio.cs.ISO_8859_7
3976:             1             24  sun.nio.cs.ISO_8859_9
3977:             1             24  sun.nio.cs.KOI8_R
3978:             1             24  sun.nio.cs.KOI8_U
3979:             1             24  sun.nio.cs.MS1250
3980:             1             24  sun.nio.cs.MS1251
3981:             1             24  sun.nio.cs.MS1252
3982:             1             24  sun.nio.cs.MS1253
3983:             1             24  sun.nio.cs.MS1254
3984:             1             24  sun.nio.cs.MS1257
3985:             1             24  sun.nio.cs.ThreadLocalCoders$1
3986:             1             24  sun.nio.cs.ThreadLocalCoders$2
3987:             1             24  sun.nio.cs.US_ASCII
3988:             1             24  sun.nio.cs.UTF_16
3989:             1             24  sun.nio.cs.UTF_16BE
3990:             1             24  sun.nio.cs.UTF_16LE
3991:             1             24  sun.nio.cs.UTF_16LE_BOM
3992:             1             24  sun.nio.cs.UTF_32
3993:             1             24  sun.nio.cs.UTF_32BE
3994:             1             24  sun.nio.cs.UTF_32BE_BOM
3995:             1             24  sun.nio.cs.UTF_32LE
3996:             1             24  sun.nio.cs.UTF_32LE_BOM
3997:             1             24  sun.nio.cs.UTF_8
3998:             1             24  sun.nio.cs.ext.Big5
3999:             1             24  sun.nio.cs.ext.Big5_HKSCS
4000:             1             24  sun.nio.cs.ext.Big5_HKSCS_2001
4001:             1             24  sun.nio.cs.ext.Big5_Solaris
4002:             1             24  sun.nio.cs.ext.EUC_CN
4003:             1             24  sun.nio.cs.ext.EUC_JP
4004:             1             24  sun.nio.cs.ext.EUC_JP_LINUX
4005:             1             24  sun.nio.cs.ext.EUC_JP_Open
4006:             1             24  sun.nio.cs.ext.EUC_TW
4007:             1             24  sun.nio.cs.ext.GB18030
4008:             1             24  sun.nio.cs.ext.GBK
4009:             1             24  sun.nio.cs.ext.IBM037
4010:             1             24  sun.nio.cs.ext.IBM1006
4011:             1             24  sun.nio.cs.ext.IBM1025
4012:             1             24  sun.nio.cs.ext.IBM1026
4013:             1             24  sun.nio.cs.ext.IBM1046
4014:             1             24  sun.nio.cs.ext.IBM1047
4015:             1             24  sun.nio.cs.ext.IBM1097
4016:             1             24  sun.nio.cs.ext.IBM1098
4017:             1             24  sun.nio.cs.ext.IBM1112
4018:             1             24  sun.nio.cs.ext.IBM1122
4019:             1             24  sun.nio.cs.ext.IBM1123
4020:             1             24  sun.nio.cs.ext.IBM1124
4021:             1             24  sun.nio.cs.ext.IBM1140
4022:             1             24  sun.nio.cs.ext.IBM1141
4023:             1             24  sun.nio.cs.ext.IBM1142
4024:             1             24  sun.nio.cs.ext.IBM1143
4025:             1             24  sun.nio.cs.ext.IBM1144
4026:             1             24  sun.nio.cs.ext.IBM1145
4027:             1             24  sun.nio.cs.ext.IBM1146
4028:             1             24  sun.nio.cs.ext.IBM1147
4029:             1             24  sun.nio.cs.ext.IBM1148
4030:             1             24  sun.nio.cs.ext.IBM1149
4031:             1             24  sun.nio.cs.ext.IBM1166
4032:             1             24  sun.nio.cs.ext.IBM1364
4033:             1             24  sun.nio.cs.ext.IBM1381
4034:             1             24  sun.nio.cs.ext.IBM1383
4035:             1             24  sun.nio.cs.ext.IBM273
4036:             1             24  sun.nio.cs.ext.IBM277
4037:             1             24  sun.nio.cs.ext.IBM278
4038:             1             24  sun.nio.cs.ext.IBM280
4039:             1             24  sun.nio.cs.ext.IBM284
4040:             1             24  sun.nio.cs.ext.IBM285
4041:             1             24  sun.nio.cs.ext.IBM290
4042:             1             24  sun.nio.cs.ext.IBM297
4043:             1             24  sun.nio.cs.ext.IBM300
4044:             1             24  sun.nio.cs.ext.IBM33722
4045:             1             24  sun.nio.cs.ext.IBM420
4046:             1             24  sun.nio.cs.ext.IBM424
4047:             1             24  sun.nio.cs.ext.IBM500
4048:             1             24  sun.nio.cs.ext.IBM833
4049:             1             24  sun.nio.cs.ext.IBM834
4050:             1             24  sun.nio.cs.ext.IBM838
4051:             1             24  sun.nio.cs.ext.IBM856
4052:             1             24  sun.nio.cs.ext.IBM860
4053:             1             24  sun.nio.cs.ext.IBM861
4054:             1             24  sun.nio.cs.ext.IBM863
4055:             1             24  sun.nio.cs.ext.IBM864
4056:             1             24  sun.nio.cs.ext.IBM865
4057:             1             24  sun.nio.cs.ext.IBM868
4058:             1             24  sun.nio.cs.ext.IBM869
4059:             1             24  sun.nio.cs.ext.IBM870
4060:             1             24  sun.nio.cs.ext.IBM871
4061:             1             24  sun.nio.cs.ext.IBM875
4062:             1             24  sun.nio.cs.ext.IBM918
4063:             1             24  sun.nio.cs.ext.IBM921
4064:             1             24  sun.nio.cs.ext.IBM922
4065:             1             24  sun.nio.cs.ext.IBM930
4066:             1             24  sun.nio.cs.ext.IBM933
4067:             1             24  sun.nio.cs.ext.IBM935
4068:             1             24  sun.nio.cs.ext.IBM937
4069:             1             24  sun.nio.cs.ext.IBM939
4070:             1             24  sun.nio.cs.ext.IBM942
4071:             1             24  sun.nio.cs.ext.IBM942C
4072:             1             24  sun.nio.cs.ext.IBM943
4073:             1             24  sun.nio.cs.ext.IBM943C
4074:             1             24  sun.nio.cs.ext.IBM948
4075:             1             24  sun.nio.cs.ext.IBM949
4076:             1             24  sun.nio.cs.ext.IBM949C
4077:             1             24  sun.nio.cs.ext.IBM950
4078:             1             24  sun.nio.cs.ext.IBM964
4079:             1             24  sun.nio.cs.ext.IBM970
4080:             1             24  sun.nio.cs.ext.ISCII91
4081:             1             24  sun.nio.cs.ext.ISO2022_CN
4082:             1             24  sun.nio.cs.ext.ISO2022_CN_CNS
4083:             1             24  sun.nio.cs.ext.ISO2022_CN_GB
4084:             1             24  sun.nio.cs.ext.ISO2022_JP
4085:             1             24  sun.nio.cs.ext.ISO2022_JP_2
4086:             1             24  sun.nio.cs.ext.ISO2022_KR
4087:             1             24  sun.nio.cs.ext.ISO_8859_11
4088:             1             24  sun.nio.cs.ext.ISO_8859_3
4089:             1             24  sun.nio.cs.ext.ISO_8859_6
4090:             1             24  sun.nio.cs.ext.ISO_8859_8
4091:             1             24  sun.nio.cs.ext.JISAutoDetect
4092:             1             24  sun.nio.cs.ext.JIS_X_0201
4093:             1             24  sun.nio.cs.ext.JIS_X_0208
4094:             1             24  sun.nio.cs.ext.JIS_X_0212
4095:             1             24  sun.nio.cs.ext.Johab
4096:             1             24  sun.nio.cs.ext.MS1255
4097:             1             24  sun.nio.cs.ext.MS1256
4098:             1             24  sun.nio.cs.ext.MS1258
4099:             1             24  sun.nio.cs.ext.MS50220
4100:             1             24  sun.nio.cs.ext.MS50221
4101:             1             24  sun.nio.cs.ext.MS874
4102:             1             24  sun.nio.cs.ext.MS932
4103:             1             24  sun.nio.cs.ext.MS932_0213
4104:             1             24  sun.nio.cs.ext.MS936
4105:             1             24  sun.nio.cs.ext.MS949
4106:             1             24  sun.nio.cs.ext.MS950
4107:             1             24  sun.nio.cs.ext.MS950_HKSCS
4108:             1             24  sun.nio.cs.ext.MS950_HKSCS_XP
4109:             1             24  sun.nio.cs.ext.MSISO2022JP
4110:             1             24  sun.nio.cs.ext.MacArabic
4111:             1             24  sun.nio.cs.ext.MacCentralEurope
4112:             1             24  sun.nio.cs.ext.MacCroatian
4113:             1             24  sun.nio.cs.ext.MacCyrillic
4114:             1             24  sun.nio.cs.ext.MacDingbat
4115:             1             24  sun.nio.cs.ext.MacGreek
4116:             1             24  sun.nio.cs.ext.MacHebrew
4117:             1             24  sun.nio.cs.ext.MacIceland
4118:             1             24  sun.nio.cs.ext.MacRoman
4119:             1             24  sun.nio.cs.ext.MacRomania
4120:             1             24  sun.nio.cs.ext.MacSymbol
4121:             1             24  sun.nio.cs.ext.MacThai
4122:             1             24  sun.nio.cs.ext.MacTurkish
4123:             1             24  sun.nio.cs.ext.MacUkraine
4124:             1             24  sun.nio.cs.ext.PCK
4125:             1             24  sun.nio.cs.ext.SJIS
4126:             1             24  sun.nio.cs.ext.SJIS_0213
4127:             1             24  sun.nio.cs.ext.TIS_620
4128:             1             24  sun.nio.fs.NativeBuffer$Deallocator
4129:             1             24  sun.reflect.annotation.AnnotationType$1
4130:             1             24  sun.security.ec.ECKeyPairGenerator
4131:             1             24  sun.security.ssl.SunJSSE$1
4132:             1             24  sun.security.ssl.TrustManagerFactoryImpl$PKIXFactory
4133:             1             24  sun.security.ssl.TrustStoreManager$TrustAnchorManager
4134:             1             24  sun.security.validator.EndEntityChecker
4135:             1             24  sun.security.x509.AccessDescription
4136:             1             24  sun.security.x509.CertificatePolicyMap
4137:             1             24  sun.util.locale.BaseLocale$Cache
4138:             1             24  sun.util.locale.provider.CalendarDataProviderImpl
4139:             1             24  sun.util.locale.provider.CalendarProviderImpl
4140:             1             24  sun.util.locale.provider.CurrencyNameProviderImpl
4141:             1             24  sun.util.locale.provider.DateFormatSymbolsProviderImpl
4142:             1             24  sun.util.locale.provider.DecimalFormatSymbolsProviderImpl
4143:             1             24  sun.util.locale.provider.NumberFormatProviderImpl
4144:             1             24  sun.util.locale.provider.TimeZoneNameProviderImpl
4145:             1             24  sun.util.logging.PlatformLogger
4146:             1             24  sun.util.logging.PlatformLogger$JavaLoggerProxy
4147:             1             16  [Lcom.fasterxml.classmate.members.RawConstructor;
4148:             1             16  [Lcom.fasterxml.classmate.members.RawField;
4149:             1             16  [Lcom.fasterxml.classmate.members.ResolvedConstructor;
4150:             1             16  [Lcom.fasterxml.classmate.members.ResolvedField;
4151:             1             16  [Lcom.fasterxml.jackson.databind.AbstractTypeResolver;
4152:             1             16  [Lcom.fasterxml.jackson.databind.deser.ValueInstantiators;
4153:             1             16  [Lcom.fasterxml.jackson.databind.introspect.AnnotationMap;
4154:             1             16  [Lcom.fasterxml.jackson.databind.util.ClassUtil$Ctor;
4155:             1             16  [Lcom.fasterxml.jackson.dataformat.xml.deser.FromXmlParser$Feature;
4156:             1             16  [Lcom.netflix.servo.monitor.LongGauge;
4157:             1             16  [Lfreemarker.template.TemplateModel;
4158:             1             16  [Ljava.beans.EventSetDescriptor;
4159:             1             16  [Ljava.lang.Throwable;
4160:             1             16  [Ljava.nio.file.attribute.FileAttribute;
4161:             1             16  [Ljava.security.Provider;
4162:             1             16  [Ljava.text.FieldPosition;
4163:             1             16  [Ljavax.xml.bind.annotation.XmlNs;
4164:             1             16  [Lorg.apache.catalina.core.DefaultInstanceManager$AnnotationCacheEntry;
4165:             1             16  [Lorg.apache.catalina.servlets.DefaultServlet$CompressionFormat;
4166:             1             16  [Lorg.apache.tomcat.util.descriptor.web.ApplicationParameter;
4167:             1             16  [Lorg.apache.tomcat.util.descriptor.web.SecurityConstraint;
4168:             1             16  [Lorg.apache.tomcat.util.net.SSLHostConfig;
4169:             1             16  [Lorg.springframework.cloud.netflix.ribbon.RibbonClient;
4170:             1             16  [Lorg.springframework.expression.spel.ast.SpelNodeImpl;
4171:             1             16  [Lorg.springframework.web.context.request.async.CallableProcessingInterceptor;
4172:             1             16  [Lorg.springframework.web.context.request.async.DeferredResultProcessingInterceptor;
4173:             1             16  ch.qos.logback.classic.pattern.EnsureExceptionHandling
4174:             1             16  ch.qos.logback.classic.pattern.TargetLengthBasedClassNameAbbreviator
4175:             1             16  ch.qos.logback.classic.selector.DefaultContextSelector
4176:             1             16  ch.qos.logback.core.LifeCycleManager
4177:             1             16  ch.qos.logback.core.joran.spi.ConsoleTarget$1
4178:             1             16  ch.qos.logback.core.joran.spi.ConsoleTarget$2
4179:             1             16  com.fasterxml.jackson.core.util.DefaultPrettyPrinter$FixedSpaceIndenter
4180:             1             16  com.fasterxml.jackson.core.util.DefaultPrettyPrinter$NopIndenter
4181:             1             16  com.fasterxml.jackson.core.util.MinimalPrettyPrinter
4182:             1             16  com.fasterxml.jackson.databind.deser.std.StdKeyDeserializers
4183:             1             16  com.fasterxml.jackson.databind.ext.Java7SupportImpl
4184:             1             16  com.fasterxml.jackson.databind.ser.impl.UnknownSerializer
4185:             1             16  com.fasterxml.jackson.databind.ser.std.NullSerializer
4186:             1             16  com.fasterxml.jackson.databind.ser.std.StringSerializer
4187:             1             16  com.fasterxml.jackson.databind.ser.std.ToStringSerializer
4188:             1             16  com.fasterxml.jackson.databind.ser.std.UUIDSerializer
4189:             1             16  com.fasterxml.jackson.databind.type.TypeParser
4190:             1             16  com.fasterxml.jackson.databind.util.ClassUtil$EmptyIterator
4191:             1             16  com.fasterxml.jackson.dataformat.xml.util.DefaultXmlPrettyPrinter$FixedSpaceIndenter
4192:             1             16  com.fasterxml.jackson.dataformat.xml.util.DefaultXmlPrettyPrinter$Lf2SpacesIndenter
4193:             1             16  com.google.common.base.Equivalence$Equals
4194:             1             16  com.google.common.base.Equivalence$Identity
4195:             1             16  com.google.common.base.Suppliers$SupplierOfInstance
4196:             1             16  com.google.common.base.Ticker$1
4197:             1             16  com.google.common.cache.CacheBuilder$1
4198:             1             16  com.google.common.cache.CacheBuilder$2
4199:             1             16  com.google.common.cache.CacheBuilder$3
4200:             1             16  com.google.common.cache.LocalCache$1
4201:             1             16  com.google.common.cache.LocalCache$2
4202:             1             16  com.google.common.cache.LocalCache$LocalLoadingCache
4203:             1             16  com.google.common.cache.LocalCache$LocalManualCache
4204:             1             16  com.google.common.collect.MapMakerInternalMap$1
4205:             1             16  com.google.common.collect.MapMakerInternalMap$2
4206:             1             16  com.google.gson.Gson$1
4207:             1             16  com.google.gson.Gson$2
4208:             1             16  com.google.gson.Gson$4
4209:             1             16  com.google.gson.Gson$5
4210:             1             16  com.google.gson.internal.ConstructorConstructor
4211:             1             16  com.google.gson.internal.bind.ArrayTypeAdapter$1
4212:             1             16  com.google.gson.internal.bind.CollectionTypeAdapterFactory
4213:             1             16  com.google.gson.internal.bind.DateTypeAdapter$1
4214:             1             16  com.google.gson.internal.bind.JsonAdapterAnnotationTypeAdapterFactory
4215:             1             16  com.google.gson.internal.bind.ObjectTypeAdapter$1
4216:             1             16  com.google.gson.internal.bind.SqlDateTypeAdapter$1
4217:             1             16  com.google.gson.internal.bind.TimeTypeAdapter$1
4218:             1             16  com.google.gson.internal.bind.TypeAdapters$1
4219:             1             16  com.google.gson.internal.bind.TypeAdapters$10
4220:             1             16  com.google.gson.internal.bind.TypeAdapters$11
4221:             1             16  com.google.gson.internal.bind.TypeAdapters$12
4222:             1             16  com.google.gson.internal.bind.TypeAdapters$13
4223:             1             16  com.google.gson.internal.bind.TypeAdapters$14
4224:             1             16  com.google.gson.internal.bind.TypeAdapters$15
4225:             1             16  com.google.gson.internal.bind.TypeAdapters$16
4226:             1             16  com.google.gson.internal.bind.TypeAdapters$17
4227:             1             16  com.google.gson.internal.bind.TypeAdapters$18
4228:             1             16  com.google.gson.internal.bind.TypeAdapters$19
4229:             1             16  com.google.gson.internal.bind.TypeAdapters$2
4230:             1             16  com.google.gson.internal.bind.TypeAdapters$20
4231:             1             16  com.google.gson.internal.bind.TypeAdapters$21
4232:             1             16  com.google.gson.internal.bind.TypeAdapters$22
4233:             1             16  com.google.gson.internal.bind.TypeAdapters$23
4234:             1             16  com.google.gson.internal.bind.TypeAdapters$24
4235:             1             16  com.google.gson.internal.bind.TypeAdapters$25
4236:             1             16  com.google.gson.internal.bind.TypeAdapters$26
4237:             1             16  com.google.gson.internal.bind.TypeAdapters$27
4238:             1             16  com.google.gson.internal.bind.TypeAdapters$28
4239:             1             16  com.google.gson.internal.bind.TypeAdapters$29
4240:             1             16  com.google.gson.internal.bind.TypeAdapters$3
4241:             1             16  com.google.gson.internal.bind.TypeAdapters$30
4242:             1             16  com.google.gson.internal.bind.TypeAdapters$4
4243:             1             16  com.google.gson.internal.bind.TypeAdapters$5
4244:             1             16  com.google.gson.internal.bind.TypeAdapters$6
4245:             1             16  com.google.gson.internal.bind.TypeAdapters$7
4246:             1             16  com.google.gson.internal.bind.TypeAdapters$8
4247:             1             16  com.google.gson.internal.bind.TypeAdapters$9
4248:             1             16  com.netflix.appinfo.ApplicationInfoManager$1
4249:             1             16  com.netflix.appinfo.MyDataCenterInfo
4250:             1             16  com.netflix.appinfo.providers.Archaius1VipAddressResolver
4251:             1             16  com.netflix.config.ConfigurationBackedDynamicPropertySupportImpl
4252:             1             16  com.netflix.config.ConfigurationBasedDeploymentContext$1
4253:             1             16  com.netflix.config.DynamicProperty$DynamicPropertyListener
4254:             1             16  com.netflix.config.DynamicPropertyFactory
4255:             1             16  com.netflix.config.ExpandedConfigurationListenerAdapter
4256:             1             16  com.netflix.discovery.AbstractAzToRegionMapper$1
4257:             1             16  com.netflix.discovery.converters.EurekaJacksonCodec$InstanceInfoDeserializer
4258:             1             16  com.netflix.discovery.converters.EurekaJacksonCodec$InstanceInfoSerializer
4259:             1             16  com.netflix.discovery.converters.KeyFormatter
4260:             1             16  com.netflix.discovery.converters.jackson.EurekaXmlJacksonCodec
4261:             1             16  com.netflix.discovery.converters.wrappers.CodecWrappers$JacksonJsonMini
4262:             1             16  com.netflix.discovery.converters.wrappers.CodecWrappers$JacksonXmlMini
4263:             1             16  com.netflix.discovery.converters.wrappers.CodecWrappers$XStreamXml
4264:             1             16  com.netflix.discovery.shared.transport.jersey.SSLSocketFactoryAdapter$DummySSLSocketFactory
4265:             1             16  com.netflix.discovery.shared.transport.jersey.SSLSocketFactoryAdapter$DummyX509HostnameVerifier
4266:             1             16  com.netflix.discovery.util.DiscoveryBuildInfo
4267:             1             16  com.netflix.eureka.EurekaServerContextHolder
4268:             1             16  com.netflix.eureka.cluster.PeerEurekaNodes$1
4269:             1             16  com.netflix.eureka.cluster.PeerEurekaNodes$2
4270:             1             16  com.netflix.eureka.registry.PeerAwareInstanceRegistryImpl$1
4271:             1             16  com.netflix.eureka.registry.ResponseCacheImpl$1
4272:             1             16  com.netflix.eureka.registry.ResponseCacheImpl$2
4273:             1             16  com.netflix.eureka.registry.ResponseCacheImpl$3
4274:             1             16  com.netflix.eureka.registry.rule.AlwaysMatchInstanceStatusRule
4275:             1             16  com.netflix.eureka.registry.rule.DownOrStartingRule
4276:             1             16  com.netflix.eureka.registry.rule.LeaseExistsRule
4277:             1             16  com.netflix.eureka.registry.rule.OverrideExistsRule
4278:             1             16  com.netflix.eureka.resources.StatusResource
4279:             1             16  com.netflix.eureka.util.StatusInfo$Builder
4280:             1             16  com.netflix.servo.BasicMonitorRegistry
4281:             1             16  com.netflix.servo.DefaultMonitorRegistry
4282:             1             16  com.netflix.servo.monitor.DefaultPublishingPolicy
4283:             1             16  com.netflix.servo.monitor.Monitors$CounterFactory
4284:             1             16  com.sun.jersey.api.uri.UriPattern$EmptyStringMatchResult
4285:             1             16  com.sun.jersey.api.uri.UriTemplate$1
4286:             1             16  com.sun.jersey.api.wadl.config.WadlGeneratorConfigLoader$1
4287:             1             16  com.sun.jersey.core.header.MediaTypes$1
4288:             1             16  com.sun.jersey.core.header.MediaTypes$2
4289:             1             16  com.sun.jersey.core.header.MediaTypes$3
4290:             1             16  com.sun.jersey.core.header.reader.HttpHeaderReader$1
4291:             1             16  com.sun.jersey.core.header.reader.HttpHeaderReader$2
4292:             1             16  com.sun.jersey.core.header.reader.HttpHeaderReader$3
4293:             1             16  com.sun.jersey.core.header.reader.HttpHeaderReader$4
4294:             1             16  com.sun.jersey.core.header.reader.HttpHeaderReader$5
4295:             1             16  com.sun.jersey.core.header.reader.HttpHeaderReader$7
4296:             1             16  com.sun.jersey.core.header.reader.HttpHeaderReader$8
4297:             1             16  com.sun.jersey.core.header.reader.HttpHeaderReader$9
4298:             1             16  com.sun.jersey.core.impl.provider.header.CacheControlProvider
4299:             1             16  com.sun.jersey.core.impl.provider.header.CookieProvider
4300:             1             16  com.sun.jersey.core.impl.provider.header.DateProvider
4301:             1             16  com.sun.jersey.core.impl.provider.header.EntityTagProvider
4302:             1             16  com.sun.jersey.core.impl.provider.header.LocaleProvider
4303:             1             16  com.sun.jersey.core.impl.provider.header.MediaTypeProvider
4304:             1             16  com.sun.jersey.core.impl.provider.header.NewCookieProvider
4305:             1             16  com.sun.jersey.core.impl.provider.header.StringProvider
4306:             1             16  com.sun.jersey.core.impl.provider.header.URIProvider
4307:             1             16  com.sun.jersey.core.provider.jaxb.AbstractListElementProvider$1
4308:             1             16  com.sun.jersey.core.reflection.ReflectionHelper$1
4309:             1             16  com.sun.jersey.core.spi.factory.ContextResolverFactory$NullContextResolverAdapter
4310:             1             16  com.sun.jersey.core.spi.factory.InjectableProviderFactory
4311:             1             16  com.sun.jersey.core.spi.factory.InjectableProviderFactory$1
4312:             1             16  com.sun.jersey.core.spi.factory.MessageBodyFactory$1
4313:             1             16  com.sun.jersey.server.impl.ThreadLocalHttpContext
4314:             1             16  com.sun.jersey.server.impl.application.CloseableServiceFactory
4315:             1             16  com.sun.jersey.server.impl.application.ExceptionMapperFactory
4316:             1             16  com.sun.jersey.server.impl.application.ResourceMethodDispatcherFactory
4317:             1             16  com.sun.jersey.server.impl.application.WebApplicationImpl$1
4318:             1             16  com.sun.jersey.server.impl.application.WebApplicationImpl$14
4319:             1             16  com.sun.jersey.server.impl.application.WebApplicationImpl$15
4320:             1             16  com.sun.jersey.server.impl.application.WebApplicationImpl$16
4321:             1             16  com.sun.jersey.server.impl.application.WebApplicationImpl$17
4322:             1             16  com.sun.jersey.server.impl.application.WebApplicationImpl$18
4323:             1             16  com.sun.jersey.server.impl.application.WebApplicationImpl$19
4324:             1             16  com.sun.jersey.server.impl.application.WebApplicationImpl$2
4325:             1             16  com.sun.jersey.server.impl.application.WebApplicationImpl$20
4326:             1             16  com.sun.jersey.server.impl.application.WebApplicationImpl$21
4327:             1             16  com.sun.jersey.server.impl.application.WebApplicationImpl$22
4328:             1             16  com.sun.jersey.server.impl.application.WebApplicationImpl$3
4329:             1             16  com.sun.jersey.server.impl.application.WebApplicationImpl$5
4330:             1             16  com.sun.jersey.server.impl.application.WebApplicationImpl$6
4331:             1             16  com.sun.jersey.server.impl.application.WebApplicationImpl$7
4332:             1             16  com.sun.jersey.server.impl.application.WebApplicationImpl$8
4333:             1             16  com.sun.jersey.server.impl.container.filter.AnnotationResourceFilterFactory
4334:             1             16  com.sun.jersey.server.impl.container.filter.NormalizeFilter
4335:             1             16  com.sun.jersey.server.impl.inject.AbstractHttpContextInjectable$1
4336:             1             16  com.sun.jersey.server.impl.inject.ServerInjectableProviderFactory
4337:             1             16  com.sun.jersey.server.impl.model.method.ResourceMethod$1
4338:             1             16  com.sun.jersey.server.impl.model.method.dispatch.EntityParamDispatchProvider
4339:             1             16  com.sun.jersey.server.impl.model.method.dispatch.HttpReqResDispatchProvider
4340:             1             16  com.sun.jersey.server.impl.model.method.dispatch.VoidVoidDispatchProvider
4341:             1             16  com.sun.jersey.server.impl.model.parameter.CookieParamInjectableProvider
4342:             1             16  com.sun.jersey.server.impl.model.parameter.FormParamInjectableProvider
4343:             1             16  com.sun.jersey.server.impl.model.parameter.HeaderParamInjectableProvider
4344:             1             16  com.sun.jersey.server.impl.model.parameter.HttpContextInjectableProvider
4345:             1             16  com.sun.jersey.server.impl.model.parameter.HttpContextInjectableProvider$HttpContextInjectable
4346:             1             16  com.sun.jersey.server.impl.model.parameter.HttpContextInjectableProvider$HttpContextRequestInjectable
4347:             1             16  com.sun.jersey.server.impl.model.parameter.MatrixParamInjectableProvider
4348:             1             16  com.sun.jersey.server.impl.model.parameter.PathParamInjectableProvider
4349:             1             16  com.sun.jersey.server.impl.model.parameter.QueryParamInjectableProvider
4350:             1             16  com.sun.jersey.server.impl.model.parameter.multivalued.MultivaluedParameterExtractorFactory
4351:             1             16  com.sun.jersey.server.impl.model.parameter.multivalued.StringReaderFactory
4352:             1             16  com.sun.jersey.server.impl.model.parameter.multivalued.StringReaderProviders$DateProvider
4353:             1             16  com.sun.jersey.server.impl.model.parameter.multivalued.StringReaderProviders$StringConstructor
4354:             1             16  com.sun.jersey.server.impl.model.parameter.multivalued.StringReaderProviders$TypeFromString
4355:             1             16  com.sun.jersey.server.impl.model.parameter.multivalued.StringReaderProviders$TypeFromStringEnum
4356:             1             16  com.sun.jersey.server.impl.model.parameter.multivalued.StringReaderProviders$TypeValueOf
4357:             1             16  com.sun.jersey.server.impl.modelapi.annotation.IntrospectionModeller$1
4358:             1             16  com.sun.jersey.server.impl.modelapi.annotation.IntrospectionModeller$2
4359:             1             16  com.sun.jersey.server.impl.modelapi.annotation.IntrospectionModeller$3
4360:             1             16  com.sun.jersey.server.impl.modelapi.annotation.IntrospectionModeller$4
4361:             1             16  com.sun.jersey.server.impl.modelapi.annotation.IntrospectionModeller$5
4362:             1             16  com.sun.jersey.server.impl.modelapi.annotation.IntrospectionModeller$6
4363:             1             16  com.sun.jersey.server.impl.modelapi.annotation.IntrospectionModeller$7
4364:             1             16  com.sun.jersey.server.impl.monitoring.MonitoringProviderFactory$EmptyListener
4365:             1             16  com.sun.jersey.server.impl.resource.SingletonFactory
4366:             1             16  com.sun.jersey.server.impl.template.TemplateFactory
4367:             1             16  com.sun.jersey.server.impl.uri.PathPattern$1
4368:             1             16  com.sun.jersey.server.impl.uri.rules.RootResourceClassesRule
4369:             1             16  com.sun.jersey.server.impl.wadl.WadlApplicationContextInjectionProxy
4370:             1             16  com.sun.jersey.server.wadl.generators.AbstractWadlGeneratorGrammarGenerator$2
4371:             1             16  com.sun.jersey.spi.container.JavaMethodInvokerFactory$1
4372:             1             16  com.sun.jersey.spi.container.ResourceMethodCustomInvokerDispatchFactory
4373:             1             16  com.sun.jersey.spi.container.servlet.WebFilterConfig
4374:             1             16  com.sun.jersey.spi.service.ServiceFinder$1
4375:             1             16  com.sun.jersey.spi.service.ServiceFinder$DefaultServiceIteratorProvider
4376:             1             16  com.sun.jmx.interceptor.DefaultMBeanServerInterceptor$ResourceContext$1
4377:             1             16  com.sun.jmx.mbeanserver.DefaultMXBeanMappingFactory
4378:             1             16  com.sun.jmx.mbeanserver.DescriptorCache
4379:             1             16  com.sun.jmx.mbeanserver.MBeanAnalyzer$MethodOrder
4380:             1             16  com.sun.jmx.mbeanserver.MBeanInstantiator
4381:             1             16  com.sun.jmx.mbeanserver.MXBeanIntrospector
4382:             1             16  com.sun.jmx.mbeanserver.SecureClassLoaderRepository
4383:             1             16  com.sun.naming.internal.VersionHelper12
4384:             1             16  com.sun.org.apache.xalan.internal.utils.SecuritySupport
4385:             1             16  com.sun.org.apache.xerces.internal.impl.dv.dtd.DTDDVFactoryImpl
4386:             1             16  com.sun.org.apache.xerces.internal.impl.dv.dtd.IDDatatypeValidator
4387:             1             16  com.sun.org.apache.xerces.internal.impl.dv.dtd.IDREFDatatypeValidator
4388:             1             16  com.sun.org.apache.xerces.internal.impl.dv.dtd.NMTOKENDatatypeValidator
4389:             1             16  com.sun.org.apache.xerces.internal.impl.dv.dtd.NOTATIONDatatypeValidator
4390:             1             16  com.sun.org.apache.xerces.internal.impl.dv.dtd.StringDatatypeValidator
4391:             1             16  com.sun.org.apache.xerces.internal.parsers.AbstractSAXParser$AttributesProxy
4392:             1             16  com.sun.org.apache.xerces.internal.util.EntityResolver2Wrapper
4393:             1             16  com.sun.org.apache.xerces.internal.util.ErrorHandlerWrapper
4394:             1             16  com.sun.org.apache.xerces.internal.utils.SecuritySupport
4395:             1             16  com.sun.proxy.$Proxy100
4396:             1             16  com.sun.proxy.$Proxy107
4397:             1             16  com.sun.proxy.$Proxy112
4398:             1             16  com.sun.proxy.$Proxy118
4399:             1             16  com.sun.proxy.$Proxy124
4400:             1             16  com.sun.proxy.$Proxy13
4401:             1             16  com.sun.proxy.$Proxy132
4402:             1             16  com.sun.proxy.$Proxy133
4403:             1             16  com.sun.proxy.$Proxy136
4404:             1             16  com.sun.proxy.$Proxy139
4405:             1             16  com.sun.proxy.$Proxy14
4406:             1             16  com.sun.proxy.$Proxy141
4407:             1             16  com.sun.proxy.$Proxy33
4408:             1             16  com.sun.proxy.$Proxy34
4409:             1             16  com.sun.proxy.$Proxy35
4410:             1             16  com.sun.proxy.$Proxy36
4411:             1             16  com.sun.proxy.$Proxy38
4412:             1             16  com.sun.proxy.$Proxy39
4413:             1             16  com.sun.proxy.$Proxy43
4414:             1             16  com.sun.proxy.$Proxy44
4415:             1             16  com.sun.proxy.$Proxy46
4416:             1             16  com.sun.proxy.$Proxy61
4417:             1             16  com.sun.proxy.$Proxy63
4418:             1             16  com.sun.proxy.$Proxy68
4419:             1             16  com.sun.proxy.$Proxy77
4420:             1             16  com.sun.proxy.$Proxy78
4421:             1             16  com.sun.proxy.$Proxy79
4422:             1             16  com.sun.proxy.$Proxy80
4423:             1             16  com.sun.proxy.$Proxy81
4424:             1             16  com.sun.proxy.$Proxy83
4425:             1             16  com.sun.proxy.$Proxy84
4426:             1             16  com.sun.proxy.$Proxy85
4427:             1             16  com.sun.proxy.$Proxy86
4428:             1             16  com.sun.proxy.$Proxy87
4429:             1             16  com.sun.proxy.$Proxy88
4430:             1             16  com.sun.proxy.$Proxy89
4431:             1             16  com.sun.proxy.$Proxy90
4432:             1             16  com.sun.proxy.$Proxy97
4433:             1             16  com.sun.proxy.$Proxy98
4434:             1             16  com.sun.research.ws.wadl.Application$JaxbAccessorF_any
4435:             1             16  com.sun.research.ws.wadl.Application$JaxbAccessorF_doc
4436:             1             16  com.sun.research.ws.wadl.Application$JaxbAccessorF_grammars
4437:             1             16  com.sun.research.ws.wadl.Application$JaxbAccessorF_resourceTypeOrMethodOrRepresentation
4438:             1             16  com.sun.research.ws.wadl.Application$JaxbAccessorF_resources
4439:             1             16  com.sun.research.ws.wadl.Doc$JaxbAccessorF_content
4440:             1             16  com.sun.research.ws.wadl.Doc$JaxbAccessorF_title
4441:             1             16  com.sun.research.ws.wadl.Grammars$JaxbAccessorF_any
4442:             1             16  com.sun.research.ws.wadl.Grammars$JaxbAccessorF_doc
4443:             1             16  com.sun.research.ws.wadl.Grammars$JaxbAccessorF_include
4444:             1             16  com.sun.research.ws.wadl.Include$JaxbAccessorF_doc
4445:             1             16  com.sun.research.ws.wadl.Include$JaxbAccessorF_href
4446:             1             16  com.sun.research.ws.wadl.Link$JaxbAccessorF_any
4447:             1             16  com.sun.research.ws.wadl.Link$JaxbAccessorF_doc
4448:             1             16  com.sun.research.ws.wadl.Link$JaxbAccessorF_resourceType
4449:             1             16  com.sun.research.ws.wadl.Method$JaxbAccessorF_any
4450:             1             16  com.sun.research.ws.wadl.Method$JaxbAccessorF_doc
4451:             1             16  com.sun.research.ws.wadl.Method$JaxbAccessorF_href
4452:             1             16  com.sun.research.ws.wadl.Method$JaxbAccessorF_name
4453:             1             16  com.sun.research.ws.wadl.Method$JaxbAccessorF_request
4454:             1             16  com.sun.research.ws.wadl.Method$JaxbAccessorF_response
4455:             1             16  com.sun.research.ws.wadl.Option$JaxbAccessorF_any
4456:             1             16  com.sun.research.ws.wadl.Option$JaxbAccessorF_doc
4457:             1             16  com.sun.research.ws.wadl.Option$JaxbAccessorF_mediaType
4458:             1             16  com.sun.research.ws.wadl.Option$JaxbAccessorF_value
4459:             1             16  com.sun.research.ws.wadl.Param$JaxbAccessorF__default
4460:             1             16  com.sun.research.ws.wadl.Param$JaxbAccessorF_any
4461:             1             16  com.sun.research.ws.wadl.Param$JaxbAccessorF_doc
4462:             1             16  com.sun.research.ws.wadl.Param$JaxbAccessorF_fixed
4463:             1             16  com.sun.research.ws.wadl.Param$JaxbAccessorF_href
4464:             1             16  com.sun.research.ws.wadl.Param$JaxbAccessorF_link
4465:             1             16  com.sun.research.ws.wadl.Param$JaxbAccessorF_option
4466:             1             16  com.sun.research.ws.wadl.Param$JaxbAccessorF_path
4467:             1             16  com.sun.research.ws.wadl.Param$JaxbAccessorF_repeating
4468:             1             16  com.sun.research.ws.wadl.Param$JaxbAccessorF_required
4469:             1             16  com.sun.research.ws.wadl.Param$JaxbAccessorF_style
4470:             1             16  com.sun.research.ws.wadl.Param$JaxbAccessorF_type
4471:             1             16  com.sun.research.ws.wadl.Representation$JaxbAccessorF_any
4472:             1             16  com.sun.research.ws.wadl.Representation$JaxbAccessorF_doc
4473:             1             16  com.sun.research.ws.wadl.Representation$JaxbAccessorF_element
4474:             1             16  com.sun.research.ws.wadl.Representation$JaxbAccessorF_href
4475:             1             16  com.sun.research.ws.wadl.Representation$JaxbAccessorF_mediaType
4476:             1             16  com.sun.research.ws.wadl.Representation$JaxbAccessorF_param
4477:             1             16  com.sun.research.ws.wadl.Request$JaxbAccessorF_any
4478:             1             16  com.sun.research.ws.wadl.Request$JaxbAccessorF_doc
4479:             1             16  com.sun.research.ws.wadl.Request$JaxbAccessorF_param
4480:             1             16  com.sun.research.ws.wadl.Request$JaxbAccessorF_representation
4481:             1             16  com.sun.research.ws.wadl.Resource$JaxbAccessorF_any
4482:             1             16  com.sun.research.ws.wadl.Resource$JaxbAccessorF_doc
4483:             1             16  com.sun.research.ws.wadl.Resource$JaxbAccessorF_methodOrResource
4484:             1             16  com.sun.research.ws.wadl.Resource$JaxbAccessorF_param
4485:             1             16  com.sun.research.ws.wadl.Resource$JaxbAccessorF_path
4486:             1             16  com.sun.research.ws.wadl.Resource$JaxbAccessorF_queryType
4487:             1             16  com.sun.research.ws.wadl.ResourceType$JaxbAccessorF_any
4488:             1             16  com.sun.research.ws.wadl.ResourceType$JaxbAccessorF_doc
4489:             1             16  com.sun.research.ws.wadl.ResourceType$JaxbAccessorF_methodOrResource
4490:             1             16  com.sun.research.ws.wadl.ResourceType$JaxbAccessorF_param
4491:             1             16  com.sun.research.ws.wadl.Resources$JaxbAccessorF_any
4492:             1             16  com.sun.research.ws.wadl.Resources$JaxbAccessorF_base
4493:             1             16  com.sun.research.ws.wadl.Resources$JaxbAccessorF_doc
4494:             1             16  com.sun.research.ws.wadl.Resources$JaxbAccessorF_resource
4495:             1             16  com.sun.research.ws.wadl.Response$JaxbAccessorF_any
4496:             1             16  com.sun.research.ws.wadl.Response$JaxbAccessorF_doc
4497:             1             16  com.sun.research.ws.wadl.Response$JaxbAccessorF_param
4498:             1             16  com.sun.research.ws.wadl.Response$JaxbAccessorF_representation
4499:             1             16  com.sun.xml.internal.bind.AccessorFactoryImpl
4500:             1             16  com.sun.xml.internal.bind.api.impl.NameConverter$1
4501:             1             16  com.sun.xml.internal.bind.api.impl.NameConverter$2
4502:             1             16  com.sun.xml.internal.bind.api.impl.NameConverter$Standard
4503:             1             16  com.sun.xml.internal.bind.v2.ClassFactory$1
4504:             1             16  com.sun.xml.internal.bind.v2.model.impl.ModelBuilder$1
4505:             1             16  com.sun.xml.internal.bind.v2.model.impl.TypeInfoSetImpl$1
4506:             1             16  com.sun.xml.internal.bind.v2.model.nav.ReflectionNavigator
4507:             1             16  com.sun.xml.internal.bind.v2.model.nav.ReflectionNavigator$1
4508:             1             16  com.sun.xml.internal.bind.v2.model.nav.ReflectionNavigator$2
4509:             1             16  com.sun.xml.internal.bind.v2.model.nav.ReflectionNavigator$3
4510:             1             16  com.sun.xml.internal.bind.v2.runtime.IllegalAnnotationsException$Builder
4511:             1             16  com.sun.xml.internal.bind.v2.runtime.JAXBContextImpl$6
4512:             1             16  com.sun.xml.internal.bind.v2.runtime.reflect.Accessor$1
4513:             1             16  com.sun.xml.internal.bind.v2.runtime.reflect.Accessor$2
4514:             1             16  com.sun.xml.internal.bind.v2.runtime.reflect.Lister$1
4515:             1             16  com.sun.xml.internal.bind.v2.runtime.reflect.Lister$2
4516:             1             16  com.sun.xml.internal.bind.v2.runtime.reflect.PrimitiveArrayListerBoolean
4517:             1             16  com.sun.xml.internal.bind.v2.runtime.reflect.PrimitiveArrayListerByte
4518:             1             16  com.sun.xml.internal.bind.v2.runtime.reflect.PrimitiveArrayListerCharacter
4519:             1             16  com.sun.xml.internal.bind.v2.runtime.reflect.PrimitiveArrayListerDouble
4520:             1             16  com.sun.xml.internal.bind.v2.runtime.reflect.PrimitiveArrayListerFloat
4521:             1             16  com.sun.xml.internal.bind.v2.runtime.reflect.PrimitiveArrayListerInteger
4522:             1             16  com.sun.xml.internal.bind.v2.runtime.reflect.PrimitiveArrayListerLong
4523:             1             16  com.sun.xml.internal.bind.v2.runtime.reflect.PrimitiveArrayListerShort
4524:             1             16  com.thoughtworks.xstream.converters.collections.TreeMapConverter$NullComparator
4525:             1             16  com.thoughtworks.xstream.converters.extended.DurationConverter$1
4526:             1             16  com.thoughtworks.xstream.converters.extended.DynamicProxyConverter$1
4527:             1             16  com.thoughtworks.xstream.converters.extended.StackTraceElementFactory15
4528:             1             16  com.thoughtworks.xstream.core.ReferenceByXPathMarshallingStrategy
4529:             1             16  com.thoughtworks.xstream.core.util.Base64Encoder
4530:             1             16  com.thoughtworks.xstream.io.naming.NoNameCoder
4531:             1             16  com.thoughtworks.xstream.mapper.PackageAliasingMapper$1
4532:             1             16  com.thoughtworks.xstream.security.AnyTypePermission
4533:             1             16  com.thoughtworks.xstream.security.NoTypePermission
4534:             1             16  freemarker.cache.TemplateLookupResult$NegativeTemplateLookupResult
4535:             1             16  freemarker.cache.TemplateLookupStrategy$Default020300
4536:             1             16  freemarker.cache.TemplateNameFormat$Default020300
4537:             1             16  freemarker.cache.TemplateNameFormat$Default020400
4538:             1             16  freemarker.core.BuiltInsForExistenceHandling$defaultBI$1
4539:             1             16  freemarker.core.CSSOutputFormat
4540:             1             16  freemarker.core.DefaultToExpression$EmptyStringAndSequenceAndHash
4541:             1             16  freemarker.core.HTMLOutputFormat
4542:             1             16  freemarker.core.JSONOutputFormat
4543:             1             16  freemarker.core.JavaScriptOutputFormat
4544:             1             16  freemarker.core.JavaTemplateNumberFormatFactory
4545:             1             16  freemarker.core.PlainTextOutputFormat
4546:             1             16  freemarker.core.RTFOutputFormat
4547:             1             16  freemarker.core.TemplateClassResolver$1
4548:             1             16  freemarker.core.TemplateClassResolver$2
4549:             1             16  freemarker.core.TemplateClassResolver$3
4550:             1             16  freemarker.core.UndefinedOutputFormat
4551:             1             16  freemarker.core.XHTMLOutputFormat
4552:             1             16  freemarker.core.XMLOutputFormat
4553:             1             16  freemarker.debug.impl.DebuggerService$NoOpDebuggerService
4554:             1             16  freemarker.ext.beans.BeanModel$1
4555:             1             16  freemarker.ext.beans.BeansWrapper$4
4556:             1             16  freemarker.ext.beans.BeansWrapper$5
4557:             1             16  freemarker.ext.beans.StringModel$1
4558:             1             16  freemarker.ext.jsp.TaglibFactory$WebInfPerLibJarMetaInfTldSource
4559:             1             16  freemarker.log._Log4jLoggerFactory
4560:             1             16  freemarker.template.FalseTemplateBooleanModel
4561:             1             16  freemarker.template.TemplateExceptionHandler$1
4562:             1             16  freemarker.template.TemplateExceptionHandler$2
4563:             1             16  freemarker.template.TemplateExceptionHandler$3
4564:             1             16  freemarker.template.TemplateExceptionHandler$4
4565:             1             16  freemarker.template.TrueTemplateBooleanModel
4566:             1             16  freemarker.template.utility.CaptureOutput
4567:             1             16  freemarker.template.utility.HtmlEscape
4568:             1             16  freemarker.template.utility.NormalizeNewlines
4569:             1             16  freemarker.template.utility.StandardCompress
4570:             1             16  freemarker.template.utility.XmlEscape
4571:             1             16  java.awt.Image$1
4572:             1             16  java.awt.ImageCapabilities
4573:             1             16  java.io.Console$1
4574:             1             16  java.io.Console$2
4575:             1             16  java.io.DeleteOnExitHook$1
4576:             1             16  java.io.FileDescriptor$1
4577:             1             16  java.lang.ApplicationShutdownHooks$1
4578:             1             16  java.lang.CharacterDataLatin1
4579:             1             16  java.lang.ClassValue$Identity
4580:             1             16  java.lang.InheritableThreadLocal
4581:             1             16  java.lang.ProcessEnvironment$CheckedEntrySet
4582:             1             16  java.lang.ProcessEnvironment$CheckedKeySet
4583:             1             16  java.lang.ProcessEnvironment$EntryComparator
4584:             1             16  java.lang.ProcessEnvironment$NameComparator
4585:             1             16  java.lang.Runtime
4586:             1             16  java.lang.String$CaseInsensitiveComparator
4587:             1             16  java.lang.System$2
4588:             1             16  java.lang.Terminator$1
4589:             1             16  java.lang.invoke.MemberName$Factory
4590:             1             16  java.lang.invoke.MethodHandleImpl$2
4591:             1             16  java.lang.invoke.MethodHandleImpl$3
4592:             1             16  java.lang.management.PlatformComponent$1
4593:             1             16  java.lang.management.PlatformComponent$10
4594:             1             16  java.lang.management.PlatformComponent$11
4595:             1             16  java.lang.management.PlatformComponent$12
4596:             1             16  java.lang.management.PlatformComponent$13
4597:             1             16  java.lang.management.PlatformComponent$14
4598:             1             16  java.lang.management.PlatformComponent$15
4599:             1             16  java.lang.management.PlatformComponent$2
4600:             1             16  java.lang.management.PlatformComponent$3
4601:             1             16  java.lang.management.PlatformComponent$4
4602:             1             16  java.lang.management.PlatformComponent$5
4603:             1             16  java.lang.management.PlatformComponent$6
4604:             1             16  java.lang.management.PlatformComponent$7
4605:             1             16  java.lang.management.PlatformComponent$8
4606:             1             16  java.lang.management.PlatformComponent$9
4607:             1             16  java.lang.ref.Reference$1
4608:             1             16  java.lang.ref.Reference$Lock
4609:             1             16  java.lang.reflect.Proxy$KeyFactory
4610:             1             16  java.lang.reflect.Proxy$ProxyClassFactory
4611:             1             16  java.lang.reflect.ReflectAccess
4612:             1             16  java.lang.reflect.WeakCache$LookupValue
4613:             1             16  java.math.BigDecimal$1
4614:             1             16  java.net.AbstractPlainSocketImpl$1
4615:             1             16  java.net.InetAddress$2
4616:             1             16  java.net.PlainSocketImpl$1
4617:             1             16  java.net.URLClassLoader$7
4618:             1             16  java.nio.Bits$1
4619:             1             16  java.nio.Bits$1$1
4620:             1             16  java.nio.channels.spi.SelectorProvider$1
4621:             1             16  java.nio.charset.CoderResult$1
4622:             1             16  java.nio.charset.CoderResult$2
4623:             1             16  java.nio.file.Files$AcceptAllFilter
4624:             1             16  java.security.KeyStore$1
4625:             1             16  java.security.ProtectionDomain$2
4626:             1             16  java.security.ProtectionDomain$JavaSecurityAccessImpl
4627:             1             16  java.security.Signature$1
4628:             1             16  java.text.DontCareFieldPosition$1
4629:             1             16  java.time.chrono.AbstractChronology$$Lambda$2/1181853188
4630:             1             16  java.time.chrono.AbstractChronology$$Lambda$3/1109235895
4631:             1             16  java.time.chrono.AbstractChronology$$Lambda$4/1113437341
4632:             1             16  java.time.chrono.IsoChronology
4633:             1             16  java.time.format.DateTimeFormatter$$Lambda$5/500458592
4634:             1             16  java.time.format.DateTimeFormatter$$Lambda$6/919460755
4635:             1             16  java.time.format.DateTimeFormatterBuilder$$Lambda$1/663461328
4636:             1             16  java.time.format.DateTimeFormatterBuilder$2
4637:             1             16  java.time.format.DateTimeFormatterBuilder$InstantPrinterParser
4638:             1             16  java.time.format.DateTimeTextProvider$1
4639:             1             16  java.util.Collections$EmptyEnumeration
4640:             1             16  java.util.Collections$EmptyIterator
4641:             1             16  java.util.Collections$EmptyList
4642:             1             16  java.util.Collections$EmptySet
4643:             1             16  java.util.Currency$CurrencyNameGetter
4644:             1             16  java.util.EnumMap$1
4645:             1             16  java.util.IdentityHashMap$EntrySet
4646:             1             16  java.util.ResourceBundle$Control
4647:             1             16  java.util.concurrent.ConcurrentSkipListSet
4648:             1             16  java.util.concurrent.ThreadPoolExecutor$AbortPolicy
4649:             1             16  java.util.jar.JavaUtilJarAccessImpl
4650:             1             16  java.util.logging.ErrorManager
4651:             1             16  java.util.logging.Logger$1
4652:             1             16  java.util.logging.LoggingProxyImpl
4653:             1             16  java.util.regex.Pattern$4
4654:             1             16  java.util.regex.Pattern$CharPropertyNames$10
4655:             1             16  java.util.regex.Pattern$CharPropertyNames$11
4656:             1             16  java.util.regex.Pattern$CharPropertyNames$12
4657:             1             16  java.util.regex.Pattern$CharPropertyNames$13
4658:             1             16  java.util.regex.Pattern$CharPropertyNames$14
4659:             1             16  java.util.regex.Pattern$CharPropertyNames$15
4660:             1             16  java.util.regex.Pattern$CharPropertyNames$16
4661:             1             16  java.util.regex.Pattern$CharPropertyNames$17
4662:             1             16  java.util.regex.Pattern$CharPropertyNames$18
4663:             1             16  java.util.regex.Pattern$CharPropertyNames$19
4664:             1             16  java.util.regex.Pattern$CharPropertyNames$20
4665:             1             16  java.util.regex.Pattern$CharPropertyNames$21
4666:             1             16  java.util.regex.Pattern$CharPropertyNames$22
4667:             1             16  java.util.regex.Pattern$CharPropertyNames$23
4668:             1             16  java.util.regex.Pattern$CharPropertyNames$5
4669:             1             16  java.util.regex.Pattern$CharPropertyNames$6
4670:             1             16  java.util.regex.Pattern$CharPropertyNames$7
4671:             1             16  java.util.regex.Pattern$CharPropertyNames$8
4672:             1             16  java.util.regex.Pattern$CharPropertyNames$9
4673:             1             16  java.util.regex.Pattern$LastNode
4674:             1             16  java.util.regex.Pattern$Node
4675:             1             16  java.util.zip.ZipFile$1
4676:             1             16  javax.activation.MimetypesFileTypeMap
4677:             1             16  javax.activation.SecuritySupport$1
4678:             1             16  javax.activation.SecuritySupport$5
4679:             1             16  javax.crypto.JarVerifier$1
4680:             1             16  javax.crypto.JceSecurity$1
4681:             1             16  javax.crypto.JceSecurityManager
4682:             1             16  javax.crypto.JceSecurityManager$1
4683:             1             16  javax.management.JMX
4684:             1             16  javax.management.MBeanServerBuilder
4685:             1             16  javax.management.NotificationBroadcasterSupport$1
4686:             1             16  javax.net.ssl.TrustManagerFactory$1
4687:             1             16  javax.security.auth.message.config.AuthConfigFactory$1
4688:             1             16  javax.security.auth.message.config.AuthConfigFactory$2
4689:             1             16  javax.servlet.http.RFC6265Validator
4690:             1             16  javax.xml.datatype.FactoryFinder$1
4691:             1             16  javax.xml.datatype.SecuritySupport
4692:             1             16  javax.xml.datatype.SecuritySupport$1
4693:             1             16  javax.xml.parsers.SecuritySupport
4694:             1             16  javax.xml.stream.SecuritySupport
4695:             1             16  javax.xml.transform.SecuritySupport
4696:             1             16  jdk.net.ExtendedSocketOptions$PlatformSocketOptions
4697:             1             16  jdk.net.ExtendedSocketOptions$PlatformSocketOptions$1
4698:             1             16  org.apache.catalina.authenticator.AuthenticatorBase$NoOpAuthConfigProvider
4699:             1             16  org.apache.catalina.connector.CoyoteAdapter
4700:             1             16  org.apache.catalina.connector.CoyoteAdapter$1
4701:             1             16  org.apache.catalina.connector.Request$1
4702:             1             16  org.apache.catalina.connector.Request$2
4703:             1             16  org.apache.catalina.connector.Request$3
4704:             1             16  org.apache.catalina.connector.Request$4
4705:             1             16  org.apache.catalina.connector.Request$5
4706:             1             16  org.apache.catalina.connector.Request$6
4707:             1             16  org.apache.catalina.connector.Request$7
4708:             1             16  org.apache.catalina.core.ContainerBase$ContainerBackgroundProcessor
4709:             1             16  org.apache.catalina.core.StandardContext$1
4710:             1             16  org.apache.catalina.core.StandardHost$MemoryLeakTrackingListener
4711:             1             16  org.apache.catalina.mbeans.MBeanFactory
4712:             1             16  org.apache.catalina.realm.X509SubjectDnRetriever
4713:             1             16  org.apache.catalina.startup.Tomcat$FixContextListener
4714:             1             16  org.apache.catalina.util.CharsetMapper
4715:             1             16  org.apache.http.conn.scheme.PlainSocketFactory
4716:             1             16  org.apache.http.conn.scheme.SchemeRegistry
4717:             1             16  org.apache.http.conn.util.PublicSuffixListParser
4718:             1             16  org.apache.http.cookie.CookieIdentityComparator
4719:             1             16  org.apache.http.impl.client.BasicCookieStore
4720:             1             16  org.apache.http.params.SyncBasicHttpParams
4721:             1             16  org.apache.juli.logging.LogFactory
4722:             1             16  org.apache.tomcat.util.buf.MessageBytes$MessageBytesFactory
4723:             1             16  org.apache.tomcat.util.buf.StringCache
4724:             1             16  org.apache.tomcat.util.compat.Jre8Compat
4725:             1             16  org.apache.tomcat.util.digester.Digester$SystemPropertySource
4726:             1             16  org.apache.tomcat.util.http.CookieProcessorBase$1
4727:             1             16  org.apache.tomcat.util.http.Rfc6265CookieProcessor
4728:             1             16  org.apache.tomcat.util.http.parser.MediaTypeCache
4729:             1             16  org.apache.tomcat.util.net.SocketWrapperBase$1
4730:             1             16  org.apache.tomcat.util.net.SocketWrapperBase$2
4731:             1             16  org.apache.tomcat.util.threads.ThreadPoolExecutor$RejectHandler
4732:             1             16  org.apache.tomcat.websocket.server.WsContextListener
4733:             1             16  org.apache.tomcat.websocket.server.WsFilter
4734:             1             16  org.apache.tomcat.websocket.server.WsSessionListener
4735:             1             16  org.apache.tomcat.websocket.server.WsWriteTimeout$EndpointComparator
4736:             1             16  org.codehaus.jettison.mapped.Configuration$ConverterFactory
4737:             1             16  org.codehaus.jettison.mapped.DefaultConverter
4738:             1             16  org.codehaus.jettison.mapped.MappedXMLOutputFactory
4739:             1             16  org.hibernate.validator.HibernateValidator
4740:             1             16  org.hibernate.validator.internal.engine.ValidatorFactoryImpl$DefaultConstraintMappingBuilder
4741:             1             16  org.hibernate.validator.internal.engine.constraintvalidation.ConstraintValidatorManager$1
4742:             1             16  org.hibernate.validator.internal.engine.groups.Group
4743:             1             16  org.hibernate.validator.internal.engine.groups.GroupWithInheritance
4744:             1             16  org.hibernate.validator.internal.engine.groups.ValidationOrder$DefaultValidationOrder
4745:             1             16  org.hibernate.validator.internal.engine.time.DefaultTimeProvider
4746:             1             16  org.hibernate.validator.internal.util.classhierarchy.Filters$InterfacesFilter
4747:             1             16  org.hibernate.validator.internal.util.classhierarchy.Filters$WeldProxyFilter
4748:             1             16  org.hibernate.validator.internal.util.logging.Messages_$bundle
4749:             1             16  org.hibernate.validator.internal.util.privilegedactions.GetClassLoader
4750:             1             16  org.hibernate.validator.internal.util.privilegedactions.GetConstraintValidatorList
4751:             1             16  org.hibernate.validator.internal.util.privilegedactions.GetResolvedMemberMethods
4752:             1             16  org.hibernate.validator.internal.xml.ValidationXmlParser
4753:             1             16  org.hibernate.validator.resourceloading.PlatformResourceBundleLocator$AggregateResourceBundleControl
4754:             1             16  org.jboss.logging.Slf4jLoggerProvider
4755:             1             16  org.slf4j.helpers.BasicMarkerFactory
4756:             1             16  org.slf4j.helpers.NOPLoggerFactory
4757:             1             16  org.slf4j.impl.StaticMDCBinder
4758:             1             16  org.slf4j.impl.StaticMarkerBinder
4759:             1             16  org.springframework.aop.TrueClassFilter
4760:             1             16  org.springframework.aop.TrueMethodMatcher
4761:             1             16  org.springframework.aop.TruePointcut
4762:             1             16  org.springframework.aop.framework.adapter.AfterReturningAdviceAdapter
4763:             1             16  org.springframework.aop.framework.adapter.DefaultAdvisorAdapterRegistry
4764:             1             16  org.springframework.aop.framework.adapter.MethodBeforeAdviceAdapter
4765:             1             16  org.springframework.aop.framework.adapter.ThrowsAdviceAdapter
4766:             1             16  org.springframework.beans.ExtendedBeanInfoFactory
4767:             1             16  org.springframework.boot.SpringBootBanner
4768:             1             16  org.springframework.boot.StartupInfoLogger
4769:             1             16  org.springframework.boot.actuate.audit.listener.AuditListener
4770:             1             16  org.springframework.boot.actuate.autoconfigure.AuditAutoConfiguration$AuditEventRepositoryConfiguration
4771:             1             16  org.springframework.boot.actuate.autoconfigure.EndpointMBeanExportAutoConfiguration$JmxEnabledCondition
4772:             1             16  org.springframework.boot.actuate.autoconfigure.EndpointWebMvcAutoConfiguration$OnManagementMvcCondition
4773:             1             16  org.springframework.boot.actuate.autoconfigure.EndpointWebMvcManagementContextConfiguration$LogFileCondition
4774:             1             16  org.springframework.boot.actuate.autoconfigure.HealthIndicatorProperties
4775:             1             16  org.springframework.boot.actuate.autoconfigure.HealthMvcEndpointProperties
4776:             1             16  org.springframework.boot.actuate.autoconfigure.InfoContributorProperties
4777:             1             16  org.springframework.boot.actuate.autoconfigure.InfoContributorProperties$Git
4778:             1             16  org.springframework.boot.actuate.autoconfigure.ManagementContextResolver
4779:             1             16  org.springframework.boot.actuate.endpoint.TomcatPublicMetrics
4780:             1             16  org.springframework.boot.actuate.endpoint.jmx.EndpointMBeanExporter$EndpointJmxAttributeSource
4781:             1             16  org.springframework.boot.actuate.endpoint.mvc.$Proxy149
4782:             1             16  org.springframework.boot.actuate.endpoint.mvc.AbstractEndpointHandlerMapping$SkipPathExtensionContentNegotiation
4783:             1             16  org.springframework.boot.actuate.health.OrderedHealthAggregator
4784:             1             16  org.springframework.boot.actuate.info.EnvironmentInfoContributor
4785:             1             16  org.springframework.boot.actuate.trace.TraceProperties
4786:             1             16  org.springframework.boot.autoconfigure.condition.ConditionEvaluationReport$AncestorsMatchedCondition
4787:             1             16  org.springframework.boot.autoconfigure.condition.OnCloudPlatformCondition
4788:             1             16  org.springframework.boot.autoconfigure.context.MessageSourceAutoConfiguration$ResourceBundleCondition
4789:             1             16  org.springframework.boot.autoconfigure.info.ProjectInfoProperties$Build
4790:             1             16  org.springframework.boot.autoconfigure.info.ProjectInfoProperties$Git
4791:             1             16  org.springframework.boot.autoconfigure.jdbc.DataSourceBeanCreationFailureAnalyzer
4792:             1             16  org.springframework.boot.autoconfigure.jdbc.HikariDriverConfigurationFailureAnalyzer
4793:             1             16  org.springframework.boot.autoconfigure.mustache.MustacheTemplateAvailabilityProvider
4794:             1             16  org.springframework.boot.autoconfigure.template.TemplateAvailabilityProviders$NoTemplateAvailabilityProvider
4795:             1             16  org.springframework.boot.autoconfigure.thymeleaf.ThymeleafTemplateAvailabilityProvider
4796:             1             16  org.springframework.boot.autoconfigure.web.DefaultErrorAttributes
4797:             1             16  org.springframework.boot.autoconfigure.web.DispatcherServletAutoConfiguration$DefaultDispatcherServletCondition
4798:             1             16  org.springframework.boot.autoconfigure.web.DispatcherServletAutoConfiguration$DispatcherServletRegistrationCondition
4799:             1             16  org.springframework.boot.autoconfigure.web.ErrorMvcAutoConfiguration$ErrorPageCustomizer
4800:             1             16  org.springframework.boot.autoconfigure.web.ErrorMvcAutoConfiguration$ErrorTemplateMissingCondition
4801:             1             16  org.springframework.boot.autoconfigure.web.ErrorMvcAutoConfiguration$PreserveErrorControllerTargetClassPostProcessor
4802:             1             16  org.springframework.boot.autoconfigure.web.HttpEncodingAutoConfiguration$LocaleCharsetMappingsCustomizer
4803:             1             16  org.springframework.boot.autoconfigure.web.HttpMessageConverters
4804:             1             16  org.springframework.boot.autoconfigure.web.HttpMessageConverters$$EnhancerBySpringCGLIB$$3ba87c15$$FastClassBySpringCGLIB$$6c630963
4805:             1             16  org.springframework.boot.autoconfigure.web.HttpMessageConverters$$FastClassBySpringCGLIB$$6c18524c
4806:             1             16  org.springframework.boot.autoconfigure.web.JspTemplateAvailabilityProvider
4807:             1             16  org.springframework.boot.autoconfigure.web.ServerProperties$SessionConfiguringInitializer
4808:             1             16  org.springframework.boot.autoconfigure.web.ServerPropertiesAutoConfiguration$DuplicateServerPropertiesDetector
4809:             1             16  org.springframework.boot.autoconfigure.web.WebMvcAutoConfiguration$OptionalPathExtensionContentNegotiationStrategy
4810:             1             16  org.springframework.boot.autoconfigure.web.WebMvcProperties$Async
4811:             1             16  org.springframework.boot.autoconfigure.web.WebMvcProperties$Servlet
4812:             1             16  org.springframework.boot.autoconfigure.websocket.TomcatWebSocketContainerCustomizer
4813:             1             16  org.springframework.boot.autoconfigure.websocket.TomcatWebSocketContainerCustomizer$1
4814:             1             16  org.springframework.boot.bind.PropertyNamePatternsMatcher$1
4815:             1             16  org.springframework.boot.bind.PropertyNamePatternsMatcher$2
4816:             1             16  org.springframework.boot.builder.ParentContextApplicationContextInitializer$EventPublisher
4817:             1             16  org.springframework.boot.builder.ParentContextCloserApplicationListener$ContextCloserListener
4818:             1             16  org.springframework.boot.context.embedded.EmbeddedWebApplicationContext$1
4819:             1             16  org.springframework.boot.context.embedded.InitParameterConfiguringServletContextInitializer
4820:             1             16  org.springframework.boot.context.embedded.tomcat.TomcatEmbeddedServletContainerFactory$DisablePersistSessionListener
4821:             1             16  org.springframework.boot.diagnostics.analyzer.BeanCurrentlyInCreationFailureAnalyzer
4822:             1             16  org.springframework.boot.diagnostics.analyzer.BeanNotOfRequiredTypeFailureAnalyzer
4823:             1             16  org.springframework.boot.diagnostics.analyzer.BindFailureAnalyzer
4824:             1             16  org.springframework.boot.diagnostics.analyzer.ConnectorStartFailureAnalyzer
4825:             1             16  org.springframework.boot.diagnostics.analyzer.NoUniqueBeanDefinitionFailureAnalyzer
4826:             1             16  org.springframework.boot.diagnostics.analyzer.PortInUseFailureAnalyzer
4827:             1             16  org.springframework.boot.diagnostics.analyzer.ValidationExceptionFailureAnalyzer
4828:             1             16  org.springframework.boot.json.JacksonJsonParser
4829:             1             16  org.springframework.boot.json.JacksonJsonParser$ListTypeReference
4830:             1             16  org.springframework.boot.json.JacksonJsonParser$MapTypeReference
4831:             1             16  org.springframework.boot.loader.JarLauncher
4832:             1             16  org.springframework.boot.loader.jar.JarURLConnection$1
4833:             1             16  org.springframework.boot.logging.LoggerConfigurationComparator
4834:             1             16  org.springframework.boot.validation.MessageInterpolatorFactory
4835:             1             16  org.springframework.cglib.core.AbstractClassGenerator$ClassLoaderData$1
4836:             1             16  org.springframework.cglib.core.AbstractClassGenerator$ClassLoaderData$2
4837:             1             16  org.springframework.cglib.core.AbstractClassGenerator$ClassLoaderData$3
4838:             1             16  org.springframework.cglib.core.DefaultGeneratorStrategy
4839:             1             16  org.springframework.cglib.core.DefaultNamingPolicy
4840:             1             16  org.springframework.cglib.core.KeyFactory$1
4841:             1             16  org.springframework.cglib.core.KeyFactory$2
4842:             1             16  org.springframework.cglib.core.KeyFactory$3
4843:             1             16  org.springframework.cglib.core.KeyFactory$4
4844:             1             16  org.springframework.cglib.core.MethodInfoTransformer
4845:             1             16  org.springframework.cglib.core.SpringNamingPolicy
4846:             1             16  org.springframework.cglib.core.internal.LoadingCache$1
4847:             1             16  org.springframework.cglib.proxy.Enhancer$1
4848:             1             16  org.springframework.cglib.proxy.FixedValueGenerator
4849:             1             16  org.springframework.cglib.proxy.InvocationHandlerGenerator
4850:             1             16  org.springframework.cglib.proxy.LazyLoaderGenerator
4851:             1             16  org.springframework.cglib.proxy.MethodInterceptorGenerator
4852:             1             16  org.springframework.cglib.proxy.MethodInterceptorGenerator$1
4853:             1             16  org.springframework.cglib.proxy.NoOp$1
4854:             1             16  org.springframework.cglib.proxy.NoOpGenerator
4855:             1             16  org.springframework.cglib.transform.impl.UndeclaredThrowableStrategy$1
4856:             1             16  org.springframework.cloud.autoconfigure.RefreshAutoConfiguration$RefreshScopeConfiguration
4857:             1             16  org.springframework.cloud.bootstrap.BootstrapApplicationListener$AncestorInitializer
4858:             1             16  org.springframework.cloud.bootstrap.BootstrapApplicationListener$DelegatingEnvironmentDecryptApplicationInitializer
4859:             1             16  org.springframework.cloud.bootstrap.config.PropertySourceBootstrapProperties
4860:             1             16  org.springframework.cloud.bootstrap.encrypt.EncryptionBootstrapConfiguration$FailsafeTextEncryptor
4861:             1             16  org.springframework.cloud.bootstrap.encrypt.EncryptionBootstrapConfiguration$KeyCondition
4862:             1             16  org.springframework.cloud.client.discovery.composite.CompositeDiscoveryClient
4863:             1             16  org.springframework.cloud.client.discovery.health.DiscoveryClientHealthIndicatorProperties
4864:             1             16  org.springframework.cloud.client.discovery.simple.SimpleDiscoveryClient
4865:             1             16  org.springframework.cloud.client.loadbalancer.AsyncLoadBalancerInterceptor
4866:             1             16  org.springframework.cloud.client.loadbalancer.LoadBalancedRetryPolicyFactory$NeverRetryFactory
4867:             1             16  org.springframework.cloud.client.loadbalancer.LoadBalancerRetryProperties
4868:             1             16  org.springframework.cloud.client.serviceregistry.AutoServiceRegistrationProperties
4869:             1             16  org.springframework.cloud.commons.httpclient.DefaultApacheHttpClientConnectionManagerFactory
4870:             1             16  org.springframework.cloud.commons.httpclient.DefaultApacheHttpClientFactory
4871:             1             16  org.springframework.cloud.context.scope.GenericScope$BeanLifecycleWrapperCache
4872:             1             16  org.springframework.cloud.context.scope.StandardScopeCache
4873:             1             16  org.springframework.cloud.netflix.eureka.$Proxy137
4874:             1             16  org.springframework.cloud.netflix.eureka.EurekaDiscoveryClientConfiguration$Marker
4875:             1             16  org.springframework.cloud.netflix.eureka.metadata.DefaultManagementMetadataProvider
4876:             1             16  org.springframework.cloud.netflix.eureka.server.CloudJacksonJson$CloudInstanceInfoDeserializer
4877:             1             16  org.springframework.cloud.netflix.eureka.server.CloudJacksonJson$CloudInstanceInfoSerializer
4878:             1             16  org.springframework.cloud.netflix.eureka.server.EurekaServerInitializerConfiguration$1
4879:             1             16  org.springframework.cloud.netflix.eureka.server.EurekaServerMarkerConfiguration$Marker
4880:             1             16  org.springframework.cloud.netflix.eureka.serviceregistry.EurekaServiceRegistry
4881:             1             16  org.springframework.cloud.netflix.hystrix.HystrixHealthIndicator
4882:             1             16  org.springframework.cloud.netflix.metrics.DefaultMetricsTagProvider
4883:             1             16  org.springframework.cloud.netflix.metrics.servo.HierarchicalServoMetricNaming
4884:             1             16  org.springframework.cloud.netflix.ribbon.RibbonLoadBalancerClient
4885:             1             16  org.springframework.cloud.netflix.ribbon.ServerIntrospectorProperties
4886:             1             16  org.springframework.cloud.netflix.ribbon.eureka.$Proxy143
4887:             1             16  org.springframework.cloud.netflix.rx.SingleReturnValueHandler
4888:             1             16  org.springframework.context.annotation.ConfigurationClassEnhancer$BeanFactoryAwareMethodInterceptor
4889:             1             16  org.springframework.context.annotation.ConfigurationClassEnhancer$BeanMethodInterceptor
4890:             1             16  org.springframework.context.annotation.ConfigurationClassParser$1
4891:             1             16  org.springframework.core.$Proxy146
4892:             1             16  org.springframework.core.OrderComparator
4893:             1             16  org.springframework.core.annotation.AnnotatedElementUtils$AlwaysTrueBooleanAnnotationProcessor
4894:             1             16  org.springframework.core.annotation.AnnotationAwareOrderComparator
4895:             1             16  org.springframework.core.io.support.DefaultPropertySourceFactory
4896:             1             16  org.springframework.expression.common.TemplateAwareExpressionParser$1
4897:             1             16  org.springframework.format.datetime.joda.DateTimeParser
4898:             1             16  org.springframework.format.datetime.joda.DurationFormatter
4899:             1             16  org.springframework.format.datetime.joda.JodaDateTimeFormatAnnotationFormatterFactory
4900:             1             16  org.springframework.format.datetime.joda.JodaTimeConverters$CalendarToReadableInstantConverter
4901:             1             16  org.springframework.format.datetime.joda.JodaTimeConverters$DateTimeToCalendarConverter
4902:             1             16  org.springframework.format.datetime.joda.JodaTimeConverters$DateTimeToDateConverter
4903:             1             16  org.springframework.format.datetime.joda.JodaTimeConverters$DateTimeToDateMidnightConverter
4904:             1             16  org.springframework.format.datetime.joda.JodaTimeConverters$DateTimeToInstantConverter
4905:             1             16  org.springframework.format.datetime.joda.JodaTimeConverters$DateTimeToLocalDateConverter
4906:             1             16  org.springframework.format.datetime.joda.JodaTimeConverters$DateTimeToLocalDateTimeConverter
4907:             1             16  org.springframework.format.datetime.joda.JodaTimeConverters$DateTimeToLocalTimeConverter
4908:             1             16  org.springframework.format.datetime.joda.JodaTimeConverters$DateTimeToLongConverter
4909:             1             16  org.springframework.format.datetime.joda.JodaTimeConverters$DateTimeToMutableDateTimeConverter
4910:             1             16  org.springframework.format.datetime.joda.JodaTimeConverters$DateToReadableInstantConverter
4911:             1             16  org.springframework.format.datetime.joda.JodaTimeConverters$LocalDateTimeToLocalDateConverter
4912:             1             16  org.springframework.format.datetime.joda.JodaTimeConverters$LocalDateTimeToLocalTimeConverter
4913:             1             16  org.springframework.format.datetime.joda.JodaTimeConverters$LongToReadableInstantConverter
4914:             1             16  org.springframework.format.datetime.joda.LocalDateParser
4915:             1             16  org.springframework.format.datetime.joda.LocalDateTimeParser
4916:             1             16  org.springframework.format.datetime.joda.LocalTimeParser
4917:             1             16  org.springframework.format.datetime.joda.MonthDayFormatter
4918:             1             16  org.springframework.format.datetime.joda.PeriodFormatter
4919:             1             16  org.springframework.format.datetime.joda.ReadableInstantPrinter
4920:             1             16  org.springframework.format.datetime.joda.YearMonthFormatter
4921:             1             16  org.springframework.format.datetime.standard.DateTimeConverters$CalendarToInstantConverter
4922:             1             16  org.springframework.format.datetime.standard.DateTimeConverters$CalendarToLocalDateConverter
4923:             1             16  org.springframework.format.datetime.standard.DateTimeConverters$CalendarToLocalDateTimeConverter
4924:             1             16  org.springframework.format.datetime.standard.DateTimeConverters$CalendarToLocalTimeConverter
4925:             1             16  org.springframework.format.datetime.standard.DateTimeConverters$CalendarToOffsetDateTimeConverter
4926:             1             16  org.springframework.format.datetime.standard.DateTimeConverters$CalendarToZonedDateTimeConverter
4927:             1             16  org.springframework.format.datetime.standard.DateTimeConverters$InstantToLongConverter
4928:             1             16  org.springframework.format.datetime.standard.DateTimeConverters$LocalDateTimeToLocalDateConverter
4929:             1             16  org.springframework.format.datetime.standard.DateTimeConverters$LocalDateTimeToLocalTimeConverter
4930:             1             16  org.springframework.format.datetime.standard.DateTimeConverters$LongToInstantConverter
4931:             1             16  org.springframework.format.datetime.standard.DateTimeConverters$OffsetDateTimeToInstantConverter
4932:             1             16  org.springframework.format.datetime.standard.DateTimeConverters$OffsetDateTimeToLocalDateConverter
4933:             1             16  org.springframework.format.datetime.standard.DateTimeConverters$OffsetDateTimeToLocalDateTimeConverter
4934:             1             16  org.springframework.format.datetime.standard.DateTimeConverters$OffsetDateTimeToLocalTimeConverter
4935:             1             16  org.springframework.format.datetime.standard.DateTimeConverters$OffsetDateTimeToZonedDateTimeConverter
4936:             1             16  org.springframework.format.datetime.standard.DateTimeConverters$ZonedDateTimeToInstantConverter
4937:             1             16  org.springframework.format.datetime.standard.DateTimeConverters$ZonedDateTimeToLocalDateConverter
4938:             1             16  org.springframework.format.datetime.standard.DateTimeConverters$ZonedDateTimeToLocalDateTimeConverter
4939:             1             16  org.springframework.format.datetime.standard.DateTimeConverters$ZonedDateTimeToLocalTimeConverter
4940:             1             16  org.springframework.format.datetime.standard.DateTimeConverters$ZonedDateTimeToOffsetDateTimeConverter
4941:             1             16  org.springframework.format.datetime.standard.DurationFormatter
4942:             1             16  org.springframework.format.datetime.standard.InstantFormatter
4943:             1             16  org.springframework.format.datetime.standard.Jsr310DateTimeFormatAnnotationFormatterFactory
4944:             1             16  org.springframework.format.datetime.standard.MonthDayFormatter
4945:             1             16  org.springframework.format.datetime.standard.PeriodFormatter
4946:             1             16  org.springframework.format.datetime.standard.YearMonthFormatter
4947:             1             16  org.springframework.format.number.NumberFormatAnnotationFormatterFactory
4948:             1             16  org.springframework.http.MediaType$1
4949:             1             16  org.springframework.http.MediaType$2
4950:             1             16  org.springframework.http.converter.json.Jackson2ObjectMapperBuilder$XmlObjectMapperInitializer$1
4951:             1             16  org.springframework.http.converter.xml.SourceHttpMessageConverter$1
4952:             1             16  org.springframework.http.converter.xml.SourceHttpMessageConverter$2
4953:             1             16  org.springframework.jmx.export.MBeanExporter$2
4954:             1             16  org.springframework.util.ConcurrentReferenceHashMap$EntrySet
4955:             1             16  org.springframework.util.MimeType$SpecificityComparator
4956:             1             16  org.springframework.util.ReflectionUtils$4
4957:             1             16  org.springframework.util.ReflectionUtils$5
4958:             1             16  org.springframework.util.ReflectionUtils$6
4959:             1             16  org.springframework.validation.beanvalidation.MethodValidationInterceptor
4960:             1             16  org.springframework.web.bind.support.DefaultSessionAttributeStore
4961:             1             16  org.springframework.web.bind.support.SimpleSessionStatus
4962:             1             16  org.springframework.web.context.request.async.TimeoutCallableProcessingInterceptor
4963:             1             16  org.springframework.web.context.request.async.TimeoutDeferredResultProcessingInterceptor
4964:             1             16  org.springframework.web.context.support.WebApplicationContextUtils$RequestObjectFactory
4965:             1             16  org.springframework.web.context.support.WebApplicationContextUtils$ResponseObjectFactory
4966:             1             16  org.springframework.web.context.support.WebApplicationContextUtils$SessionObjectFactory
4967:             1             16  org.springframework.web.context.support.WebApplicationContextUtils$WebRequestObjectFactory
4968:             1             16  org.springframework.web.method.annotation.ErrorsMethodArgumentResolver
4969:             1             16  org.springframework.web.method.annotation.RequestHeaderMapMethodArgumentResolver
4970:             1             16  org.springframework.web.method.annotation.SessionStatusMethodArgumentResolver
4971:             1             16  org.springframework.web.multipart.support.StandardServletMultipartResolver
4972:             1             16  org.springframework.web.servlet.config.annotation.WebMvcConfigurerComposite
4973:             1             16  org.springframework.web.servlet.handler.AbstractHandlerMethodMapping$EmptyHandler
4974:             1             16  org.springframework.web.servlet.handler.ConversionServiceExposingInterceptor
4975:             1             16  org.springframework.web.servlet.mvc.HttpRequestHandlerAdapter
4976:             1             16  org.springframework.web.servlet.mvc.SimpleControllerHandlerAdapter
4977:             1             16  org.springframework.web.servlet.mvc.method.annotation.AsyncTaskMethodReturnValueHandler
4978:             1             16  org.springframework.web.servlet.mvc.method.annotation.CallableMethodReturnValueHandler
4979:             1             16  org.springframework.web.servlet.mvc.method.annotation.DeferredResultMethodReturnValueHandler
4980:             1             16  org.springframework.web.servlet.mvc.method.annotation.DeferredResultMethodReturnValueHandler$CompletionStageAdapter
4981:             1             16  org.springframework.web.servlet.mvc.method.annotation.DeferredResultMethodReturnValueHandler$ListenableFutureAdapter
4982:             1             16  org.springframework.web.servlet.mvc.method.annotation.DeferredResultMethodReturnValueHandler$SimpleDeferredResultAdapter
4983:             1             16  org.springframework.web.servlet.mvc.method.annotation.HttpHeadersReturnValueHandler
4984:             1             16  org.springframework.web.servlet.mvc.method.annotation.JsonViewRequestBodyAdvice
4985:             1             16  org.springframework.web.servlet.mvc.method.annotation.RequestMappingHandlerAdapter$1
4986:             1             16  org.springframework.web.servlet.mvc.method.annotation.RequestMappingHandlerAdapter$2
4987:             1             16  org.springframework.web.servlet.mvc.method.annotation.ResponseBodyEmitterReturnValueHandler$SimpleResponseBodyEmitterAdapter
4988:             1             16  org.springframework.web.servlet.mvc.method.annotation.StreamingResponseBodyReturnValueHandler
4989:             1             16  org.springframework.web.servlet.mvc.method.annotation.UriComponentsBuilderMethodArgumentResolver
4990:             1             16  org.springframework.web.servlet.theme.FixedThemeResolver
4991:             1             16  org.springframework.web.servlet.view.AbstractCachingViewResolver$1
4992:             1             16  org.springframework.web.servlet.view.ContentNegotiatingViewResolver$1
4993:             1             16  org.springframework.web.servlet.view.freemarker.FreeMarkerView$DelegatingServletConfig
4994:             1             16  org.springframework.web.servlet.view.freemarker.FreeMarkerView$GenericServletAdapter
4995:             1             16  org.springframework.web.util.HierarchicalUriComponents$1
4996:             1             16  org.yaml.snakeyaml.constructor.SafeConstructor$ConstructUndefined
4997:             1             16  org.yaml.snakeyaml.external.com.google.gdata.util.common.base.UnicodeEscaper$2
4998:             1             16  sun.management.ClassLoadingImpl
4999:             1             16  sun.management.HotSpotDiagnostic
5000:             1             16  sun.management.ManagementFactoryHelper$PlatformLoggingImpl
5001:             1             16  sun.misc.ASCIICaseInsensitiveComparator
5002:             1             16  sun.misc.FloatingDecimal$1
5003:             1             16  sun.misc.FormattedFloatingDecimal$1
5004:             1             16  sun.misc.Launcher
5005:             1             16  sun.misc.Launcher$Factory
5006:             1             16  sun.misc.Perf
5007:             1             16  sun.misc.Unsafe
5008:             1             16  sun.net.www.protocol.jar.JarFileFactory
5009:             1             16  sun.nio.ch.ExtendedSocketOption$1
5010:             1             16  sun.nio.ch.FileChannelImpl$1
5011:             1             16  sun.nio.ch.Net$1
5012:             1             16  sun.nio.ch.Net$3
5013:             1             16  sun.nio.ch.Net$4
5014:             1             16  sun.nio.ch.Util$1
5015:             1             16  sun.nio.ch.Util$2
5016:             1             16  sun.nio.ch.WindowsSelectorProvider
5017:             1             16  sun.nio.cs.CharsetMapping$2
5018:             1             16  sun.nio.cs.CharsetMapping$3
5019:             1             16  sun.nio.cs.CharsetMapping$4
5020:             1             16  sun.nio.fs.WindowsFileSystemProvider
5021:             1             16  sun.reflect.GeneratedConstructorAccessor1
5022:             1             16  sun.reflect.GeneratedConstructorAccessor10
5023:             1             16  sun.reflect.GeneratedConstructorAccessor11
5024:             1             16  sun.reflect.GeneratedConstructorAccessor12
5025:             1             16  sun.reflect.GeneratedConstructorAccessor13
5026:             1             16  sun.reflect.GeneratedConstructorAccessor14
5027:             1             16  sun.reflect.GeneratedConstructorAccessor15
5028:             1             16  sun.reflect.GeneratedConstructorAccessor16
5029:             1             16  sun.reflect.GeneratedConstructorAccessor17
5030:             1             16  sun.reflect.GeneratedConstructorAccessor18
5031:             1             16  sun.reflect.GeneratedConstructorAccessor19
5032:             1             16  sun.reflect.GeneratedConstructorAccessor2
5033:             1             16  sun.reflect.GeneratedConstructorAccessor20
5034:             1             16  sun.reflect.GeneratedConstructorAccessor21
5035:             1             16  sun.reflect.GeneratedConstructorAccessor22
5036:             1             16  sun.reflect.GeneratedConstructorAccessor23
5037:             1             16  sun.reflect.GeneratedConstructorAccessor24
5038:             1             16  sun.reflect.GeneratedConstructorAccessor25
5039:             1             16  sun.reflect.GeneratedConstructorAccessor26
5040:             1             16  sun.reflect.GeneratedConstructorAccessor27
5041:             1             16  sun.reflect.GeneratedConstructorAccessor28
5042:             1             16  sun.reflect.GeneratedConstructorAccessor29
5043:             1             16  sun.reflect.GeneratedConstructorAccessor3
5044:             1             16  sun.reflect.GeneratedConstructorAccessor30
5045:             1             16  sun.reflect.GeneratedConstructorAccessor31
5046:             1             16  sun.reflect.GeneratedConstructorAccessor32
5047:             1             16  sun.reflect.GeneratedConstructorAccessor33
5048:             1             16  sun.reflect.GeneratedConstructorAccessor34
5049:             1             16  sun.reflect.GeneratedConstructorAccessor35
5050:             1             16  sun.reflect.GeneratedConstructorAccessor36
5051:             1             16  sun.reflect.GeneratedConstructorAccessor37
5052:             1             16  sun.reflect.GeneratedConstructorAccessor38
5053:             1             16  sun.reflect.GeneratedConstructorAccessor39
5054:             1             16  sun.reflect.GeneratedConstructorAccessor4
5055:             1             16  sun.reflect.GeneratedConstructorAccessor40
5056:             1             16  sun.reflect.GeneratedConstructorAccessor41
5057:             1             16  sun.reflect.GeneratedConstructorAccessor42
5058:             1             16  sun.reflect.GeneratedConstructorAccessor43
5059:             1             16  sun.reflect.GeneratedConstructorAccessor44
5060:             1             16  sun.reflect.GeneratedConstructorAccessor45
5061:             1             16  sun.reflect.GeneratedConstructorAccessor46
5062:             1             16  sun.reflect.GeneratedConstructorAccessor47
5063:             1             16  sun.reflect.GeneratedConstructorAccessor48
5064:             1             16  sun.reflect.GeneratedConstructorAccessor49
5065:             1             16  sun.reflect.GeneratedConstructorAccessor5
5066:             1             16  sun.reflect.GeneratedConstructorAccessor50
5067:             1             16  sun.reflect.GeneratedConstructorAccessor51
5068:             1             16  sun.reflect.GeneratedConstructorAccessor52
5069:             1             16  sun.reflect.GeneratedConstructorAccessor53
5070:             1             16  sun.reflect.GeneratedConstructorAccessor54
5071:             1             16  sun.reflect.GeneratedConstructorAccessor55
5072:             1             16  sun.reflect.GeneratedConstructorAccessor56
5073:             1             16  sun.reflect.GeneratedConstructorAccessor57
5074:             1             16  sun.reflect.GeneratedConstructorAccessor58
5075:             1             16  sun.reflect.GeneratedConstructorAccessor59
5076:             1             16  sun.reflect.GeneratedConstructorAccessor6
5077:             1             16  sun.reflect.GeneratedConstructorAccessor60
5078:             1             16  sun.reflect.GeneratedConstructorAccessor61
5079:             1             16  sun.reflect.GeneratedConstructorAccessor62
5080:             1             16  sun.reflect.GeneratedConstructorAccessor63
5081:             1             16  sun.reflect.GeneratedConstructorAccessor64
5082:             1             16  sun.reflect.GeneratedConstructorAccessor65
5083:             1             16  sun.reflect.GeneratedConstructorAccessor7
5084:             1             16  sun.reflect.GeneratedConstructorAccessor8
5085:             1             16  sun.reflect.GeneratedConstructorAccessor9
5086:             1             16  sun.reflect.GeneratedMethodAccessor1
5087:             1             16  sun.reflect.GeneratedMethodAccessor10
5088:             1             16  sun.reflect.GeneratedMethodAccessor11
5089:             1             16  sun.reflect.GeneratedMethodAccessor12
5090:             1             16  sun.reflect.GeneratedMethodAccessor13
5091:             1             16  sun.reflect.GeneratedMethodAccessor14
5092:             1             16  sun.reflect.GeneratedMethodAccessor15
5093:             1             16  sun.reflect.GeneratedMethodAccessor16
5094:             1             16  sun.reflect.GeneratedMethodAccessor17
5095:             1             16  sun.reflect.GeneratedMethodAccessor18
5096:             1             16  sun.reflect.GeneratedMethodAccessor19
5097:             1             16  sun.reflect.GeneratedMethodAccessor2
5098:             1             16  sun.reflect.GeneratedMethodAccessor20
5099:             1             16  sun.reflect.GeneratedMethodAccessor21
5100:             1             16  sun.reflect.GeneratedMethodAccessor22
5101:             1             16  sun.reflect.GeneratedMethodAccessor23
5102:             1             16  sun.reflect.GeneratedMethodAccessor24
5103:             1             16  sun.reflect.GeneratedMethodAccessor25
5104:             1             16  sun.reflect.GeneratedMethodAccessor26
5105:             1             16  sun.reflect.GeneratedMethodAccessor27
5106:             1             16  sun.reflect.GeneratedMethodAccessor28
5107:             1             16  sun.reflect.GeneratedMethodAccessor29
5108:             1             16  sun.reflect.GeneratedMethodAccessor3
5109:             1             16  sun.reflect.GeneratedMethodAccessor30
5110:             1             16  sun.reflect.GeneratedMethodAccessor31
5111:             1             16  sun.reflect.GeneratedMethodAccessor32
5112:             1             16  sun.reflect.GeneratedMethodAccessor33
5113:             1             16  sun.reflect.GeneratedMethodAccessor34
5114:             1             16  sun.reflect.GeneratedMethodAccessor35
5115:             1             16  sun.reflect.GeneratedMethodAccessor36
5116:             1             16  sun.reflect.GeneratedMethodAccessor37
5117:             1             16  sun.reflect.GeneratedMethodAccessor38
5118:             1             16  sun.reflect.GeneratedMethodAccessor39
5119:             1             16  sun.reflect.GeneratedMethodAccessor4
5120:             1             16  sun.reflect.GeneratedMethodAccessor40
5121:             1             16  sun.reflect.GeneratedMethodAccessor41
5122:             1             16  sun.reflect.GeneratedMethodAccessor42
5123:             1             16  sun.reflect.GeneratedMethodAccessor43
5124:             1             16  sun.reflect.GeneratedMethodAccessor44
5125:             1             16  sun.reflect.GeneratedMethodAccessor45
5126:             1             16  sun.reflect.GeneratedMethodAccessor46
5127:             1             16  sun.reflect.GeneratedMethodAccessor47
5128:             1             16  sun.reflect.GeneratedMethodAccessor48
5129:             1             16  sun.reflect.GeneratedMethodAccessor49
5130:             1             16  sun.reflect.GeneratedMethodAccessor5
5131:             1             16  sun.reflect.GeneratedMethodAccessor50
5132:             1             16  sun.reflect.GeneratedMethodAccessor51
5133:             1             16  sun.reflect.GeneratedMethodAccessor52
5134:             1             16  sun.reflect.GeneratedMethodAccessor53
5135:             1             16  sun.reflect.GeneratedMethodAccessor54
5136:             1             16  sun.reflect.GeneratedMethodAccessor55
5137:             1             16  sun.reflect.GeneratedMethodAccessor56
5138:             1             16  sun.reflect.GeneratedMethodAccessor57
5139:             1             16  sun.reflect.GeneratedMethodAccessor58
5140:             1             16  sun.reflect.GeneratedMethodAccessor59
5141:             1             16  sun.reflect.GeneratedMethodAccessor6
5142:             1             16  sun.reflect.GeneratedMethodAccessor60
5143:             1             16  sun.reflect.GeneratedMethodAccessor61
5144:             1             16  sun.reflect.GeneratedMethodAccessor62
5145:             1             16  sun.reflect.GeneratedMethodAccessor63
5146:             1             16  sun.reflect.GeneratedMethodAccessor64
5147:             1             16  sun.reflect.GeneratedMethodAccessor65
5148:             1             16  sun.reflect.GeneratedMethodAccessor66
5149:             1             16  sun.reflect.GeneratedMethodAccessor67
5150:             1             16  sun.reflect.GeneratedMethodAccessor68
5151:             1             16  sun.reflect.GeneratedMethodAccessor69
5152:             1             16  sun.reflect.GeneratedMethodAccessor7
5153:             1             16  sun.reflect.GeneratedMethodAccessor70
5154:             1             16  sun.reflect.GeneratedMethodAccessor71
5155:             1             16  sun.reflect.GeneratedMethodAccessor72
5156:             1             16  sun.reflect.GeneratedMethodAccessor73
5157:             1             16  sun.reflect.GeneratedMethodAccessor74
5158:             1             16  sun.reflect.GeneratedMethodAccessor75
5159:             1             16  sun.reflect.GeneratedMethodAccessor76
5160:             1             16  sun.reflect.GeneratedMethodAccessor77
5161:             1             16  sun.reflect.GeneratedMethodAccessor78
5162:             1             16  sun.reflect.GeneratedMethodAccessor79
5163:             1             16  sun.reflect.GeneratedMethodAccessor8
5164:             1             16  sun.reflect.GeneratedMethodAccessor80
5165:             1             16  sun.reflect.GeneratedMethodAccessor9
5166:             1             16  sun.reflect.GeneratedSerializationConstructorAccessor1
5167:             1             16  sun.reflect.GeneratedSerializationConstructorAccessor2
5168:             1             16  sun.reflect.ReflectionFactory
5169:             1             16  sun.reflect.annotation.TypeAnnotation$LocationInfo$Location
5170:             1             16  sun.reflect.generics.tree.BooleanSignature
5171:             1             16  sun.reflect.generics.tree.BottomSignature
5172:             1             16  sun.reflect.generics.tree.ByteSignature
5173:             1             16  sun.reflect.generics.tree.CharSignature
5174:             1             16  sun.reflect.generics.tree.IntSignature
5175:             1             16  sun.reflect.generics.tree.LongSignature
5176:             1             16  sun.reflect.generics.tree.VoidDescriptor
5177:             1             16  sun.security.action.GetBooleanAction
5178:             1             16  sun.security.action.OpenFileInputStreamAction
5179:             1             16  sun.security.ec.SunEC$1
5180:             1             16  sun.security.provider.NativeSeedGenerator
5181:             1             16  sun.security.provider.SunEntries
5182:             1             16  sun.security.rsa.SunRsaSignEntries
5183:             1             16  sun.security.ssl.DummyX509KeyManager
5184:             1             16  sun.security.ssl.EphemeralKeyManager
5185:             1             16  sun.security.ssl.JsseJce$KerberosAvailability$1
5186:             1             16  sun.security.ssl.SSLCipher$1
5187:             1             16  sun.security.ssl.SSLSocketFactoryImpl
5188:             1             16  sun.security.ssl.TrustStoreManager$TrustStoreDescriptor$1
5189:             1             16  sun.security.util.AnchorCertificates$1
5190:             1             16  sun.security.util.ByteArrayLexOrder
5191:             1             16  sun.security.util.ByteArrayTagOrder
5192:             1             16  sun.security.util.ECKeySizeParameterSpec
5193:             1             16  sun.security.util.UntrustedCertificates$1
5194:             1             16  sun.security.x509.X500Name$1
5195:             1             16  sun.text.normalizer.NormalizerBase$Mode
5196:             1             16  sun.text.normalizer.NormalizerBase$NFCMode
5197:             1             16  sun.text.normalizer.NormalizerBase$NFDMode
5198:             1             16  sun.text.normalizer.NormalizerBase$NFKCMode
5199:             1             16  sun.text.normalizer.NormalizerBase$NFKDMode
5200:             1             16  sun.util.calendar.Gregorian
5201:             1             16  sun.util.calendar.JulianCalendar
5202:             1             16  sun.util.locale.InternalLocaleBuilder$CaseInsensitiveChar
5203:             1             16  sun.util.locale.provider.AuxLocaleProviderAdapter$NullProvider
5204:             1             16  sun.util.locale.provider.CalendarDataUtility$CalendarWeekParameterGetter
5205:             1             16  sun.util.locale.provider.SPILocaleProviderAdapter
5206:             1             16  sun.util.locale.provider.TimeZoneNameUtility$TimeZoneNameGetter
5207:             1             16  sun.util.resources.LocaleData
5208:             1             16  sun.util.resources.LocaleData$LocaleDataResourceBundleControl
Total       5429575      614313600
